Archive member included because of file (symbol)

/usr/lib/gcc/arm-none-eabi/4.8.2/../../../arm-none-eabi/lib/armv7e-m/softfp/libg.a(lib_a-atexit.o)
                              /usr/lib/gcc/arm-none-eabi/4.8.2/../../../arm-none-eabi/lib/armv7e-m/softfp/crt0.o (atexit)
/usr/lib/gcc/arm-none-eabi/4.8.2/../../../arm-none-eabi/lib/armv7e-m/softfp/libg.a(lib_a-ctype_.o)
                              parser.o (__ctype_ptr__)
/usr/lib/gcc/arm-none-eabi/4.8.2/../../../arm-none-eabi/lib/armv7e-m/softfp/libg.a(lib_a-errno.o)
                              syscall.o (__errno)
/usr/lib/gcc/arm-none-eabi/4.8.2/../../../arm-none-eabi/lib/armv7e-m/softfp/libg.a(lib_a-exit.o)
                              /usr/lib/gcc/arm-none-eabi/4.8.2/../../../arm-none-eabi/lib/armv7e-m/softfp/crt0.o (exit)
/usr/lib/gcc/arm-none-eabi/4.8.2/../../../arm-none-eabi/lib/armv7e-m/softfp/libg.a(lib_a-fini.o)
                              /usr/lib/gcc/arm-none-eabi/4.8.2/../../../arm-none-eabi/lib/armv7e-m/softfp/crt0.o (__libc_fini_array)
/usr/lib/gcc/arm-none-eabi/4.8.2/../../../arm-none-eabi/lib/armv7e-m/softfp/libg.a(lib_a-impure.o)
                              /usr/lib/gcc/arm-none-eabi/4.8.2/../../../arm-none-eabi/lib/armv7e-m/softfp/libg.a(lib_a-exit.o) (_global_impure_ptr)
/usr/lib/gcc/arm-none-eabi/4.8.2/../../../arm-none-eabi/lib/armv7e-m/softfp/libg.a(lib_a-init.o)
                              /usr/lib/gcc/arm-none-eabi/4.8.2/../../../arm-none-eabi/lib/armv7e-m/softfp/crt0.o (__libc_init_array)
/usr/lib/gcc/arm-none-eabi/4.8.2/../../../arm-none-eabi/lib/armv7e-m/softfp/libg.a(lib_a-memset.o)
                              /usr/lib/gcc/arm-none-eabi/4.8.2/../../../arm-none-eabi/lib/armv7e-m/softfp/crt0.o (memset)
/usr/lib/gcc/arm-none-eabi/4.8.2/../../../arm-none-eabi/lib/armv7e-m/softfp/libg.a(lib_a-putchar.o)
                              parser.o (putchar)
/usr/lib/gcc/arm-none-eabi/4.8.2/../../../arm-none-eabi/lib/armv7e-m/softfp/libg.a(lib_a-puts.o)
                              main.o (puts)
/usr/lib/gcc/arm-none-eabi/4.8.2/../../../arm-none-eabi/lib/armv7e-m/softfp/libg.a(lib_a-setvbuf.o)
                              terminal.o (setvbuf)
/usr/lib/gcc/arm-none-eabi/4.8.2/../../../arm-none-eabi/lib/armv7e-m/softfp/libg.a(lib_a-strcasecmp.o)
                              parser.o (strcasecmp)
/usr/lib/gcc/arm-none-eabi/4.8.2/../../../arm-none-eabi/lib/armv7e-m/softfp/libg.a(lib_a-strcpy.o)
                              parser.o (strcpy)
/usr/lib/gcc/arm-none-eabi/4.8.2/../../../arm-none-eabi/lib/armv7e-m/softfp/libg.a(lib_a-strlen.o)
                              parser.o (strlen)
/usr/lib/gcc/arm-none-eabi/4.8.2/../../../arm-none-eabi/lib/armv7e-m/softfp/libg.a(lib_a-strtok.o)
                              parser.o (strtok)
/usr/lib/gcc/arm-none-eabi/4.8.2/../../../arm-none-eabi/lib/armv7e-m/softfp/libg.a(lib_a-strtok_r.o)
                              /usr/lib/gcc/arm-none-eabi/4.8.2/../../../arm-none-eabi/lib/armv7e-m/softfp/libg.a(lib_a-strtok.o) (__strtok_r)
/usr/lib/gcc/arm-none-eabi/4.8.2/../../../arm-none-eabi/lib/armv7e-m/softfp/libg.a(lib_a-strtol.o)
                              parser.o (strtol)
/usr/lib/gcc/arm-none-eabi/4.8.2/../../../arm-none-eabi/lib/armv7e-m/softfp/libg.a(lib_a-strtoul.o)
                              parser.o (strtoul)
/usr/lib/gcc/arm-none-eabi/4.8.2/../../../arm-none-eabi/lib/armv7e-m/softfp/libg.a(lib_a-__atexit.o)
                              /usr/lib/gcc/arm-none-eabi/4.8.2/../../../arm-none-eabi/lib/armv7e-m/softfp/libg.a(lib_a-atexit.o) (__register_exitproc)
/usr/lib/gcc/arm-none-eabi/4.8.2/../../../arm-none-eabi/lib/armv7e-m/softfp/libg.a(lib_a-__call_atexit.o)
                              /usr/lib/gcc/arm-none-eabi/4.8.2/../../../arm-none-eabi/lib/armv7e-m/softfp/libg.a(lib_a-exit.o) (__call_exitprocs)
/usr/lib/gcc/arm-none-eabi/4.8.2/../../../arm-none-eabi/lib/armv7e-m/softfp/libg.a(lib_a-fflush.o)
                              /usr/lib/gcc/arm-none-eabi/4.8.2/../../../arm-none-eabi/lib/armv7e-m/softfp/libg.a(lib_a-setvbuf.o) (_fflush_r)
/usr/lib/gcc/arm-none-eabi/4.8.2/../../../arm-none-eabi/lib/armv7e-m/softfp/libg.a(lib_a-findfp.o)
                              /usr/lib/gcc/arm-none-eabi/4.8.2/../../../arm-none-eabi/lib/armv7e-m/softfp/libg.a(lib_a-setvbuf.o) (_cleanup_r)
/usr/lib/gcc/arm-none-eabi/4.8.2/../../../arm-none-eabi/lib/armv7e-m/softfp/libg.a(lib_a-freer.o)
                              /usr/lib/gcc/arm-none-eabi/4.8.2/../../../arm-none-eabi/lib/armv7e-m/softfp/libg.a(lib_a-setvbuf.o) (_free_r)
/usr/lib/gcc/arm-none-eabi/4.8.2/../../../arm-none-eabi/lib/armv7e-m/softfp/libg.a(lib_a-fvwrite.o)
                              /usr/lib/gcc/arm-none-eabi/4.8.2/../../../arm-none-eabi/lib/armv7e-m/softfp/libg.a(lib_a-puts.o) (__sfvwrite_r)
/usr/lib/gcc/arm-none-eabi/4.8.2/../../../arm-none-eabi/lib/armv7e-m/softfp/libg.a(lib_a-fwalk.o)
                              /usr/lib/gcc/arm-none-eabi/4.8.2/../../../arm-none-eabi/lib/armv7e-m/softfp/libg.a(lib_a-findfp.o) (_fwalk)
[...]
Memory Configuration

Name             Origin             Length             Attributes
FLASH            0x0000000008000000 0x0000000000040000 xr
RAM              0x0000000020000000 0x000000000000a000 xrw
CCMRAM           0x0000000010000000 0x0000000000002000 rw
*default*        0x0000000000000000 0xffffffffffffffff

Linker script and memory map

LOAD /usr/lib/gcc/arm-none-eabi/4.8.2/armv7e-m/softfp/crti.o
LOAD /usr/lib/gcc/arm-none-eabi/4.8.2/armv7e-m/softfp/crtbegin.o
LOAD /usr/lib/gcc/arm-none-eabi/4.8.2/../../../arm-none-eabi/lib/armv7e-m/softfp/crt0.o
LOAD main.o
LOAD monitor.o
LOAD uart.o
LOAD parser.o
LOAD dump.o
LOAD syscall.o
LOAD terminal.o
LOAD decoder/decoder.o
LOAD decoder/STM32F30x_decoder.o
LOAD printf_stdarg.o
LOAD mytest.o
LOAD mycode.o
LOAD Drivers/CMSIS/Device/ST/STM32F3xx/Source/Templates/system_stm32f3xx.o
LOAD Drivers/STM32F3xx_HAL_Driver/Src/stm32f3xx_hal_rcc.o
LOAD Drivers/STM32F3xx_HAL_Driver/Src/stm32f3xx_hal.o
LOAD Drivers/STM32F3xx_HAL_Driver/Src/stm32f3xx_hal_cortex.o
LOAD Drivers/STM32F3xx_HAL_Driver/Src/stm32f3xx_hal_uart.o
LOAD Drivers/STM32F3xx_HAL_Driver/Src/stm32f3xx_hal_gpio.o
LOAD Drivers/STM32F3xx_HAL_Driver/Src/stm32f3xx_hal_pcd.o
LOAD Drivers/STM32F3xx_HAL_Driver/Src/stm32f3xx_hal_pcd_ex.o
LOAD Drivers/STM32F3xx_HAL_Driver/Src/stm32f3xx_hal_i2c.o
LOAD Drivers/STM32F3xx_HAL_Driver/Src/stm32f3xx_hal_spi.o
LOAD Drivers/STM32_USB_Device_Library/Core/Src/usbd_core.o
LOAD Drivers/STM32_USB_Device_Library/Core/Src/usbd_ctlreq.o
LOAD Drivers/STM32_USB_Device_Library/Core/Src/usbd_ioreq.o
LOAD Drivers/STM32_USB_Device_Library/Class/CDC/Src/usbd_cdc.o
LOAD usbd_conf.o
LOAD usbd_desc.o
LOAD usbd_cdc_interface.o
LOAD Drivers/BSP/STM32F3-Discovery/stm32f3_discovery.o
LOAD Drivers/BSP/STM32F3-Discovery/stm32f3_discovery_accelerometer.o
LOAD Drivers/BSP/STM32F3-Discovery/stm32f3_discovery_gyroscope.o
LOAD Drivers/BSP/Components/lsm303dlhc/lsm303dlhc.o
LOAD Drivers/BSP/Components/l3gd20/l3gd20.o
LOAD Drivers/CMSIS/Device/ST/STM32F3xx/Source/Templates/gcc/startup_stm32f303xc.o
START GROUP
LOAD /usr/lib/gcc/arm-none-eabi/4.8.2/armv7e-m/softfp/libgcc.a
LOAD /usr/lib/gcc/arm-none-eabi/4.8.2/../../../arm-none-eabi/lib/armv7e-m/softfp/libg.a
LOAD /usr/lib/gcc/arm-none-eabi/4.8.2/../../../arm-none-eabi/lib/armv7e-m/softfp/libc.a
END GROUP
LOAD /usr/lib/gcc/arm-none-eabi/4.8.2/armv7e-m/softfp/crtend.o
LOAD /usr/lib/gcc/arm-none-eabi/4.8.2/armv7e-m/softfp/crtn.o
                0x0000000020007fff                _estack = 0x20007fff
                0x0000000000000200                _Min_Heap_Size = 0x200
                0x0000000000000400                _Min_Stack_Size = 0x400

.isr_vector     0x0000000008000000      0x188
                0x0000000008000000                . = ALIGN (0x4)
 *(.isr_vector)
 .isr_vector    0x0000000008000000      0x188 Drivers/CMSIS/Device/ST/STM32F3xx/Source/Templates/gcc/startup_stm32f303xc.o
                0x0000000008000000                g_pfnVectors
                0x0000000008000188                . = ALIGN (0x4)

.text           0x0000000008000188     0x6aec
                0x0000000008000188                . = ALIGN (0x4)
 *(.text)
 .text          0x0000000008000188       0xc8 /usr/lib/gcc/arm-none-eabi/4.8.2/armv7e-m/softfp/crtbegin.o
 .text          0x0000000008000250       0x3c mycode.o
                0x0000000008000250                mytest
                0x0000000008000268                my_Tick
                0x000000000800027c                my_Loop
                0x0000000008000280                my_Init
 .text          0x000000000800028c      0x134 /usr/lib/gcc/arm-none-eabi/4.8.2/../../../arm-none-eabi/lib/armv7e-m/softfp/libg.a(lib_a-memcpy.o)
                0x000000000800028c                memcpy
 *(.text*)
 .text.CmdLED   0x00000000080003c0       0x5c main.o
                0x00000000080003c0                CmdLED
 .text.CmdAccel
                0x000000000800041c       0x28 main.o
                0x000000000800041c                CmdAccel
 .text.CmdGyro  0x0000000008000444       0x54 main.o
                0x0000000008000444                CmdGyro
 .text.CmdButton
                0x0000000008000498       0x2c main.o
                0x0000000008000498                CmdButton
 .text.Error_Handler
                0x00000000080004c4        0xa main.o
                0x00000000080004c4                Error_Handler
 *fill*         0x00000000080004ce        0x2 
 .text.startup.main
                0x00000000080004d0       0x94 main.o
                0x00000000080004d0                main
 .text.SysTick_Handler
                0x0000000008000564        0xe main.o
                0x0000000008000564                SysTick_Handler
 .text.CmdW     0x0000000008000572       0x1c monitor.o
                0x0000000008000572                CmdW
 *fill*         0x000000000800058e        0x2 
 .text.CmdR     0x0000000008000590       0x20 monitor.o
                0x0000000008000590                CmdR
 .text.parse    0x00000000080005b0       0xfc parser.o
                0x00000000080005b0                parse
 .text.TaskInput
                0x00000000080006ac      0x12c parser.o
                0x00000000080006ac                TaskInput
 .text.fetch_uint32_arg
                0x00000000080007d8       0x28 parser.o
                0x00000000080007d8                fetch_uint32_arg
 .text.fetch_string_arg
                0x0000000008000800       0x20 parser.o
                0x0000000008000800                fetch_string_arg
 .text.DumpBuffer
                0x0000000008000820       0xa4 dump.o
                0x0000000008000820                DumpBuffer
 .text.CmdDump  0x00000000080008c4       0x54 dump.o
                0x00000000080008c4                CmdDump
 .text._sbrk_r  0x0000000008000918       0x34 syscall.o
                0x0000000008000918                _sbrk_r
 .text._close_r
                0x000000000800094c        0x6 syscall.o
                0x000000000800094c                _close_r
 .text._fstat_r
                0x0000000008000952        0xa syscall.o
                0x0000000008000952                _fstat_r
 .text._isatty_r
                0x000000000800095c        0x4 syscall.o
                0x000000000800095c                _isatty_r
 .text._lseek_r
                0x0000000008000960        0x4 syscall.o
                0x0000000008000960                _lseek_r
 .text.USBD_CDC_DataIn
                0x0000000008000964       0x80 terminal.o
 .text.CmdStats
                0x00000000080009e4       0x50 terminal.o
                0x00000000080009e4                CmdStats
 .text.TerminalInit
                0x0000000008000a34       0x7c terminal.o
                0x0000000008000a34                TerminalInit
 .text.TerminalRead
                0x0000000008000ab0       0x48 terminal.o
                0x0000000008000ab0                TerminalRead
 .text._read_r  0x0000000008000af8        0xa terminal.o
                0x0000000008000af8                _read_r
 .text.TerminalReadNonBlock
                0x0000000008000b02       0x12 terminal.o
                0x0000000008000b02                TerminalReadNonBlock
 .text.TerminalReadAnyNonBlock
                0x0000000008000b14       0x12 terminal.o
                0x0000000008000b14                TerminalReadAnyNonBlock
 *fill*         0x0000000008000b26        0x2 
 .text.TerminalOutputBufferWrite
                0x0000000008000b28       0xf0 terminal.o
                0x0000000008000b28                TerminalOutputBufferWrite
 .text._write_r
                0x0000000008000c18       0x38 terminal.o
                0x0000000008000c18                _write_r
 .text.TerminalInputBufferWrite
                0x0000000008000c50       0x74 terminal.o
                0x0000000008000c50                TerminalInputBufferWrite
 .text.USB_LP_CAN_RX0_IRQHandler
                0x0000000008000cc4        0xc terminal.o
                0x0000000008000cc4                USB_LP_CAN_RX0_IRQHandler
 .text.DecodeReadRegister
                0x0000000008000cd0       0x40 decoder/decoder.o
                0x0000000008000cd0                DecodeReadRegister
 .text.DecodeWriteRegister
                0x0000000008000d10       0x3c decoder/decoder.o
                0x0000000008000d10                DecodeWriteRegister
 .text.DecodeField
                0x0000000008000d4c       0x40 decoder/decoder.o
                0x0000000008000d4c                DecodeField
 .text.DecodeRegister
                0x0000000008000d8c       0x4c decoder/decoder.o
                0x0000000008000d8c                DecodeRegister
 .text.DecodePeripheral
                0x0000000008000dd8       0x3c decoder/decoder.o
                0x0000000008000dd8                DecodePeripheral
 .text.DecodePrintPeripherals
                0x0000000008000e14       0x50 decoder/decoder.o
                0x0000000008000e14                DecodePrintPeripherals
 .text.DecodePrintRegisters
                0x0000000008000e64       0x54 decoder/decoder.o
                0x0000000008000e64                DecodePrintRegisters
 .text.CmdDecode
                0x0000000008000eb8      0x1f8 decoder/decoder.o
                0x0000000008000eb8                CmdDecode
 .text.printchar
                0x00000000080010b0       0x28 printf_stdarg.o
 .text.prints   0x00000000080010d8       0x82 printf_stdarg.o
 .text.printi   0x000000000800115a       0x9a printf_stdarg.o
 .text.print    0x00000000080011f4      0x120 printf_stdarg.o
 .text.printf   0x0000000008001314       0x1c printf_stdarg.o
                0x0000000008001314                printf
 .text.CmdTest  0x0000000008001330       0x30 mytest.o
                0x0000000008001330                CmdTest
 .text.SystemInit
                0x0000000008001360       0x68 Drivers/CMSIS/Device/ST/STM32F3xx/Source/Templates/system_stm32f3xx.o
                0x0000000008001360                SystemInit
 .text.HAL_RCC_OscConfig
                0x00000000080013c8      0x644 Drivers/STM32F3xx_HAL_Driver/Src/stm32f3xx_hal_rcc.o
                0x00000000080013c8                HAL_RCC_OscConfig
 .text.HAL_RCC_ClockConfig
                0x0000000008001a0c      0x2fc Drivers/STM32F3xx_HAL_Driver/Src/stm32f3xx_hal_rcc.o
                0x0000000008001a0c                HAL_RCC_ClockConfig
 .text.HAL_RCC_GetSysClockFreq
                0x0000000008001d08       0x6c Drivers/STM32F3xx_HAL_Driver/Src/stm32f3xx_hal_rcc.o
                0x0000000008001d08                HAL_RCC_GetSysClockFreq
 .text.HAL_RCC_GetHCLKFreq
                0x0000000008001d74       0x38 Drivers/STM32F3xx_HAL_Driver/Src/stm32f3xx_hal_rcc.o
                0x0000000008001d74                HAL_RCC_GetHCLKFreq
 .text.HAL_MspInit
                0x0000000008001dac        0x2 Drivers/STM32F3xx_HAL_Driver/Src/stm32f3xx_hal.o
                0x0000000008001dac                HAL_MspInit
 .text.HAL_InitTick
                0x0000000008001dae       0x24 Drivers/STM32F3xx_HAL_Driver/Src/stm32f3xx_hal.o
                0x0000000008001dae                HAL_InitTick
 *fill*         0x0000000008001dd2        0x2 
 .text.HAL_Init
                0x0000000008001dd4       0x24 Drivers/STM32F3xx_HAL_Driver/Src/stm32f3xx_hal.o
                0x0000000008001dd4                HAL_Init
 .text.HAL_IncTick
                0x0000000008001df8       0x10 Drivers/STM32F3xx_HAL_Driver/Src/stm32f3xx_hal.o
                0x0000000008001df8                HAL_IncTick
 .text.HAL_GetTick
                0x0000000008001e08        0xc Drivers/STM32F3xx_HAL_Driver/Src/stm32f3xx_hal.o
                0x0000000008001e08                HAL_GetTick
 .text.HAL_Delay
                0x0000000008001e14       0x1a Drivers/STM32F3xx_HAL_Driver/Src/stm32f3xx_hal.o
                0x0000000008001e14                HAL_Delay
 *fill*         0x0000000008001e2e        0x2 
 .text.HAL_NVIC_SetPriorityGrouping
                0x0000000008001e30       0x24 Drivers/STM32F3xx_HAL_Driver/Src/stm32f3xx_hal_cortex.o
                0x0000000008001e30                HAL_NVIC_SetPriorityGrouping
 .text.HAL_NVIC_SetPriority
                0x0000000008001e54       0x64 Drivers/STM32F3xx_HAL_Driver/Src/stm32f3xx_hal_cortex.o
                0x0000000008001e54                HAL_NVIC_SetPriority
 .text.HAL_NVIC_EnableIRQ
                0x0000000008001eb8       0x18 Drivers/STM32F3xx_HAL_Driver/Src/stm32f3xx_hal_cortex.o
                0x0000000008001eb8                HAL_NVIC_EnableIRQ
 .text.HAL_SYSTICK_Config
                0x0000000008001ed0       0x2c Drivers/STM32F3xx_HAL_Driver/Src/stm32f3xx_hal_cortex.o
                0x0000000008001ed0                HAL_SYSTICK_Config
 .text.HAL_GPIO_Init
                0x0000000008001efc      0x170 Drivers/STM32F3xx_HAL_Driver/Src/stm32f3xx_hal_gpio.o
                0x0000000008001efc                HAL_GPIO_Init
 .text.HAL_GPIO_ReadPin
                0x000000000800206c        0xc Drivers/STM32F3xx_HAL_Driver/Src/stm32f3xx_hal_gpio.o
                0x000000000800206c                HAL_GPIO_ReadPin
 .text.HAL_GPIO_WritePin
                0x0000000008002078        0xa Drivers/STM32F3xx_HAL_Driver/Src/stm32f3xx_hal_gpio.o
                0x0000000008002078                HAL_GPIO_WritePin
 .text.HAL_GPIO_TogglePin
                0x0000000008002082        0x8 Drivers/STM32F3xx_HAL_Driver/Src/stm32f3xx_hal_gpio.o
                0x0000000008002082                HAL_GPIO_TogglePin
 .text.HAL_PCD_Init
                0x000000000800208a       0x8c Drivers/STM32F3xx_HAL_Driver/Src/stm32f3xx_hal_pcd.o
                0x000000000800208a                HAL_PCD_Init
 .text.HAL_PCD_Start
                0x0000000008002116        0xc Drivers/STM32F3xx_HAL_Driver/Src/stm32f3xx_hal_pcd.o
                0x0000000008002116                HAL_PCD_Start
 .text.HAL_PCD_SetAddress
                0x0000000008002122       0x2c Drivers/STM32F3xx_HAL_Driver/Src/stm32f3xx_hal_pcd.o
                0x0000000008002122                HAL_PCD_SetAddress
 .text.HAL_PCD_EP_Open
                0x000000000800214e      0x346 Drivers/STM32F3xx_HAL_Driver/Src/stm32f3xx_hal_pcd.o
                0x000000000800214e                HAL_PCD_EP_Open
 .text.HAL_PCD_EP_Close
                0x0000000008002494      0x1b6 Drivers/STM32F3xx_HAL_Driver/Src/stm32f3xx_hal_pcd.o
                0x0000000008002494                HAL_PCD_EP_Close
 .text.HAL_PCD_EP_Receive
                0x000000000800264a       0xd0 Drivers/STM32F3xx_HAL_Driver/Src/stm32f3xx_hal_pcd.o
                0x000000000800264a                HAL_PCD_EP_Receive
 .text.HAL_PCD_EP_GetRxCount
                0x000000000800271a       0x10 Drivers/STM32F3xx_HAL_Driver/Src/stm32f3xx_hal_pcd.o
                0x000000000800271a                HAL_PCD_EP_GetRxCount
 .text.HAL_PCD_EP_Transmit
                0x000000000800272a      0x158 Drivers/STM32F3xx_HAL_Driver/Src/stm32f3xx_hal_pcd.o
                0x000000000800272a                HAL_PCD_EP_Transmit
 .text.HAL_PCD_IRQHandler
                0x0000000008002882      0x462 Drivers/STM32F3xx_HAL_Driver/Src/stm32f3xx_hal_pcd.o
                0x0000000008002882                HAL_PCD_IRQHandler
 .text.HAL_PCD_EP_SetStall
                0x0000000008002ce4       0xa2 Drivers/STM32F3xx_HAL_Driver/Src/stm32f3xx_hal_pcd.o
                0x0000000008002ce4                HAL_PCD_EP_SetStall
 .text.HAL_PCD_EP_ClrStall
                0x0000000008002d86       0xc8 Drivers/STM32F3xx_HAL_Driver/Src/stm32f3xx_hal_pcd.o
                0x0000000008002d86                HAL_PCD_EP_ClrStall
 .text.HAL_PCDEx_PMAConfig
                0x0000000008002e4e       0x34 Drivers/STM32F3xx_HAL_Driver/Src/stm32f3xx_hal_pcd_ex.o
                0x0000000008002e4e                HAL_PCDEx_PMAConfig
 .text.PCD_WritePMA
                0x0000000008002e82       0x2e Drivers/STM32F3xx_HAL_Driver/Src/stm32f3xx_hal_pcd_ex.o
                0x0000000008002e82                PCD_WritePMA
 .text.PCD_ReadPMA
                0x0000000008002eb0       0x22 Drivers/STM32F3xx_HAL_Driver/Src/stm32f3xx_hal_pcd_ex.o
                0x0000000008002eb0                PCD_ReadPMA
 .text.HAL_PCDEx_SetConnectionState
                0x0000000008002ed2        0x2 Drivers/STM32F3xx_HAL_Driver/Src/stm32f3xx_hal_pcd_ex.o
                0x0000000008002ed2                HAL_PCDEx_SetConnectionState
 .text.I2C_TransferConfig
                0x0000000008002ed4       0x24 Drivers/STM32F3xx_HAL_Driver/Src/stm32f3xx_hal_i2c.o
 .text.I2C_IsAcknowledgeFailed
                0x0000000008002ef8       0x90 Drivers/STM32F3xx_HAL_Driver/Src/stm32f3xx_hal_i2c.o
 .text.I2C_WaitOnFlagUntilTimeout
                0x0000000008002f88       0x68 Drivers/STM32F3xx_HAL_Driver/Src/stm32f3xx_hal_i2c.o
 .text.I2C_WaitOnTXISFlagUntilTimeout
                0x0000000008002ff0       0x54 Drivers/STM32F3xx_HAL_Driver/Src/stm32f3xx_hal_i2c.o
 .text.I2C_RequestMemoryWrite
                0x0000000008003044       0x66 Drivers/STM32F3xx_HAL_Driver/Src/stm32f3xx_hal_i2c.o
 .text.I2C_RequestMemoryRead
                0x00000000080030aa       0x64 Drivers/STM32F3xx_HAL_Driver/Src/stm32f3xx_hal_i2c.o
 .text.I2C_WaitOnSTOPFlagUntilTimeout
                0x000000000800310e       0x50 Drivers/STM32F3xx_HAL_Driver/Src/stm32f3xx_hal_i2c.o
 .text.HAL_I2C_MspInit
                0x000000000800315e        0x2 Drivers/STM32F3xx_HAL_Driver/Src/stm32f3xx_hal_i2c.o
                0x000000000800315e                HAL_I2C_MspInit
 .text.HAL_I2C_Init
                0x0000000008003160       0x90 Drivers/STM32F3xx_HAL_Driver/Src/stm32f3xx_hal_i2c.o
                0x0000000008003160                HAL_I2C_Init
 .text.HAL_I2C_MspDeInit
                0x00000000080031f0        0x2 Drivers/STM32F3xx_HAL_Driver/Src/stm32f3xx_hal_i2c.o
                0x00000000080031f0                HAL_I2C_MspDeInit
 .text.HAL_I2C_DeInit
                0x00000000080031f2       0x2e Drivers/STM32F3xx_HAL_Driver/Src/stm32f3xx_hal_i2c.o
                0x00000000080031f2                HAL_I2C_DeInit
 .text.HAL_I2C_Mem_Write
                0x0000000008003220       0xfc Drivers/STM32F3xx_HAL_Driver/Src/stm32f3xx_hal_i2c.o
                0x0000000008003220                HAL_I2C_Mem_Write
 .text.HAL_I2C_Mem_Read
                0x000000000800331c      0x108 Drivers/STM32F3xx_HAL_Driver/Src/stm32f3xx_hal_i2c.o
                0x000000000800331c                HAL_I2C_Mem_Read
 .text.HAL_I2C_GetState
                0x0000000008003424        0x6 Drivers/STM32F3xx_HAL_Driver/Src/stm32f3xx_hal_i2c.o
                0x0000000008003424                HAL_I2C_GetState
 .text.SPI_WaitFlagStateUntilTimeout
                0x000000000800342a       0x8a Drivers/STM32F3xx_HAL_Driver/Src/stm32f3xx_hal_spi.o
 .text.SPI_WaitFifoStateUntilTimeout
                0x00000000080034b4       0x9a Drivers/STM32F3xx_HAL_Driver/Src/stm32f3xx_hal_spi.o
 .text.SPI_EndRxTxTransaction
                0x000000000800354e       0x42 Drivers/STM32F3xx_HAL_Driver/Src/stm32f3xx_hal_spi.o
 .text.HAL_SPI_MspInit
                0x0000000008003590        0x2 Drivers/STM32F3xx_HAL_Driver/Src/stm32f3xx_hal_spi.o
                0x0000000008003590                HAL_SPI_MspInit
 .text.HAL_SPI_Init
                0x0000000008003592       0xa4 Drivers/STM32F3xx_HAL_Driver/Src/stm32f3xx_hal_spi.o
                0x0000000008003592                HAL_SPI_Init
 .text.HAL_SPI_MspDeInit
                0x0000000008003636        0x2 Drivers/STM32F3xx_HAL_Driver/Src/stm32f3xx_hal_spi.o
                0x0000000008003636                HAL_SPI_MspDeInit
 .text.HAL_SPI_DeInit
                0x0000000008003638       0x2e Drivers/STM32F3xx_HAL_Driver/Src/stm32f3xx_hal_spi.o
                0x0000000008003638                HAL_SPI_DeInit
 .text.HAL_SPI_TransmitReceive
                0x0000000008003666      0x284 Drivers/STM32F3xx_HAL_Driver/Src/stm32f3xx_hal_spi.o
                0x0000000008003666                HAL_SPI_TransmitReceive
 .text.HAL_SPI_GetState
                0x00000000080038ea        0x6 Drivers/STM32F3xx_HAL_Driver/Src/stm32f3xx_hal_spi.o
                0x00000000080038ea                HAL_SPI_GetState
 .text.USBD_Init
                0x00000000080038f0       0x2a Drivers/STM32_USB_Device_Library/Core/Src/usbd_core.o
                0x00000000080038f0                USBD_Init
 .text.USBD_RegisterClass
                0x000000000800391a        0xe Drivers/STM32_USB_Device_Library/Core/Src/usbd_core.o
                0x000000000800391a                USBD_RegisterClass
 .text.USBD_Start
                0x0000000008003928        0xa Drivers/STM32_USB_Device_Library/Core/Src/usbd_core.o
                0x0000000008003928                USBD_Start
 .text.USBD_SetClassConfig
                0x0000000008003932       0x16 Drivers/STM32_USB_Device_Library/Core/Src/usbd_core.o
                0x0000000008003932                USBD_SetClassConfig
 .text.USBD_ClrClassConfig
                0x0000000008003948        0xe Drivers/STM32_USB_Device_Library/Core/Src/usbd_core.o
                0x0000000008003948                USBD_ClrClassConfig
 .text.USBD_LL_SetupStage
                0x0000000008003956       0x5a Drivers/STM32_USB_Device_Library/Core/Src/usbd_core.o
                0x0000000008003956                USBD_LL_SetupStage
 .text.USBD_LL_DataOutStage
                0x00000000080039b0       0x60 Drivers/STM32_USB_Device_Library/Core/Src/usbd_core.o
                0x00000000080039b0                USBD_LL_DataOutStage
 .text.USBD_LL_DataInStage
                0x0000000008003a10       0x8a Drivers/STM32_USB_Device_Library/Core/Src/usbd_core.o
                0x0000000008003a10                USBD_LL_DataInStage
 .text.USBD_LL_Reset
                0x0000000008003a9a       0x3e Drivers/STM32_USB_Device_Library/Core/Src/usbd_core.o
                0x0000000008003a9a                USBD_LL_Reset
 .text.USBD_LL_SetSpeed
                0x0000000008003ad8        0x6 Drivers/STM32_USB_Device_Library/Core/Src/usbd_core.o
                0x0000000008003ad8                USBD_LL_SetSpeed
 .text.USBD_LL_SOF
                0x0000000008003ade       0x18 Drivers/STM32_USB_Device_Library/Core/Src/usbd_core.o
                0x0000000008003ade                USBD_LL_SOF
 .text.USBD_ParseSetupRequest
                0x0000000008003af6       0x28 Drivers/STM32_USB_Device_Library/Core/Src/usbd_ctlreq.o
                0x0000000008003af6                USBD_ParseSetupRequest
 .text.USBD_CtlError
                0x0000000008003b1e       0x16 Drivers/STM32_USB_Device_Library/Core/Src/usbd_ctlreq.o
                0x0000000008003b1e                USBD_CtlError
 .text.USBD_StdDevReq
                0x0000000008003b34      0x218 Drivers/STM32_USB_Device_Library/Core/Src/usbd_ctlreq.o
                0x0000000008003b34                USBD_StdDevReq
 .text.USBD_StdItfReq
                0x0000000008003d4c       0x30 Drivers/STM32_USB_Device_Library/Core/Src/usbd_ctlreq.o
                0x0000000008003d4c                USBD_StdItfReq
 .text.USBD_StdEPReq
                0x0000000008003d7c       0xb4 Drivers/STM32_USB_Device_Library/Core/Src/usbd_ctlreq.o
                0x0000000008003d7c                USBD_StdEPReq
 .text.USBD_GetString
                0x0000000008003e30       0x3c Drivers/STM32_USB_Device_Library/Core/Src/usbd_ctlreq.o
                0x0000000008003e30                USBD_GetString
 .text.USBD_CtlSendData
                0x0000000008003e6c       0x1c Drivers/STM32_USB_Device_Library/Core/Src/usbd_ioreq.o
                0x0000000008003e6c                USBD_CtlSendData
 .text.USBD_CtlContinueSendData
                0x0000000008003e88       0x12 Drivers/STM32_USB_Device_Library/Core/Src/usbd_ioreq.o
                0x0000000008003e88                USBD_CtlContinueSendData
 .text.USBD_CtlPrepareRx
                0x0000000008003e9a       0x20 Drivers/STM32_USB_Device_Library/Core/Src/usbd_ioreq.o
                0x0000000008003e9a                USBD_CtlPrepareRx
 .text.USBD_CtlContinueRx
                0x0000000008003eba       0x12 Drivers/STM32_USB_Device_Library/Core/Src/usbd_ioreq.o
                0x0000000008003eba                USBD_CtlContinueRx
 .text.USBD_CtlSendStatus
                0x0000000008003ecc       0x16 Drivers/STM32_USB_Device_Library/Core/Src/usbd_ioreq.o
                0x0000000008003ecc                USBD_CtlSendStatus
 .text.USBD_CtlReceiveStatus
                0x0000000008003ee2       0x16 Drivers/STM32_USB_Device_Library/Core/Src/usbd_ioreq.o
                0x0000000008003ee2                USBD_CtlReceiveStatus
 .text.USBD_CDC_DataIn
                0x0000000008003ef8       0x12 Drivers/STM32_USB_Device_Library/Class/CDC/Src/usbd_cdc.o
 .text.USBD_CDC_EP0_RxReady
                0x0000000008003f0a       0x28 Drivers/STM32_USB_Device_Library/Class/CDC/Src/usbd_cdc.o
 *fill*         0x0000000008003f32        0x2 
 .text.USBD_CDC_GetFSCfgDesc
                0x0000000008003f34        0xc Drivers/STM32_USB_Device_Library/Class/CDC/Src/usbd_cdc.o
 .text.USBD_CDC_GetHSCfgDesc
                0x0000000008003f40        0xc Drivers/STM32_USB_Device_Library/Class/CDC/Src/usbd_cdc.o
 .text.USBD_CDC_GetOtherSpeedCfgDesc
                0x0000000008003f4c        0xc Drivers/STM32_USB_Device_Library/Class/CDC/Src/usbd_cdc.o
 .text.USBD_CDC_GetDeviceQualifierDescriptor
                0x0000000008003f58        0xc Drivers/STM32_USB_Device_Library/Class/CDC/Src/usbd_cdc.o
                0x0000000008003f58                USBD_CDC_GetDeviceQualifierDescriptor
 .text.USBD_CDC_DataOut
                0x0000000008003f64       0x2e Drivers/STM32_USB_Device_Library/Class/CDC/Src/usbd_cdc.o
 .text.USBD_CDC_Setup
                0x0000000008003f92       0x5a Drivers/STM32_USB_Device_Library/Class/CDC/Src/usbd_cdc.o
 .text.USBD_CDC_DeInit
                0x0000000008003fec       0x3a Drivers/STM32_USB_Device_Library/Class/CDC/Src/usbd_cdc.o
 .text.USBD_CDC_Init
                0x0000000008004026       0x86 Drivers/STM32_USB_Device_Library/Class/CDC/Src/usbd_cdc.o
 .text.USBD_CDC_RegisterInterface
                0x00000000080040ac        0xe Drivers/STM32_USB_Device_Library/Class/CDC/Src/usbd_cdc.o
                0x00000000080040ac                USBD_CDC_RegisterInterface
 .text.USBD_CDC_SetTxBuffer
                0x00000000080040ba       0x10 Drivers/STM32_USB_Device_Library/Class/CDC/Src/usbd_cdc.o
                0x00000000080040ba                USBD_CDC_SetTxBuffer
 .text.USBD_CDC_SetRxBuffer
                0x00000000080040ca        0xc Drivers/STM32_USB_Device_Library/Class/CDC/Src/usbd_cdc.o
                0x00000000080040ca                USBD_CDC_SetRxBuffer
 .text.USBD_CDC_TransmitPacket
                0x00000000080040d6       0x2e Drivers/STM32_USB_Device_Library/Class/CDC/Src/usbd_cdc.o
                0x00000000080040d6                USBD_CDC_TransmitPacket
 .text.USBD_CDC_ReceivePacket
                0x0000000008004104       0x26 Drivers/STM32_USB_Device_Library/Class/CDC/Src/usbd_cdc.o
                0x0000000008004104                USBD_CDC_ReceivePacket
 *fill*         0x000000000800412a        0x2 
 .text.HAL_PCD_MspInit
                0x000000000800412c       0x9c usbd_conf.o
                0x000000000800412c                HAL_PCD_MspInit
 .text.HAL_PCD_SetupStageCallback
                0x00000000080041c8        0xe usbd_conf.o
                0x00000000080041c8                HAL_PCD_SetupStageCallback
 .text.HAL_PCD_DataOutStageCallback
                0x00000000080041d6       0x12 usbd_conf.o
                0x00000000080041d6                HAL_PCD_DataOutStageCallback
 .text.HAL_PCD_DataInStageCallback
                0x00000000080041e8       0x10 usbd_conf.o
                0x00000000080041e8                HAL_PCD_DataInStageCallback
 .text.HAL_PCD_SOFCallback
                0x00000000080041f8        0x8 usbd_conf.o
                0x00000000080041f8                HAL_PCD_SOFCallback
 .text.HAL_PCD_ResetCallback
                0x0000000008004200       0x1a usbd_conf.o
                0x0000000008004200                HAL_PCD_ResetCallback
 .text.HAL_PCD_SuspendCallback
                0x000000000800421a        0x2 usbd_conf.o
                0x000000000800421a                HAL_PCD_SuspendCallback
 .text.HAL_PCD_ResumeCallback
                0x000000000800421c        0x2 usbd_conf.o
                0x000000000800421c                HAL_PCD_ResumeCallback
 *fill*         0x000000000800421e        0x2 
 .text.USBD_LL_Init
                0x0000000008004220       0x7c usbd_conf.o
                0x0000000008004220                USBD_LL_Init
 .text.USBD_LL_Start
                0x000000000800429c        0xe usbd_conf.o
                0x000000000800429c                USBD_LL_Start
 .text.USBD_LL_OpenEP
                0x00000000080042aa       0x14 usbd_conf.o
                0x00000000080042aa                USBD_LL_OpenEP
 .text.USBD_LL_CloseEP
                0x00000000080042be        0xe usbd_conf.o
                0x00000000080042be                USBD_LL_CloseEP
 .text.USBD_LL_StallEP
                0x00000000080042cc        0xe usbd_conf.o
                0x00000000080042cc                USBD_LL_StallEP
 .text.USBD_LL_ClearStallEP
                0x00000000080042da        0xe usbd_conf.o
                0x00000000080042da                USBD_LL_ClearStallEP
 .text.USBD_LL_IsStallEP
                0x00000000080042e8       0x26 usbd_conf.o
                0x00000000080042e8                USBD_LL_IsStallEP
 .text.USBD_LL_SetUSBAddress
                0x000000000800430e        0xe usbd_conf.o
                0x000000000800430e                USBD_LL_SetUSBAddress
 .text.USBD_LL_Transmit
                0x000000000800431c        0xe usbd_conf.o
                0x000000000800431c                USBD_LL_Transmit
 .text.USBD_LL_PrepareReceive
                0x000000000800432a        0xe usbd_conf.o
                0x000000000800432a                USBD_LL_PrepareReceive
 .text.USBD_LL_GetRxDataSize
                0x0000000008004338        0xc usbd_conf.o
                0x0000000008004338                USBD_LL_GetRxDataSize
 .text.USBD_static_malloc
                0x0000000008004344        0x8 usbd_conf.o
                0x0000000008004344                USBD_static_malloc
 .text.USBD_static_free
                0x000000000800434c        0x2 usbd_conf.o
                0x000000000800434c                USBD_static_free
 *fill*         0x000000000800434e        0x2 
 .text.USBD_VCP_DeviceDescriptor
                0x0000000008004350        0xc usbd_desc.o
                0x0000000008004350                USBD_VCP_DeviceDescriptor
 .text.USBD_VCP_LangIDStrDescriptor
                0x000000000800435c        0xc usbd_desc.o
                0x000000000800435c                USBD_VCP_LangIDStrDescriptor
 .text.IntToUnicode
                0x0000000008004368       0x28 usbd_desc.o
 .text.USBD_VCP_SerialStrDescriptor
                0x0000000008004390       0x3c usbd_desc.o
                0x0000000008004390                USBD_VCP_SerialStrDescriptor
 .text.USBD_VCP_ProductStrDescriptor
                0x00000000080043cc       0x1c usbd_desc.o
                0x00000000080043cc                USBD_VCP_ProductStrDescriptor
 .text.USBD_VCP_ManufacturerStrDescriptor
                0x00000000080043e8       0x1c usbd_desc.o
                0x00000000080043e8                USBD_VCP_ManufacturerStrDescriptor
 .text.USBD_VCP_ConfigStrDescriptor
                0x0000000008004404       0x1c usbd_desc.o
                0x0000000008004404                USBD_VCP_ConfigStrDescriptor
 .text.USBD_VCP_InterfaceStrDescriptor
                0x0000000008004420       0x1c usbd_desc.o
                0x0000000008004420                USBD_VCP_InterfaceStrDescriptor
 .text.CDC_Itf_DeInit
                0x000000000800443c        0x4 usbd_cdc_interface.o
 .text.CDC_Itf_Receive
                0x0000000008004440       0x20 usbd_cdc_interface.o
 .text.CDC_Itf_Init
                0x0000000008004460       0x18 usbd_cdc_interface.o
 .text.CDC_Itf_Control
                0x0000000008004478       0x58 usbd_cdc_interface.o
 .text.SPIx_Init
                0x00000000080044d0       0x80 Drivers/BSP/STM32F3-Discovery/stm32f3_discovery.o
 .text.SPIx_WriteRead
                0x0000000008004550       0x40 Drivers/BSP/STM32F3-Discovery/stm32f3_discovery.o
 .text.I2Cx_Init
                0x0000000008004590       0x6c Drivers/BSP/STM32F3-Discovery/stm32f3_discovery.o
 .text.BSP_LED_Init
                0x00000000080045fc       0x68 Drivers/BSP/STM32F3-Discovery/stm32f3_discovery.o
                0x00000000080045fc                BSP_LED_Init
 .text.BSP_LED_On
                0x0000000008004664       0x1c Drivers/BSP/STM32F3-Discovery/stm32f3_discovery.o
                0x0000000008004664                BSP_LED_On
 .text.BSP_LED_Off
                0x0000000008004680       0x1c Drivers/BSP/STM32F3-Discovery/stm32f3_discovery.o
                0x0000000008004680                BSP_LED_Off
 .text.BSP_LED_Toggle
                0x000000000800469c       0x1c Drivers/BSP/STM32F3-Discovery/stm32f3_discovery.o
                0x000000000800469c                BSP_LED_Toggle
 .text.BSP_PB_Init
                0x00000000080046b8       0x74 Drivers/BSP/STM32F3-Discovery/stm32f3_discovery.o
                0x00000000080046b8                BSP_PB_Init
 .text.BSP_PB_GetState
                0x000000000800472c       0x14 Drivers/BSP/STM32F3-Discovery/stm32f3_discovery.o
                0x000000000800472c                BSP_PB_GetState
 .text.GYRO_IO_Init
                0x0000000008004740       0x68 Drivers/BSP/STM32F3-Discovery/stm32f3_discovery.o
                0x0000000008004740                GYRO_IO_Init
 .text.GYRO_IO_Write
                0x00000000080047a8       0x44 Drivers/BSP/STM32F3-Discovery/stm32f3_discovery.o
                0x00000000080047a8                GYRO_IO_Write
 .text.GYRO_IO_Read
                0x00000000080047ec       0x48 Drivers/BSP/STM32F3-Discovery/stm32f3_discovery.o
                0x00000000080047ec                GYRO_IO_Read
 .text.COMPASSACCELERO_IO_Init
                0x0000000008004834       0x64 Drivers/BSP/STM32F3-Discovery/stm32f3_discovery.o
                0x0000000008004834                COMPASSACCELERO_IO_Init
 .text.COMPASSACCELERO_IO_ITConfig
                0x0000000008004898       0x48 Drivers/BSP/STM32F3-Discovery/stm32f3_discovery.o
                0x0000000008004898                COMPASSACCELERO_IO_ITConfig
 .text.COMPASSACCELERO_IO_Write
                0x00000000080048e0       0x3c Drivers/BSP/STM32F3-Discovery/stm32f3_discovery.o
                0x00000000080048e0                COMPASSACCELERO_IO_Write
 .text.COMPASSACCELERO_IO_Read
                0x000000000800491c       0x40 Drivers/BSP/STM32F3-Discovery/stm32f3_discovery.o
                0x000000000800491c                COMPASSACCELERO_IO_Read
 .text.BSP_ACCELERO_Init
                0x000000000800495c       0x30 Drivers/BSP/STM32F3-Discovery/stm32f3_discovery_accelerometer.o
                0x000000000800495c                BSP_ACCELERO_Init
 .text.BSP_ACCELERO_GetXYZ
                0x000000000800498c       0x14 Drivers/BSP/STM32F3-Discovery/stm32f3_discovery_accelerometer.o
                0x000000000800498c                BSP_ACCELERO_GetXYZ
 .text.BSP_GYRO_Init
                0x00000000080049a0       0x44 Drivers/BSP/STM32F3-Discovery/stm32f3_discovery_gyroscope.o
                0x00000000080049a0                BSP_GYRO_Init
 .text.BSP_GYRO_GetXYZ
                0x00000000080049e4       0x14 Drivers/BSP/STM32F3-Discovery/stm32f3_discovery_gyroscope.o
                0x00000000080049e4                BSP_GYRO_GetXYZ
 .text.LSM303DLHC_AccInit
                0x00000000080049f8       0x20 Drivers/BSP/Components/lsm303dlhc/lsm303dlhc.o
                0x00000000080049f8                LSM303DLHC_AccInit
 .text.LSM303DLHC_AccReadID
                0x0000000008004a18       0x12 Drivers/BSP/Components/lsm303dlhc/lsm303dlhc.o
                0x0000000008004a18                LSM303DLHC_AccReadID
 .text.LSM303DLHC_AccRebootCmd
                0x0000000008004a2a       0x1c Drivers/BSP/Components/lsm303dlhc/lsm303dlhc.o
                0x0000000008004a2a                LSM303DLHC_AccRebootCmd
 .text.LSM303DLHC_AccFilterConfig
                0x0000000008004a46       0x1e Drivers/BSP/Components/lsm303dlhc/lsm303dlhc.o
                0x0000000008004a46                LSM303DLHC_AccFilterConfig
 .text.LSM303DLHC_AccFilterCmd
                0x0000000008004a64       0x1e Drivers/BSP/Components/lsm303dlhc/lsm303dlhc.o
                0x0000000008004a64                LSM303DLHC_AccFilterCmd
 .text.LSM303DLHC_AccReadXYZ
                0x0000000008004a82       0xee Drivers/BSP/Components/lsm303dlhc/lsm303dlhc.o
                0x0000000008004a82                LSM303DLHC_AccReadXYZ
 .text.LSM303DLHC_AccFilterClickCmd
                0x0000000008004b70       0x1e Drivers/BSP/Components/lsm303dlhc/lsm303dlhc.o
                0x0000000008004b70                LSM303DLHC_AccFilterClickCmd
 .text.LSM303DLHC_AccIT1Enable
                0x0000000008004b8e       0x1e Drivers/BSP/Components/lsm303dlhc/lsm303dlhc.o
                0x0000000008004b8e                LSM303DLHC_AccIT1Enable
 .text.LSM303DLHC_AccClickITEnable
                0x0000000008004bac       0x46 Drivers/BSP/Components/lsm303dlhc/lsm303dlhc.o
                0x0000000008004bac                LSM303DLHC_AccClickITEnable
 .text.LSM303DLHC_AccZClickITConfig
                0x0000000008004bf2       0x1c Drivers/BSP/Components/lsm303dlhc/lsm303dlhc.o
                0x0000000008004bf2                LSM303DLHC_AccZClickITConfig
 .text.L3GD20_Init
                0x0000000008004c0e       0x32 Drivers/BSP/Components/l3gd20/l3gd20.o
                0x0000000008004c0e                L3GD20_Init
 .text.L3GD20_ReadID
                0x0000000008004c40       0x1c Drivers/BSP/Components/l3gd20/l3gd20.o
                0x0000000008004c40                L3GD20_ReadID
 .text.L3GD20_RebootCmd
                0x0000000008004c5c       0x2c Drivers/BSP/Components/l3gd20/l3gd20.o
                0x0000000008004c5c                L3GD20_RebootCmd
 .text.L3GD20_INT1InterruptConfig
                0x0000000008004c88       0x5c Drivers/BSP/Components/l3gd20/l3gd20.o
                0x0000000008004c88                L3GD20_INT1InterruptConfig
 .text.L3GD20_EnableIT
                0x0000000008004ce4       0x40 Drivers/BSP/Components/l3gd20/l3gd20.o
                0x0000000008004ce4                L3GD20_EnableIT
 .text.L3GD20_DisableIT
                0x0000000008004d24       0x3c Drivers/BSP/Components/l3gd20/l3gd20.o
                0x0000000008004d24                L3GD20_DisableIT
 .text.L3GD20_FilterConfig
                0x0000000008004d60       0x2e Drivers/BSP/Components/l3gd20/l3gd20.o
                0x0000000008004d60                L3GD20_FilterConfig
 .text.L3GD20_FilterCmd
                0x0000000008004d8e       0x2e Drivers/BSP/Components/l3gd20/l3gd20.o
                0x0000000008004d8e                L3GD20_FilterCmd
 .text.L3GD20_ReadXYZAngRate
                0x0000000008004dbc       0xdc Drivers/BSP/Components/l3gd20/l3gd20.o
                0x0000000008004dbc                L3GD20_ReadXYZAngRate
 .text.Reset_Handler
                0x0000000008004e98       0x50 Drivers/CMSIS/Device/ST/STM32F3xx/Source/Templates/gcc/startup_stm32f303xc.o
                0x0000000008004e98                Reset_Handler
 .text.Default_Handler
                0x0000000008004ee8        0x2 Drivers/CMSIS/Device/ST/STM32F3xx/Source/Templates/gcc/startup_stm32f303xc.o
                0x0000000008004ee8                RTC_Alarm_IRQHandler
                0x0000000008004ee8                TIM8_TRG_COM_IRQHandler
                0x0000000008004ee8                TIM8_CC_IRQHandler
                0x0000000008004ee8                DebugMon_Handler
                0x0000000008004ee8                TIM1_CC_IRQHandler
                0x0000000008004ee8                HardFault_Handler
                0x0000000008004ee8                USB_HP_IRQHandler
                0x0000000008004ee8                PVD_IRQHandler
                0x0000000008004ee8                TAMP_STAMP_IRQHandler
                0x0000000008004ee8                PendSV_Handler
                0x0000000008004ee8                NMI_Handler
                0x0000000008004ee8                EXTI3_IRQHandler
                0x0000000008004ee8                USB_HP_CAN_TX_IRQHandler
                0x0000000008004ee8                EXTI0_IRQHandler
                0x0000000008004ee8                I2C2_EV_IRQHandler
                0x0000000008004ee8                FPU_IRQHandler
                0x0000000008004ee8                TIM1_UP_TIM16_IRQHandler
                0x0000000008004ee8                UsageFault_Handler
                0x0000000008004ee8                ADC1_2_IRQHandler
                0x0000000008004ee8                SPI1_IRQHandler
                0x0000000008004ee8                CAN_SCE_IRQHandler
                0x0000000008004ee8                TIM6_DAC_IRQHandler
                0x0000000008004ee8                TIM8_UP_IRQHandler
                0x0000000008004ee8                DMA2_Channel2_IRQHandler
                0x0000000008004ee8                DMA1_Channel4_IRQHandler
                0x0000000008004ee8                USART3_IRQHandler
                0x0000000008004ee8                DMA1_Channel7_IRQHandler
                0x0000000008004ee8                UART5_IRQHandler
                0x0000000008004ee8                ADC3_IRQHandler
                0x0000000008004ee8                TIM4_IRQHandler
                0x0000000008004ee8                CAN_RX1_IRQHandler
                0x0000000008004ee8                DMA2_Channel1_IRQHandler
                0x0000000008004ee8                I2C1_EV_IRQHandler
                0x0000000008004ee8                DMA1_Channel6_IRQHandler
                0x0000000008004ee8                UART4_IRQHandler
                0x0000000008004ee8                DMA2_Channel4_IRQHandler
                0x0000000008004ee8                TIM3_IRQHandler
                0x0000000008004ee8                RCC_IRQHandler
                0x0000000008004ee8                DMA1_Channel1_IRQHandler
                0x0000000008004ee8                Default_Handler
                0x0000000008004ee8                USBWakeUp_RMP_IRQHandler
                0x0000000008004ee8                EXTI15_10_IRQHandler
                0x0000000008004ee8                TIM7_IRQHandler
                0x0000000008004ee8                EXTI9_5_IRQHandler
                0x0000000008004ee8                RTC_WKUP_IRQHandler
                0x0000000008004ee8                SPI2_IRQHandler
                0x0000000008004ee8                MemManage_Handler
                0x0000000008004ee8                SVC_Handler
                0x0000000008004ee8                DMA2_Channel5_IRQHandler
                0x0000000008004ee8                DMA1_Channel5_IRQHandler
                0x0000000008004ee8                USB_LP_IRQHandler
                0x0000000008004ee8                EXTI4_IRQHandler
                0x0000000008004ee8                TIM1_TRG_COM_TIM17_IRQHandler
                0x0000000008004ee8                DMA1_Channel3_IRQHandler
                0x0000000008004ee8                ADC4_IRQHandler
                0x0000000008004ee8                WWDG_IRQHandler
                0x0000000008004ee8                TIM2_IRQHandler
                0x0000000008004ee8                COMP7_IRQHandler
                0x0000000008004ee8                COMP1_2_3_IRQHandler
                0x0000000008004ee8                EXTI1_IRQHandler
                0x0000000008004ee8                USART2_IRQHandler
                0x0000000008004ee8                COMP4_5_6_IRQHandler
                0x0000000008004ee8                I2C2_ER_IRQHandler
                0x0000000008004ee8                DMA1_Channel2_IRQHandler
                0x0000000008004ee8                TIM8_BRK_IRQHandler
                0x0000000008004ee8                FLASH_IRQHandler
                0x0000000008004ee8                BusFault_Handler
                0x0000000008004ee8                USART1_IRQHandler
                0x0000000008004ee8                SPI3_IRQHandler
                0x0000000008004ee8                I2C1_ER_IRQHandler
                0x0000000008004ee8                USBWakeUp_IRQHandler
                0x0000000008004ee8                DMA2_Channel3_IRQHandler
                0x0000000008004ee8                EXTI2_TSC_IRQHandler
                0x0000000008004ee8                TIM1_BRK_TIM15_IRQHandler
 *fill*         0x0000000008004eea        0x2 
 .text.atexit   0x0000000008004eec        0xc /usr/lib/gcc/arm-none-eabi/4.8.2/../../../arm-none-eabi/lib/armv7e-m/softfp/libg.a(lib_a-atexit.o)
                0x0000000008004eec                atexit
 .text.__errno  0x0000000008004ef8        0xc /usr/lib/gcc/arm-none-eabi/4.8.2/../../../arm-none-eabi/lib/armv7e-m/softfp/libg.a(lib_a-errno.o)
                0x0000000008004ef8                __errno
 .text.__libc_fini_array
                0x0000000008004f04       0x34 /usr/lib/gcc/arm-none-eabi/4.8.2/../../../arm-none-eabi/lib/armv7e-m/softfp/libg.a(lib_a-fini.o)
                0x0000000008004f04                __libc_fini_array
 .text.__libc_init_array
                0x0000000008004f38       0x5c /usr/lib/gcc/arm-none-eabi/4.8.2/../../../arm-none-eabi/lib/armv7e-m/softfp/libg.a(lib_a-init.o)
                0x0000000008004f38                __libc_init_array
 .text.memset   0x0000000008004f94       0x94 /usr/lib/gcc/arm-none-eabi/4.8.2/../../../arm-none-eabi/lib/armv7e-m/softfp/libg.a(lib_a-memset.o)
                0x0000000008004f94                memset
 .text.putchar  0x0000000008005028       0x14 /usr/lib/gcc/arm-none-eabi/4.8.2/../../../arm-none-eabi/lib/armv7e-m/softfp/libg.a(lib_a-putchar.o)
                0x0000000008005028                putchar
 .text._puts_r  0x000000000800503c       0x64 /usr/lib/gcc/arm-none-eabi/4.8.2/../../../arm-none-eabi/lib/armv7e-m/softfp/libg.a(lib_a-puts.o)
                0x000000000800503c                _puts_r
 .text.puts     0x00000000080050a0       0x10 /usr/lib/gcc/arm-none-eabi/4.8.2/../../../arm-none-eabi/lib/armv7e-m/softfp/libg.a(lib_a-puts.o)
                0x00000000080050a0                puts
 .text.setvbuf  0x00000000080050b0      0x114 /usr/lib/gcc/arm-none-eabi/4.8.2/../../../arm-none-eabi/lib/armv7e-m/softfp/libg.a(lib_a-setvbuf.o)
                0x00000000080050b0                setvbuf
 .text.strcasecmp
                0x00000000080051c4       0x48 /usr/lib/gcc/arm-none-eabi/4.8.2/../../../arm-none-eabi/lib/armv7e-m/softfp/libg.a(lib_a-strcasecmp.o)
                0x00000000080051c4                strcasecmp
 .text.strcpy   0x000000000800520c       0xbc /usr/lib/gcc/arm-none-eabi/4.8.2/../../../arm-none-eabi/lib/armv7e-m/softfp/libg.a(lib_a-strcpy.o)
                0x000000000800520c                strcpy
 .text.strlen   0x00000000080052c8       0x60 /usr/lib/gcc/arm-none-eabi/4.8.2/../../../arm-none-eabi/lib/armv7e-m/softfp/libg.a(lib_a-strlen.o)
                0x00000000080052c8                strlen
 .text.strtok   0x0000000008005328       0x14 /usr/lib/gcc/arm-none-eabi/4.8.2/../../../arm-none-eabi/lib/armv7e-m/softfp/libg.a(lib_a-strtok.o)
                0x0000000008005328                strtok
 .text.__strtok_r
                0x000000000800533c       0x64 /usr/lib/gcc/arm-none-eabi/4.8.2/../../../arm-none-eabi/lib/armv7e-m/softfp/libg.a(lib_a-strtok_r.o)
                0x000000000800533c                __strtok_r
 .text._strtoul_r
                0x00000000080053a0      0x138 /usr/lib/gcc/arm-none-eabi/4.8.2/../../../arm-none-eabi/lib/armv7e-m/softfp/libg.a(lib_a-strtoul.o)
                0x00000000080053a0                _strtoul_r
 .text.strtoul  0x00000000080054d8       0x1c /usr/lib/gcc/arm-none-eabi/4.8.2/../../../arm-none-eabi/lib/armv7e-m/softfp/libg.a(lib_a-strtoul.o)
                0x00000000080054d8                strtoul
 .text.__register_exitproc
                0x00000000080054f4       0xac /usr/lib/gcc/arm-none-eabi/4.8.2/../../../arm-none-eabi/lib/armv7e-m/softfp/libg.a(lib_a-__atexit.o)
                0x00000000080054f4                __register_exitproc
 .text.startup.register_fini
                0x00000000080055a0       0x18 /usr/lib/gcc/arm-none-eabi/4.8.2/../../../arm-none-eabi/lib/armv7e-m/softfp/libg.a(lib_a-__call_atexit.o)
 .text.__sflush_r
                0x00000000080055b8      0x15c /usr/lib/gcc/arm-none-eabi/4.8.2/../../../arm-none-eabi/lib/armv7e-m/softfp/libg.a(lib_a-fflush.o)
                0x00000000080055b8                __sflush_r
 .text._fflush_r
                0x0000000008005714       0x2c /usr/lib/gcc/arm-none-eabi/4.8.2/../../../arm-none-eabi/lib/armv7e-m/softfp/libg.a(lib_a-fflush.o)
                0x0000000008005714                _fflush_r
 .text._cleanup_r
                0x0000000008005740        0xc /usr/lib/gcc/arm-none-eabi/4.8.2/../../../arm-none-eabi/lib/armv7e-m/softfp/libg.a(lib_a-findfp.o)
                0x0000000008005740                _cleanup_r
 .text.__sinit  0x000000000800574c       0xf8 /usr/lib/gcc/arm-none-eabi/4.8.2/../../../arm-none-eabi/lib/armv7e-m/softfp/libg.a(lib_a-findfp.o)
                0x000000000800574c                __sinit
 .text.__sfp_lock_acquire
                0x0000000008005844        0x4 /usr/lib/gcc/arm-none-eabi/4.8.2/../../../arm-none-eabi/lib/armv7e-m/softfp/libg.a(lib_a-findfp.o)
                0x0000000008005844                __sfp_lock_acquire
 .text.__sfp_lock_release
                0x0000000008005848        0x4 /usr/lib/gcc/arm-none-eabi/4.8.2/../../../arm-none-eabi/lib/armv7e-m/softfp/libg.a(lib_a-findfp.o)
                0x0000000008005848                __sfp_lock_release
 .text._malloc_trim_r
                0x000000000800584c       0xa4 /usr/lib/gcc/arm-none-eabi/4.8.2/../../../arm-none-eabi/lib/armv7e-m/softfp/libg.a(lib_a-freer.o)
                0x000000000800584c                _malloc_trim_r
 .text._free_r  0x00000000080058f0      0x19c /usr/lib/gcc/arm-none-eabi/4.8.2/../../../arm-none-eabi/lib/armv7e-m/softfp/libg.a(lib_a-freer.o)
                0x00000000080058f0                _free_r
 .text.__sfvwrite_r
                0x0000000008005a8c      0x314 /usr/lib/gcc/arm-none-eabi/4.8.2/../../../arm-none-eabi/lib/armv7e-m/softfp/libg.a(lib_a-fvwrite.o)
                0x0000000008005a8c                __sfvwrite_r
 .text._fwalk   0x0000000008005da0       0x4c /usr/lib/gcc/arm-none-eabi/4.8.2/../../../arm-none-eabi/lib/armv7e-m/softfp/libg.a(lib_a-fwalk.o)
                0x0000000008005da0                _fwalk
 .text.malloc   0x0000000008005dec       0x10 /usr/lib/gcc/arm-none-eabi/4.8.2/../../../arm-none-eabi/lib/armv7e-m/softfp/libg.a(lib_a-malloc.o)
                0x0000000008005dec                malloc
 .text._malloc_r
                0x0000000008005dfc      0x564 /usr/lib/gcc/arm-none-eabi/4.8.2/../../../arm-none-eabi/lib/armv7e-m/softfp/libg.a(lib_a-mallocr.o)
                0x0000000008005dfc                _malloc_r
 .text.memchr   0x0000000008006360       0x90 /usr/lib/gcc/arm-none-eabi/4.8.2/../../../arm-none-eabi/lib/armv7e-m/softfp/libg.a(lib_a-memchr-stub.o)
                0x0000000008006360                memchr
 .text.memmove  0x00000000080063f0       0xc4 /usr/lib/gcc/arm-none-eabi/4.8.2/../../../arm-none-eabi/lib/armv7e-m/softfp/libg.a(lib_a-memmove.o)
                0x00000000080063f0                memmove
 .text.__malloc_lock
                0x00000000080064b4        0x4 /usr/lib/gcc/arm-none-eabi/4.8.2/../../../arm-none-eabi/lib/armv7e-m/softfp/libg.a(lib_a-mlock.o)
                0x00000000080064b4                __malloc_lock
 .text.__malloc_unlock
                0x00000000080064b8        0x4 /usr/lib/gcc/arm-none-eabi/4.8.2/../../../arm-none-eabi/lib/armv7e-m/softfp/libg.a(lib_a-mlock.o)
                0x00000000080064b8                __malloc_unlock
 .text._putc_r  0x00000000080064bc       0x58 /usr/lib/gcc/arm-none-eabi/4.8.2/../../../arm-none-eabi/lib/armv7e-m/softfp/libg.a(lib_a-putc.o)
                0x00000000080064bc                _putc_r
 .text._realloc_r
                0x0000000008006514      0x3e0 /usr/lib/gcc/arm-none-eabi/4.8.2/../../../arm-none-eabi/lib/armv7e-m/softfp/libg.a(lib_a-reallocr.o)
                0x0000000008006514                _realloc_r
 .text.__sread  0x00000000080068f4       0x24 /usr/lib/gcc/arm-none-eabi/4.8.2/../../../arm-none-eabi/lib/armv7e-m/softfp/libg.a(lib_a-stdio.o)
                0x00000000080068f4                __sread
 .text.__swrite
                0x0000000008006918       0x38 /usr/lib/gcc/arm-none-eabi/4.8.2/../../../arm-none-eabi/lib/armv7e-m/softfp/libg.a(lib_a-stdio.o)
                0x0000000008006918                __swrite
 .text.__sseek  0x0000000008006950       0x20 /usr/lib/gcc/arm-none-eabi/4.8.2/../../../arm-none-eabi/lib/armv7e-m/softfp/libg.a(lib_a-stdio.o)
                0x0000000008006950                __sseek
 .text.__sclose
                0x0000000008006970        0x8 /usr/lib/gcc/arm-none-eabi/4.8.2/../../../arm-none-eabi/lib/armv7e-m/softfp/libg.a(lib_a-stdio.o)
                0x0000000008006970                __sclose
 .text.__swbuf_r
                0x0000000008006978       0xa4 /usr/lib/gcc/arm-none-eabi/4.8.2/../../../arm-none-eabi/lib/armv7e-m/softfp/libg.a(lib_a-wbuf.o)
                0x0000000008006978                __swbuf_r
 .text.__swsetup_r
                0x0000000008006a1c       0xc8 /usr/lib/gcc/arm-none-eabi/4.8.2/../../../arm-none-eabi/lib/armv7e-m/softfp/libg.a(lib_a-wsetup.o)
                0x0000000008006a1c                __swsetup_r
 .text._fclose_r
                0x0000000008006ae4       0x84 /usr/lib/gcc/arm-none-eabi/4.8.2/../../../arm-none-eabi/lib/armv7e-m/softfp/libg.a(lib_a-fclose.o)
                0x0000000008006ae4                _fclose_r
 .text.fclose   0x0000000008006b68       0x10 /usr/lib/gcc/arm-none-eabi/4.8.2/../../../arm-none-eabi/lib/armv7e-m/softfp/libg.a(lib_a-fclose.o)
                0x0000000008006b68                fclose
 .text.__smakebuf_r
                0x0000000008006b78       0xe4 /usr/lib/gcc/arm-none-eabi/4.8.2/../../../arm-none-eabi/lib/armv7e-m/softfp/libg.a(lib_a-makebuf.o)
                0x0000000008006b78                __smakebuf_r
 *(.glue_7)
 .glue_7        0x0000000000000000        0x0 linker stubs
 *(.glue_7t)
 .glue_7t       0x0000000000000000        0x0 linker stubs
 *(.eh_frame)
 .eh_frame      0x0000000008006c5c        0x0 /usr/lib/gcc/arm-none-eabi/4.8.2/armv7e-m/softfp/crtbegin.o
 *(.init)
 .init          0x0000000008006c5c        0x4 /usr/lib/gcc/arm-none-eabi/4.8.2/armv7e-m/softfp/crti.o
                0x0000000008006c5c                _init
 .init          0x0000000008006c60        0x8 /usr/lib/gcc/arm-none-eabi/4.8.2/armv7e-m/softfp/crtn.o
 *(.fini)
 .fini          0x0000000008006c68        0x4 /usr/lib/gcc/arm-none-eabi/4.8.2/armv7e-m/softfp/crti.o
                0x0000000008006c68                _fini
 .fini          0x0000000008006c6c        0x8 /usr/lib/gcc/arm-none-eabi/4.8.2/armv7e-m/softfp/crtn.o
                0x0000000008006c74                . = ALIGN (0x4)
                0x0000000008006c74                _etext = .

.vfp11_veneer   0x0000000008006c74        0x0
 .vfp11_veneer  0x0000000000000000        0x0 linker stubs

.v4_bx          0x0000000008006c74        0x0
 .v4_bx         0x0000000000000000        0x0 linker stubs

.iplt           0x0000000008006c74        0x0
 .iplt          0x0000000000000000        0x0 /usr/lib/gcc/arm-none-eabi/4.8.2/armv7e-m/softfp/crtbegin.o

.rodata         0x0000000008006c74    0x106d8
                0x0000000008006c74                . = ALIGN (0x4)
 *(.rodata)
 *(.rodata*)
 .rodata.str1.1
                0x0000000008006c74      0x1d2 main.o
                                        0x1d9 (size before relaxing)
 .rodata.LEDs   0x0000000008006e46        0x8 main.o
                0x0000000008006e46                LEDs
 .rodata.str1.1
                0x0000000008006e4e       0x4b monitor.o
                                         0x4d (size before relaxing)
 .rodata.__FUNCTION__.5745
                0x0000000008006e99        0x6 parser.o
 .rodata.str1.1
                0x0000000008006e9f       0xe4 parser.o
 .rodata.str1.1
                0x0000000008006f83      0x1fc dump.o
                                        0x1fe (size before relaxing)
 .rodata.str1.1
                0x000000000800717f       0xaa terminal.o
                                         0xac (size before relaxing)
 .rodata.str1.1
                0x0000000008007229      0x4b8 decoder/decoder.o
                                        0x4c0 (size before relaxing)
 *fill*         0x00000000080076e1        0x3 
 .rodata.TIM1_CCER_fields
                0x00000000080076e4       0xa0 decoder/STM32F30x_decoder.o
                0x00000000080076e4                TIM1_CCER_fields
 .rodata.DMA1_registers
                0x0000000008007784      0x174 decoder/STM32F30x_decoder.o
                0x0000000008007784                DMA1_registers
 .rodata.SPI1_DR_fields
                0x00000000080078f8       0x10 decoder/STM32F30x_decoder.o
                0x00000000080078f8                SPI1_DR_fields
 .rodata.ADC1_2_CSR_fields
                0x0000000008007908       0xb8 decoder/STM32F30x_decoder.o
                0x0000000008007908                ADC1_2_CSR_fields
 .rodata.USB_FS_USB_EP3R_fields
                0x00000000080079c0       0x58 decoder/STM32F30x_decoder.o
                0x00000000080079c0                USB_FS_USB_EP3R_fields
 .rodata.GPIOB_PUPDR_fields
                0x0000000008007a18       0x88 decoder/STM32F30x_decoder.o
                0x0000000008007a18                GPIOB_PUPDR_fields
 .rodata.TSC_IOG8CR_fields
                0x0000000008007aa0       0x10 decoder/STM32F30x_decoder.o
                0x0000000008007aa0                TSC_IOG8CR_fields
 .rodata.TIM1_CCMR3_Output_fields
                0x0000000008007ab0       0x58 decoder/STM32F30x_decoder.o
                0x0000000008007ab0                TIM1_CCMR3_Output_fields
 .rodata.TIM1_SMCR_fields
                0x0000000008007b08       0x50 decoder/STM32F30x_decoder.o
                0x0000000008007b08                TIM1_SMCR_fields
 .rodata.RTC_SHIFTR_fields
                0x0000000008007b58       0x18 decoder/STM32F30x_decoder.o
                0x0000000008007b58                RTC_SHIFTR_fields
 .rodata.CAN_F24R1_fields
                0x0000000008007b70      0x108 decoder/STM32F30x_decoder.o
                0x0000000008007b70                CAN_F24R1_fields
 .rodata.RTC_TSDR_fields
                0x0000000008007c78       0x30 decoder/STM32F30x_decoder.o
                0x0000000008007c78                RTC_TSDR_fields
 .rodata.RTC_BKP22R_fields
                0x0000000008007ca8       0x10 decoder/STM32F30x_decoder.o
                0x0000000008007ca8                RTC_BKP22R_fields
 .rodata.TIM1_CCMR2_Output_fields
                0x0000000008007cb8       0x68 decoder/STM32F30x_decoder.o
                0x0000000008007cb8                TIM1_CCMR2_Output_fields
 .rodata.TIM17_RCR_fields
                0x0000000008007d20       0x10 decoder/STM32F30x_decoder.o
                0x0000000008007d20                TIM17_RCR_fields
 .rodata.EXTI_EMR1_fields
                0x0000000008007d30      0x108 decoder/STM32F30x_decoder.o
                0x0000000008007d30                EXTI_EMR1_fields
 .rodata.CAN_F11R2_fields
                0x0000000008007e38      0x108 decoder/STM32F30x_decoder.o
                0x0000000008007e38                CAN_F11R2_fields
 .rodata.USB_FS_ISTR_fields
                0x0000000008007f40       0x58 decoder/STM32F30x_decoder.o
                0x0000000008007f40                USB_FS_ISTR_fields
 .rodata.I2C1_ICR_fields
                0x0000000008007f98       0x50 decoder/STM32F30x_decoder.o
                0x0000000008007f98                I2C1_ICR_fields
 .rodata.TIM16_ARR_fields
                0x0000000008007fe8       0x10 decoder/STM32F30x_decoder.o
                0x0000000008007fe8                TIM16_ARR_fields
 .rodata.RTC_ISR_fields
                0x0000000008007ff8       0x90 decoder/STM32F30x_decoder.o
                0x0000000008007ff8                RTC_ISR_fields
 .rodata.RTC_BKP27R_fields
                0x0000000008008088       0x10 decoder/STM32F30x_decoder.o
                0x0000000008008088                RTC_BKP27R_fields
 .rodata.TIM8_CCR6_fields
                0x0000000008008098       0x10 decoder/STM32F30x_decoder.o
                0x0000000008008098                TIM8_CCR6_fields
 .rodata.TIM17_BDTR_fields
                0x00000000080080a8       0x50 decoder/STM32F30x_decoder.o
                0x00000000080080a8                TIM17_BDTR_fields
 .rodata.TIM8_CCMR1_Input_fields
                0x00000000080080f8       0x38 decoder/STM32F30x_decoder.o
                0x00000000080080f8                TIM8_CCMR1_Input_fields
 .rodata.DAC_registers
                0x0000000008008130       0xb4 decoder/STM32F30x_decoder.o
                0x0000000008008130                DAC_registers
 .rodata.IWDG_WINR_fields
                0x00000000080081e4       0x10 decoder/STM32F30x_decoder.o
                0x00000000080081e4                IWDG_WINR_fields
 .rodata.CAN_F19R2_fields
                0x00000000080081f4      0x108 decoder/STM32F30x_decoder.o
                0x00000000080081f4                CAN_F19R2_fields
 .rodata.CAN_RF1R_fields
                0x00000000080082fc       0x28 decoder/STM32F30x_decoder.o
                0x00000000080082fc                CAN_RF1R_fields
 .rodata.RTC_BKP16R_fields
                0x0000000008008324       0x10 decoder/STM32F30x_decoder.o
                0x0000000008008324                RTC_BKP16R_fields
 .rodata.RTC_CALR_fields
                0x0000000008008334       0x28 decoder/STM32F30x_decoder.o
                0x0000000008008334                RTC_CALR_fields
 .rodata.TIM2_SR_fields
                0x000000000800835c       0x58 decoder/STM32F30x_decoder.o
                0x000000000800835c                TIM2_SR_fields
 .rodata.SYSCFG_EXTICR2_fields
                0x00000000080083b4       0x28 decoder/STM32F30x_decoder.o
                0x00000000080083b4                SYSCFG_EXTICR2_fields
 .rodata.CAN_MCR_fields
                0x00000000080083dc       0x58 decoder/STM32F30x_decoder.o
                0x00000000080083dc                CAN_MCR_fields
 .rodata.TIM17_SR_fields
                0x0000000008008434       0x38 decoder/STM32F30x_decoder.o
                0x0000000008008434                TIM17_SR_fields
 .rodata.USART1_GTPR_fields
                0x000000000800846c       0x18 decoder/STM32F30x_decoder.o
                0x000000000800846c                USART1_GTPR_fields
 .rodata.DAC_DOR1_fields
                0x0000000008008484       0x10 decoder/STM32F30x_decoder.o
                0x0000000008008484                DAC_DOR1_fields
 .rodata.CAN_F1R1_fields
                0x0000000008008494      0x108 decoder/STM32F30x_decoder.o
                0x0000000008008494                CAN_F1R1_fields
 .rodata.CAN_FA1R_fields
                0x000000000800859c       0xe8 decoder/STM32F30x_decoder.o
                0x000000000800859c                CAN_FA1R_fields
 .rodata.RTC_BKP6R_fields
                0x0000000008008684       0x10 decoder/STM32F30x_decoder.o
                0x0000000008008684                RTC_BKP6R_fields
 .rodata.RCC_CFGR_fields
                0x0000000008008694       0x68 decoder/STM32F30x_decoder.o
                0x0000000008008694                RCC_CFGR_fields
 .rodata.PWR_CR_fields
                0x00000000080086fc       0x40 decoder/STM32F30x_decoder.o
                0x00000000080086fc                PWR_CR_fields
 .rodata.NVIC_ISER0_fields
                0x000000000800873c       0x10 decoder/STM32F30x_decoder.o
                0x000000000800873c                NVIC_ISER0_fields
 .rodata.DMA1_CPAR7_fields
                0x000000000800874c       0x10 decoder/STM32F30x_decoder.o
                0x000000000800874c                DMA1_CPAR7_fields
 .rodata.TSC_IOHCR_fields
                0x000000000800875c      0x108 decoder/STM32F30x_decoder.o
                0x000000000800875c                TSC_IOHCR_fields
 .rodata.CAN_F27R1_fields
                0x0000000008008864      0x108 decoder/STM32F30x_decoder.o
                0x0000000008008864                CAN_F27R1_fields
 .rodata.TIM6_ARR_fields
                0x000000000800896c       0x10 decoder/STM32F30x_decoder.o
                0x000000000800896c                TIM6_ARR_fields
 .rodata.CAN_F12R1_fields
                0x000000000800897c      0x108 decoder/STM32F30x_decoder.o
                0x000000000800897c                CAN_F12R1_fields
 .rodata.TIM15_DCR_fields
                0x0000000008008a84       0x18 decoder/STM32F30x_decoder.o
                0x0000000008008a84                TIM15_DCR_fields
 .rodata.NVIC_IPR18_fields
                0x0000000008008a9c       0x28 decoder/STM32F30x_decoder.o
                0x0000000008008a9c                NVIC_IPR18_fields
 .rodata.RTC_BKP13R_fields
                0x0000000008008ac4       0x10 decoder/STM32F30x_decoder.o
                0x0000000008008ac4                RTC_BKP13R_fields
 .rodata.CAN_BTR_fields
                0x0000000008008ad4       0x38 decoder/STM32F30x_decoder.o
                0x0000000008008ad4                CAN_BTR_fields
 .rodata.TIM15_BDTR_fields
                0x0000000008008b0c       0x50 decoder/STM32F30x_decoder.o
                0x0000000008008b0c                TIM15_BDTR_fields
 .rodata.NVIC_IPR1_fields
                0x0000000008008b5c       0x28 decoder/STM32F30x_decoder.o
                0x0000000008008b5c                NVIC_IPR1_fields
 .rodata.TIM15_PSC_fields
                0x0000000008008b84       0x10 decoder/STM32F30x_decoder.o
                0x0000000008008b84                TIM15_PSC_fields
 .rodata.Flash_ACR_fields
                0x0000000008008b94       0x20 decoder/STM32F30x_decoder.o
                0x0000000008008b94                Flash_ACR_fields
 .rodata.TIM17_CCMR1_Output_fields
                0x0000000008008bb4       0x30 decoder/STM32F30x_decoder.o
                0x0000000008008bb4                TIM17_CCMR1_Output_fields
 .rodata.TIM2_ARR_fields
                0x0000000008008be4       0x18 decoder/STM32F30x_decoder.o
                0x0000000008008be4                TIM2_ARR_fields
 .rodata.Flash_registers
                0x0000000008008bfc       0x6c decoder/STM32F30x_decoder.o
                0x0000000008008bfc                Flash_registers
 .rodata.CAN_TDH0R_fields
                0x0000000008008c68       0x28 decoder/STM32F30x_decoder.o
                0x0000000008008c68                CAN_TDH0R_fields
 .rodata.TIM1_DCR_fields
                0x0000000008008c90       0x18 decoder/STM32F30x_decoder.o
                0x0000000008008c90                TIM1_DCR_fields
 .rodata.CAN_TI2R_fields
                0x0000000008008ca8       0x30 decoder/STM32F30x_decoder.o
                0x0000000008008ca8                CAN_TI2R_fields
 .rodata.ADC1_IER_fields
                0x0000000008008cd8       0x60 decoder/STM32F30x_decoder.o
                0x0000000008008cd8                ADC1_IER_fields
 .rodata.NVIC_ICPR2_fields
                0x0000000008008d38       0x10 decoder/STM32F30x_decoder.o
                0x0000000008008d38                NVIC_ICPR2_fields
 .rodata.EXTI_IMR1_fields
                0x0000000008008d48      0x108 decoder/STM32F30x_decoder.o
                0x0000000008008d48                EXTI_IMR1_fields
 .rodata.TSC_IOASCR_fields
                0x0000000008008e50      0x108 decoder/STM32F30x_decoder.o
                0x0000000008008e50                TSC_IOASCR_fields
 .rodata.RCC_CFGR2_fields
                0x0000000008008f58       0x20 decoder/STM32F30x_decoder.o
                0x0000000008008f58                RCC_CFGR2_fields
 .rodata.TIM1_PSC_fields
                0x0000000008008f78       0x10 decoder/STM32F30x_decoder.o
                0x0000000008008f78                TIM1_PSC_fields
 .rodata.Flash_KEYR_fields
                0x0000000008008f88       0x10 decoder/STM32F30x_decoder.o
                0x0000000008008f88                Flash_KEYR_fields
 .rodata.TIM8_CR2_fields
                0x0000000008008f98       0x80 decoder/STM32F30x_decoder.o
                0x0000000008008f98                TIM8_CR2_fields
 .rodata.ADC1_CFGR_fields
                0x0000000008009018       0xa0 decoder/STM32F30x_decoder.o
                0x0000000008009018                ADC1_CFGR_fields
 .rodata.TIM17_EGR_fields
                0x00000000080090b8       0x30 decoder/STM32F30x_decoder.o
                0x00000000080090b8                TIM17_EGR_fields
 .rodata.TSC_IOGCSR_fields
                0x00000000080090e8       0x88 decoder/STM32F30x_decoder.o
                0x00000000080090e8                TSC_IOGCSR_fields
 .rodata.NVIC_IPR0_fields
                0x0000000008009170       0x28 decoder/STM32F30x_decoder.o
                0x0000000008009170                NVIC_IPR0_fields
 .rodata.NVIC_IPR8_fields
                0x0000000008009198       0x28 decoder/STM32F30x_decoder.o
                0x0000000008009198                NVIC_IPR8_fields
 .rodata.RTC_WUTR_fields
                0x00000000080091c0       0x10 decoder/STM32F30x_decoder.o
                0x00000000080091c0                RTC_WUTR_fields
 .rodata.GPIOB_OSPEEDR_fields
                0x00000000080091d0       0x88 decoder/STM32F30x_decoder.o
                0x00000000080091d0                GPIOB_OSPEEDR_fields
 .rodata.ADC1_ISR_fields
                0x0000000008009258       0x60 decoder/STM32F30x_decoder.o
                0x0000000008009258                ADC1_ISR_fields
 .rodata.NVIC_ICER1_fields
                0x00000000080092b8       0x10 decoder/STM32F30x_decoder.o
                0x00000000080092b8                NVIC_ICER1_fields
 .rodata.RTC_BKP7R_fields
                0x00000000080092c8       0x10 decoder/STM32F30x_decoder.o
                0x00000000080092c8                RTC_BKP7R_fields
 .rodata.CAN_RF0R_fields
                0x00000000080092d8       0x28 decoder/STM32F30x_decoder.o
                0x00000000080092d8                CAN_RF0R_fields
 .rodata.CAN_FS1R_fields
                0x0000000008009300       0xe8 decoder/STM32F30x_decoder.o
                0x0000000008009300                CAN_FS1R_fields
 .rodata.GPIOA_AFRL_fields
                0x00000000080093e8       0x48 decoder/STM32F30x_decoder.o
                0x00000000080093e8                GPIOA_AFRL_fields
 .rodata.DMA1_CMAR3_fields
                0x0000000008009430       0x10 decoder/STM32F30x_decoder.o
                0x0000000008009430                DMA1_CMAR3_fields
 .rodata.ADC1_SQR1_fields
                0x0000000008009440       0x30 decoder/STM32F30x_decoder.o
                0x0000000008009440                ADC1_SQR1_fields
 .rodata.CAN_F15R2_fields
                0x0000000008009470      0x108 decoder/STM32F30x_decoder.o
                0x0000000008009470                CAN_F15R2_fields
 .rodata.IWDG_PR_fields
                0x0000000008009578       0x10 decoder/STM32F30x_decoder.o
                0x0000000008009578                IWDG_PR_fields
 .rodata.TIM2_DMAR_fields
                0x0000000008009588       0x10 decoder/STM32F30x_decoder.o
                0x0000000008009588                TIM2_DMAR_fields
 .rodata.I2C1_TIMEOUTR_fields
                0x0000000008009598       0x30 decoder/STM32F30x_decoder.o
                0x0000000008009598                I2C1_TIMEOUTR_fields
 .rodata.GPIOB_LCKR_fields
                0x00000000080095c8       0x90 decoder/STM32F30x_decoder.o
                0x00000000080095c8                GPIOB_LCKR_fields
 .rodata.DAC_DHR8R1_fields
                0x0000000008009658       0x10 decoder/STM32F30x_decoder.o
                0x0000000008009658                DAC_DHR8R1_fields
 .rodata.TIM1_CCMR1_Output_fields
                0x0000000008009668       0x68 decoder/STM32F30x_decoder.o
                0x0000000008009668                TIM1_CCMR1_Output_fields
 .rodata.TIM1_CCR2_fields
                0x00000000080096d0       0x10 decoder/STM32F30x_decoder.o
                0x00000000080096d0                TIM1_CCR2_fields
 .rodata.TIM1_OR_fields
                0x00000000080096e0       0x18 decoder/STM32F30x_decoder.o
                0x00000000080096e0                TIM1_OR_fields
 .rodata.USART1_TDR_fields
                0x00000000080096f8       0x10 decoder/STM32F30x_decoder.o
                0x00000000080096f8                USART1_TDR_fields
 .rodata.NVIC_STIR_fields
                0x0000000008009708       0x10 decoder/STM32F30x_decoder.o
                0x0000000008009708                NVIC_STIR_fields
 .rodata.USB_FS_USB_EP7R_fields
                0x0000000008009718       0x58 decoder/STM32F30x_decoder.o
                0x0000000008009718                USB_FS_USB_EP7R_fields
 .rodata.ADC1_SQR4_fields
                0x0000000008009770       0x18 decoder/STM32F30x_decoder.o
                0x0000000008009770                ADC1_SQR4_fields
 .rodata.SYSCFG_registers
                0x0000000008009788       0x60 decoder/STM32F30x_decoder.o
                0x0000000008009788                SYSCFG_registers
 .rodata.PWR_CSR_fields
                0x00000000080097e8       0x30 decoder/STM32F30x_decoder.o
                0x00000000080097e8                PWR_CSR_fields
 .rodata.GPIOB_AFRH_fields
                0x0000000008009818       0x48 decoder/STM32F30x_decoder.o
                0x0000000008009818                GPIOB_AFRH_fields
 .rodata.FPU_FPCCR_fields
                0x0000000008009860       0x50 decoder/STM32F30x_decoder.o
                0x0000000008009860                FPU_FPCCR_fields
 .rodata.DBGMCU_APB2FZ_fields
                0x00000000080098b0       0x28 decoder/STM32F30x_decoder.o
                0x00000000080098b0                DBGMCU_APB2FZ_fields
 .rodata.TIM8_CCR1_fields
                0x00000000080098d8       0x10 decoder/STM32F30x_decoder.o
                0x00000000080098d8                TIM8_CCR1_fields
 .rodata.WWDG_SR_fields
                0x00000000080098e8       0x10 decoder/STM32F30x_decoder.o
                0x00000000080098e8                WWDG_SR_fields
 .rodata.TIM16_DIER_fields
                0x00000000080098f8       0x50 decoder/STM32F30x_decoder.o
                0x00000000080098f8                TIM16_DIER_fields
 .rodata.TIM1_CCR5_fields
                0x0000000008009948       0x28 decoder/STM32F30x_decoder.o
                0x0000000008009948                TIM1_CCR5_fields
 .rodata.TIM8_BDTR_fields
                0x0000000008009970       0x68 decoder/STM32F30x_decoder.o
                0x0000000008009970                TIM8_BDTR_fields
 .rodata.Flash_CR_fields
                0x00000000080099d8       0x60 decoder/STM32F30x_decoder.o
                0x00000000080099d8                Flash_CR_fields
 .rodata.RTC_BKP26R_fields
                0x0000000008009a38       0x10 decoder/STM32F30x_decoder.o
                0x0000000008009a38                RTC_BKP26R_fields
 .rodata.Flash_OBR_fields
                0x0000000008009a48       0x60 decoder/STM32F30x_decoder.o
                0x0000000008009a48                Flash_OBR_fields
 .rodata.ADC1_AWD2CR_fields
                0x0000000008009aa8       0x10 decoder/STM32F30x_decoder.o
                0x0000000008009aa8                ADC1_AWD2CR_fields
 .rodata.FPU_registers
                0x0000000008009ab8       0x54 decoder/STM32F30x_decoder.o
                0x0000000008009ab8                FPU_registers
 .rodata.DAC_CR_fields
                0x0000000008009b0c       0x88 decoder/STM32F30x_decoder.o
                0x0000000008009b0c                DAC_CR_fields
 .rodata.NVIC_IPR10_fields
                0x0000000008009b94       0x28 decoder/STM32F30x_decoder.o
                0x0000000008009b94                NVIC_IPR10_fields
 .rodata.TIM15_CCR1_fields
                0x0000000008009bbc       0x10 decoder/STM32F30x_decoder.o
                0x0000000008009bbc                TIM15_CCR1_fields
 .rodata.RTC_ALRMAR_fields
                0x0000000008009bcc       0x78 decoder/STM32F30x_decoder.o
                0x0000000008009bcc                RTC_ALRMAR_fields
 .rodata.GPIOA_BSRR_fields
                0x0000000008009c44      0x108 decoder/STM32F30x_decoder.o
                0x0000000008009c44                GPIOA_BSRR_fields
 .rodata.TIM16_SR_fields
                0x0000000008009d4c       0x38 decoder/STM32F30x_decoder.o
                0x0000000008009d4c                TIM16_SR_fields
 .rodata.CAN_F6R1_fields
                0x0000000008009d84      0x108 decoder/STM32F30x_decoder.o
                0x0000000008009d84                CAN_F6R1_fields
 .rodata.ADC1_OFR1_fields
                0x0000000008009e8c       0x20 decoder/STM32F30x_decoder.o
                0x0000000008009e8c                ADC1_OFR1_fields
 .rodata.TIM15_CR1_fields
                0x0000000008009eac       0x40 decoder/STM32F30x_decoder.o
                0x0000000008009eac                TIM15_CR1_fields
 .rodata.NVIC_IABR2_fields
                0x0000000008009eec       0x10 decoder/STM32F30x_decoder.o
                0x0000000008009eec                NVIC_IABR2_fields
 .rodata.DMA1_CCR2_fields
                0x0000000008009efc       0x68 decoder/STM32F30x_decoder.o
                0x0000000008009efc                DMA1_CCR2_fields
 .rodata.NVIC_IPR13_fields
                0x0000000008009f64       0x28 decoder/STM32F30x_decoder.o
                0x0000000008009f64                NVIC_IPR13_fields
 .rodata.CAN_F22R2_fields
                0x0000000008009f8c      0x108 decoder/STM32F30x_decoder.o
                0x0000000008009f8c                CAN_F22R2_fields
 .rodata.CAN_F0R2_fields
                0x000000000800a094      0x108 decoder/STM32F30x_decoder.o
                0x000000000800a094                CAN_F0R2_fields
 .rodata.RTC_BKP0R_fields
                0x000000000800a19c       0x10 decoder/STM32F30x_decoder.o
                0x000000000800a19c                RTC_BKP0R_fields
 .rodata.CAN_F19R1_fields
                0x000000000800a1ac      0x108 decoder/STM32F30x_decoder.o
                0x000000000800a1ac                CAN_F19R1_fields
 .rodata.DMA1_IFCR_fields
                0x000000000800a2b4       0xe8 decoder/STM32F30x_decoder.o
                0x000000000800a2b4                DMA1_IFCR_fields
 .rodata.TIM16_CCMR1_Input_fields
                0x000000000800a39c       0x20 decoder/STM32F30x_decoder.o
                0x000000000800a39c                TIM16_CCMR1_Input_fields
 .rodata.TIM2_SMCR_fields
                0x000000000800a3bc       0x50 decoder/STM32F30x_decoder.o
                0x000000000800a3bc                TIM2_SMCR_fields
 .rodata.CAN_TDT1R_fields
                0x000000000800a40c       0x20 decoder/STM32F30x_decoder.o
                0x000000000800a40c                CAN_TDT1R_fields
 .rodata.COMP_COMP6_CSR_fields
                0x000000000800a42c       0x60 decoder/STM32F30x_decoder.o
                0x000000000800a42c                COMP_COMP6_CSR_fields
 .rodata.I2C1_CR2_fields
                0x000000000800a48c       0x70 decoder/STM32F30x_decoder.o
                0x000000000800a48c                I2C1_CR2_fields
 .rodata.TIM1_CR1_fields
                0x000000000800a4fc       0x50 decoder/STM32F30x_decoder.o
                0x000000000800a4fc                TIM1_CR1_fields
 .rodata.CAN_F26R2_fields
                0x000000000800a54c      0x108 decoder/STM32F30x_decoder.o
                0x000000000800a54c                CAN_F26R2_fields
 .rodata.RTC_BKP10R_fields
                0x000000000800a654       0x10 decoder/STM32F30x_decoder.o
                0x000000000800a654                RTC_BKP10R_fields
 .rodata.DMA1_CMAR6_fields
                0x000000000800a664       0x10 decoder/STM32F30x_decoder.o
                0x000000000800a664                DMA1_CMAR6_fields
 .rodata.CAN_F23R1_fields
                0x000000000800a674      0x108 decoder/STM32F30x_decoder.o
                0x000000000800a674                CAN_F23R1_fields
 .rodata.NVIC_IPR20_fields
                0x000000000800a77c       0x28 decoder/STM32F30x_decoder.o
                0x000000000800a77c                NVIC_IPR20_fields
 .rodata.ADC1_DR_fields
                0x000000000800a7a4       0x10 decoder/STM32F30x_decoder.o
                0x000000000800a7a4                ADC1_DR_fields
 .rodata.CAN_F16R1_fields
                0x000000000800a7b4      0x108 decoder/STM32F30x_decoder.o
                0x000000000800a7b4                CAN_F16R1_fields
 .rodata.TSC_registers
                0x000000000800a8bc       0xd8 decoder/STM32F30x_decoder.o
                0x000000000800a8bc                TSC_registers
 .rodata.ADC1_registers
                0x000000000800a994      0x150 decoder/STM32F30x_decoder.o
                0x000000000800a994                ADC1_registers
 .rodata.TIM17_CR2_fields
                0x000000000800aae4       0x30 decoder/STM32F30x_decoder.o
                0x000000000800aae4                TIM17_CR2_fields
 .rodata.PWR_registers
                0x000000000800ab14       0x24 decoder/STM32F30x_decoder.o
                0x000000000800ab14                PWR_registers
 .rodata.TIM8_ARR_fields
                0x000000000800ab38       0x10 decoder/STM32F30x_decoder.o
                0x000000000800ab38                TIM8_ARR_fields
 .rodata.EXTI_RTSR1_fields
                0x000000000800ab48       0xd8 decoder/STM32F30x_decoder.o
                0x000000000800ab48                EXTI_RTSR1_fields
 .rodata.RCC_APB2ENR_fields
                0x000000000800ac20       0x48 decoder/STM32F30x_decoder.o
                0x000000000800ac20                RCC_APB2ENR_fields
 .rodata.NVIC_IPR3_fields
                0x000000000800ac68       0x28 decoder/STM32F30x_decoder.o
                0x000000000800ac68                NVIC_IPR3_fields
 .rodata.I2C1_TIMINGR_fields
                0x000000000800ac90       0x30 decoder/STM32F30x_decoder.o
                0x000000000800ac90                I2C1_TIMINGR_fields
 .rodata.USART1_CR1_fields
                0x000000000800acc0       0xa8 decoder/STM32F30x_decoder.o
                0x000000000800acc0                USART1_CR1_fields
 .rodata.CAN_F13R1_fields
                0x000000000800ad68      0x108 decoder/STM32F30x_decoder.o
                0x000000000800ad68                CAN_F13R1_fields
 .rodata.RCC_CSR_fields
                0x000000000800ae70       0x58 decoder/STM32F30x_decoder.o
                0x000000000800ae70                RCC_CSR_fields
 .rodata.GPIOB_BSRR_fields
                0x000000000800aec8      0x108 decoder/STM32F30x_decoder.o
                0x000000000800aec8                GPIOB_BSRR_fields
 .rodata.DES_UID0_fields
                0x000000000800afd0       0x18 decoder/STM32F30x_decoder.o
                0x000000000800afd0                DES_UID0_fields
 .rodata.NVIC_IABR0_fields
                0x000000000800afe8       0x10 decoder/STM32F30x_decoder.o
                0x000000000800afe8                NVIC_IABR0_fields
 .rodata.TIM2_EGR_fields
                0x000000000800aff8       0x38 decoder/STM32F30x_decoder.o
                0x000000000800aff8                TIM2_EGR_fields
 .rodata.USART1_CR3_fields
                0x000000000800b030       0xa0 decoder/STM32F30x_decoder.o
                0x000000000800b030                USART1_CR3_fields
 .rodata.TIM2_DIER_fields
                0x000000000800b0d0       0x68 decoder/STM32F30x_decoder.o
                0x000000000800b0d0                TIM2_DIER_fields
 .rodata.CAN_MSR_fields
                0x000000000800b138       0x50 decoder/STM32F30x_decoder.o
                0x000000000800b138                CAN_MSR_fields
 .rodata.DAC_DHR12L1_fields
                0x000000000800b188       0x10 decoder/STM32F30x_decoder.o
                0x000000000800b188                DAC_DHR12L1_fields
 .rodata.FPU_MVFR0_fields
                0x000000000800b198       0x48 decoder/STM32F30x_decoder.o
                0x000000000800b198                FPU_MVFR0_fields
 .rodata.SPI1_CR1_fields
                0x000000000800b1e0       0x78 decoder/STM32F30x_decoder.o
                0x000000000800b1e0                SPI1_CR1_fields
 .rodata.EXTI_registers
                0x000000000800b258       0x9c decoder/STM32F30x_decoder.o
                0x000000000800b258                EXTI_registers
 .rodata.USB_FS_DADDR_fields
                0x000000000800b2f4       0x48 decoder/STM32F30x_decoder.o
                0x000000000800b2f4                USB_FS_DADDR_fields
 .rodata.RTC_BKP8R_fields
                0x000000000800b33c       0x10 decoder/STM32F30x_decoder.o
                0x000000000800b33c                RTC_BKP8R_fields
 .rodata.CAN_F2R1_fields
                0x000000000800b34c      0x108 decoder/STM32F30x_decoder.o
                0x000000000800b34c                CAN_F2R1_fields
 .rodata.TIM8_CCR4_fields
                0x000000000800b454       0x10 decoder/STM32F30x_decoder.o
                0x000000000800b454                TIM8_CCR4_fields
 .rodata.USB_FS_USB_EP4R_fields
                0x000000000800b464       0x58 decoder/STM32F30x_decoder.o
                0x000000000800b464                USB_FS_USB_EP4R_fields
 .rodata.TIM8_CNT_fields
                0x000000000800b4bc       0x18 decoder/STM32F30x_decoder.o
                0x000000000800b4bc                TIM8_CNT_fields
 .rodata.RTC_PRER_fields
                0x000000000800b4d4       0x18 decoder/STM32F30x_decoder.o
                0x000000000800b4d4                RTC_PRER_fields
 .rodata.TIM1_SR_fields
                0x000000000800b4ec       0x80 decoder/STM32F30x_decoder.o
                0x000000000800b4ec                TIM1_SR_fields
 .rodata.DMA1_CPAR2_fields
                0x000000000800b56c       0x10 decoder/STM32F30x_decoder.o
                0x000000000800b56c                DMA1_CPAR2_fields
 .rodata.NVIC_IPR15_fields
                0x000000000800b57c       0x28 decoder/STM32F30x_decoder.o
                0x000000000800b57c                NVIC_IPR15_fields
 .rodata.TSC_CR_fields
                0x000000000800b5a4       0x68 decoder/STM32F30x_decoder.o
                0x000000000800b5a4                TSC_CR_fields
 .rodata.SPI1_SR_fields
                0x000000000800b60c       0x60 decoder/STM32F30x_decoder.o
                0x000000000800b60c                SPI1_SR_fields
 .rodata.ADC1_JDR3_fields
                0x000000000800b66c       0x10 decoder/STM32F30x_decoder.o
                0x000000000800b66c                ADC1_JDR3_fields
 .rodata.NVIC_ICTR_fields
                0x000000000800b67c       0x10 decoder/STM32F30x_decoder.o
                0x000000000800b67c                NVIC_ICTR_fields
 .rodata.RTC_BKP30R_fields
                0x000000000800b68c       0x10 decoder/STM32F30x_decoder.o
                0x000000000800b68c                RTC_BKP30R_fields
 .rodata.RTC_BKP23R_fields
                0x000000000800b69c       0x10 decoder/STM32F30x_decoder.o
                0x000000000800b69c                RTC_BKP23R_fields
 .rodata.I2C1_OAR2_fields
                0x000000000800b6ac       0x20 decoder/STM32F30x_decoder.o
                0x000000000800b6ac                I2C1_OAR2_fields
 .rodata.DMA1_CNDTR3_fields
                0x000000000800b6cc       0x10 decoder/STM32F30x_decoder.o
                0x000000000800b6cc                DMA1_CNDTR3_fields
 .rodata.RTC_registers
                0x000000000800b6dc      0x264 decoder/STM32F30x_decoder.o
                0x000000000800b6dc                RTC_registers
 .rodata.CAN_F2R2_fields
                0x000000000800b940      0x108 decoder/STM32F30x_decoder.o
                0x000000000800b940                CAN_F2R2_fields
 .rodata.NVIC_ISPR2_fields
                0x000000000800ba48       0x10 decoder/STM32F30x_decoder.o
                0x000000000800ba48                NVIC_ISPR2_fields
 .rodata.DMA1_CPAR5_fields
                0x000000000800ba58       0x10 decoder/STM32F30x_decoder.o
                0x000000000800ba58                DMA1_CPAR5_fields
 .rodata.TIM2_CCR4_fields
                0x000000000800ba68       0x18 decoder/STM32F30x_decoder.o
                0x000000000800ba68                TIM2_CCR4_fields
 .rodata.GPIOB_IDR_fields
                0x000000000800ba80       0x88 decoder/STM32F30x_decoder.o
                0x000000000800ba80                GPIOB_IDR_fields
 .rodata.ADC1_OFR4_fields
                0x000000000800bb08       0x20 decoder/STM32F30x_decoder.o
                0x000000000800bb08                ADC1_OFR4_fields
 .rodata.CAN_RI1R_fields
                0x000000000800bb28       0x28 decoder/STM32F30x_decoder.o
                0x000000000800bb28                CAN_RI1R_fields
 .rodata.CAN_F18R1_fields
                0x000000000800bb50      0x108 decoder/STM32F30x_decoder.o
                0x000000000800bb50                CAN_F18R1_fields
 .rodata.TSC_IOG5CR_fields
                0x000000000800bc58       0x10 decoder/STM32F30x_decoder.o
                0x000000000800bc58                TSC_IOG5CR_fields
 .rodata.DAC_DOR2_fields
                0x000000000800bc68       0x10 decoder/STM32F30x_decoder.o
                0x000000000800bc68                DAC_DOR2_fields
 .rodata.DMA1_CCR5_fields
                0x000000000800bc78       0x68 decoder/STM32F30x_decoder.o
                0x000000000800bc78                DMA1_CCR5_fields
 .rodata.DMA1_CNDTR6_fields
                0x000000000800bce0       0x10 decoder/STM32F30x_decoder.o
                0x000000000800bce0                DMA1_CNDTR6_fields
 .rodata.EXTI_SWIER2_fields
                0x000000000800bcf0       0x18 decoder/STM32F30x_decoder.o
                0x000000000800bcf0                EXTI_SWIER2_fields
 .rodata.CAN_RDH0R_fields
                0x000000000800bd08       0x28 decoder/STM32F30x_decoder.o
                0x000000000800bd08                CAN_RDH0R_fields
 .rodata.TIM6_PSC_fields
                0x000000000800bd30       0x10 decoder/STM32F30x_decoder.o
                0x000000000800bd30                TIM6_PSC_fields
 .rodata.CAN_TSR_fields
                0x000000000800bd40       0xb8 decoder/STM32F30x_decoder.o
                0x000000000800bd40                CAN_TSR_fields
 .rodata.CAN_TDL0R_fields
                0x000000000800bdf8       0x28 decoder/STM32F30x_decoder.o
                0x000000000800bdf8                CAN_TDL0R_fields
 .rodata.CAN_F5R2_fields
                0x000000000800be20      0x108 decoder/STM32F30x_decoder.o
                0x000000000800be20                CAN_F5R2_fields
 .rodata.TSC_IOG1CR_fields
                0x000000000800bf28       0x10 decoder/STM32F30x_decoder.o
                0x000000000800bf28                TSC_IOG1CR_fields
 .rodata.CAN_F11R1_fields
                0x000000000800bf38      0x108 decoder/STM32F30x_decoder.o
                0x000000000800bf38                CAN_F11R1_fields
 .rodata.TIM6_CR2_fields
                0x000000000800c040       0x10 decoder/STM32F30x_decoder.o
                0x000000000800c040                TIM6_CR2_fields
 .rodata.CAN_F25R1_fields
                0x000000000800c050      0x108 decoder/STM32F30x_decoder.o
                0x000000000800c050                CAN_F25R1_fields
 .rodata.CAN_RDL0R_fields
                0x000000000800c158       0x28 decoder/STM32F30x_decoder.o
                0x000000000800c158                CAN_RDL0R_fields
 .rodata.USART1_registers
                0x000000000800c180       0x90 decoder/STM32F30x_decoder.o
                0x000000000800c180                USART1_registers
 .rodata.DAC_SWTRIGR_fields
                0x000000000800c210       0x18 decoder/STM32F30x_decoder.o
                0x000000000800c210                DAC_SWTRIGR_fields
 .rodata.CAN_F12R2_fields
                0x000000000800c228      0x108 decoder/STM32F30x_decoder.o
                0x000000000800c228                CAN_F12R2_fields
 .rodata.RTC_BKP4R_fields
                0x000000000800c330       0x10 decoder/STM32F30x_decoder.o
                0x000000000800c330                RTC_BKP4R_fields
 .rodata.RTC_TAFCR_fields
                0x000000000800c340       0x98 decoder/STM32F30x_decoder.o
                0x000000000800c340                RTC_TAFCR_fields
 .rodata.TIM17_ARR_fields
                0x000000000800c3d8       0x10 decoder/STM32F30x_decoder.o
                0x000000000800c3d8                TIM17_ARR_fields
 .rodata.CAN_F16R2_fields
                0x000000000800c3e8      0x108 decoder/STM32F30x_decoder.o
                0x000000000800c3e8                CAN_F16R2_fields
 .rodata.USART1_ICR_fields
                0x000000000800c4f0       0x68 decoder/STM32F30x_decoder.o
                0x000000000800c4f0                USART1_ICR_fields
 .rodata.NVIC_IPR6_fields
                0x000000000800c558       0x28 decoder/STM32F30x_decoder.o
                0x000000000800c558                NVIC_IPR6_fields
 .rodata.TIM15_CCMR1_Input_fields
                0x000000000800c580       0x38 decoder/STM32F30x_decoder.o
                0x000000000800c580                TIM15_CCMR1_Input_fields
 .rodata.DAC_DHR12R2_fields
                0x000000000800c5b8       0x10 decoder/STM32F30x_decoder.o
                0x000000000800c5b8                DAC_DHR12R2_fields
 .rodata.RCC_AHBENR_fields
                0x000000000800c5c8       0x78 decoder/STM32F30x_decoder.o
                0x000000000800c5c8                RCC_AHBENR_fields
 .rodata.RTC_BKP14R_fields
                0x000000000800c640       0x10 decoder/STM32F30x_decoder.o
                0x000000000800c640                RTC_BKP14R_fields
 .rodata.CAN_F20R1_fields
                0x000000000800c650      0x108 decoder/STM32F30x_decoder.o
                0x000000000800c650                CAN_F20R1_fields
 .rodata.CAN_F27R2_fields
                0x000000000800c758      0x108 decoder/STM32F30x_decoder.o
                0x000000000800c758                CAN_F27R2_fields
 .rodata.TIM6_SR_fields
                0x000000000800c860       0x10 decoder/STM32F30x_decoder.o
                0x000000000800c860                TIM6_SR_fields
 .rodata.RCC_CIR_fields
                0x000000000800c870       0x90 decoder/STM32F30x_decoder.o
                0x000000000800c870                RCC_CIR_fields
 .rodata.CAN_TDH1R_fields
                0x000000000800c900       0x28 decoder/STM32F30x_decoder.o
                0x000000000800c900                CAN_TDH1R_fields
 .rodata.NVIC_IPR9_fields
                0x000000000800c928       0x28 decoder/STM32F30x_decoder.o
                0x000000000800c928                NVIC_IPR9_fields
 .rodata.TIM8_CCER_fields