Archive member included because of file (symbol)

/usr/lib/gcc/arm-none-eabi/4.8.2/../../../arm-none-eabi/lib/armv7e-m/softfp/libg.a(lib_a-atexit.o)
                              /usr/lib/gcc/arm-none-eabi/4.8.2/../../../arm-none-eabi/lib/armv7e-m/softfp/crt0.o (atexit)
/usr/lib/gcc/arm-none-eabi/4.8.2/../../../arm-none-eabi/lib/armv7e-m/softfp/libg.a(lib_a-ctype_.o)
                              parser.o (__ctype_ptr__)
/usr/lib/gcc/arm-none-eabi/4.8.2/../../../arm-none-eabi/lib/armv7e-m/softfp/libg.a(lib_a-errno.o)
                              syscall.o (__errno)
/usr/lib/gcc/arm-none-eabi/4.8.2/../../../arm-none-eabi/lib/armv7e-m/softfp/libg.a(lib_a-exit.o)
                              /usr/lib/gcc/arm-none-eabi/4.8.2/../../../arm-none-eabi/lib/armv7e-m/softfp/crt0.o (exit)
/usr/lib/gcc/arm-none-eabi/4.8.2/../../../arm-none-eabi/lib/armv7e-m/softfp/libg.a(lib_a-fini.o)
                              /usr/lib/gcc/arm-none-eabi/4.8.2/../../../arm-none-eabi/lib/armv7e-m/softfp/crt0.o (__libc_fini_array)
/usr/lib/gcc/arm-none-eabi/4.8.2/../../../arm-none-eabi/lib/armv7e-m/softfp/libg.a(lib_a-impure.o)
                              /usr/lib/gcc/arm-none-eabi/4.8.2/../../../arm-none-eabi/lib/armv7e-m/softfp/libg.a(lib_a-exit.o) (_global_impure_ptr)
/usr/lib/gcc/arm-none-eabi/4.8.2/../../../arm-none-eabi/lib/armv7e-m/softfp/libg.a(lib_a-init.o)
                              /usr/lib/gcc/arm-none-eabi/4.8.2/../../../arm-none-eabi/lib/armv7e-m/softfp/crt0.o (__libc_init_array)
/usr/lib/gcc/arm-none-eabi/4.8.2/../../../arm-none-eabi/lib/armv7e-m/softfp/libg.a(lib_a-memset.o)
                              /usr/lib/gcc/arm-none-eabi/4.8.2/../../../arm-none-eabi/lib/armv7e-m/softfp/crt0.o (memset)
/usr/lib/gcc/arm-none-eabi/4.8.2/../../../arm-none-eabi/lib/armv7e-m/softfp/libg.a(lib_a-putchar.o)
                              parser.o (putchar)
/usr/lib/gcc/arm-none-eabi/4.8.2/../../../arm-none-eabi/lib/armv7e-m/softfp/libg.a(lib_a-puts.o)
                              main.o (puts)
/usr/lib/gcc/arm-none-eabi/4.8.2/../../../arm-none-eabi/lib/armv7e-m/softfp/libg.a(lib_a-setvbuf.o)
                              terminal.o (setvbuf)
/usr/lib/gcc/arm-none-eabi/4.8.2/../../../arm-none-eabi/lib/armv7e-m/softfp/libg.a(lib_a-strcasecmp.o)
                              parser.o (strcasecmp)
/usr/lib/gcc/arm-none-eabi/4.8.2/../../../arm-none-eabi/lib/armv7e-m/softfp/libg.a(lib_a-strcpy.o)
                              parser.o (strcpy)
/usr/lib/gcc/arm-none-eabi/4.8.2/../../../arm-none-eabi/lib/armv7e-m/softfp/libg.a(lib_a-strlen.o)
                              parser.o (strlen)
/usr/lib/gcc/arm-none-eabi/4.8.2/../../../arm-none-eabi/lib/armv7e-m/softfp/libg.a(lib_a-strtok.o)
                              parser.o (strtok)
/usr/lib/gcc/arm-none-eabi/4.8.2/../../../arm-none-eabi/lib/armv7e-m/softfp/libg.a(lib_a-strtok_r.o)
                              /usr/lib/gcc/arm-none-eabi/4.8.2/../../../arm-none-eabi/lib/armv7e-m/softfp/libg.a(lib_a-strtok.o) (__strtok_r)
/usr/lib/gcc/arm-none-eabi/4.8.2/../../../arm-none-eabi/lib/armv7e-m/softfp/libg.a(lib_a-strtol.o)
                              parser.o (strtol)
/usr/lib/gcc/arm-none-eabi/4.8.2/../../../arm-none-eabi/lib/armv7e-m/softfp/libg.a(lib_a-strtoul.o)
                              parser.o (strtoul)
/usr/lib/gcc/arm-none-eabi/4.8.2/../../../arm-none-eabi/lib/armv7e-m/softfp/libg.a(lib_a-__atexit.o)
                              /usr/lib/gcc/arm-none-eabi/4.8.2/../../../arm-none-eabi/lib/armv7e-m/softfp/libg.a(lib_a-atexit.o) (__register_exitproc)
/usr/lib/gcc/arm-none-eabi/4.8.2/../../../arm-none-eabi/lib/armv7e-m/softfp/libg.a(lib_a-__call_atexit.o)
                              /usr/lib/gcc/arm-none-eabi/4.8.2/../../../arm-none-eabi/lib/armv7e-m/softfp/libg.a(lib_a-exit.o) (__call_exitprocs)
/usr/lib/gcc/arm-none-eabi/4.8.2/../../../arm-none-eabi/lib/armv7e-m/softfp/libg.a(lib_a-fflush.o)
                              /usr/lib/gcc/arm-none-eabi/4.8.2/../../../arm-none-eabi/lib/armv7e-m/softfp/libg.a(lib_a-setvbuf.o) (_fflush_r)
/usr/lib/gcc/arm-none-eabi/4.8.2/../../../arm-none-eabi/lib/armv7e-m/softfp/libg.a(lib_a-findfp.o)
                              /usr/lib/gcc/arm-none-eabi/4.8.2/../../../arm-none-eabi/lib/armv7e-m/softfp/libg.a(lib_a-setvbuf.o) (_cleanup_r)
/usr/lib/gcc/arm-none-eabi/4.8.2/../../../arm-none-eabi/lib/armv7e-m/softfp/libg.a(lib_a-freer.o)
                              /usr/lib/gcc/arm-none-eabi/4.8.2/../../../arm-none-eabi/lib/armv7e-m/softfp/libg.a(lib_a-setvbuf.o) (_free_r)
/usr/lib/gcc/arm-none-eabi/4.8.2/../../../arm-none-eabi/lib/armv7e-m/softfp/libg.a(lib_a-fvwrite.o)
                              /usr/lib/gcc/arm-none-eabi/4.8.2/../../../arm-none-eabi/lib/armv7e-m/softfp/libg.a(lib_a-puts.o) (__sfvwrite_r)
/usr/lib/gcc/arm-none-eabi/4.8.2/../../../arm-none-eabi/lib/armv7e-m/softfp/libg.a(lib_a-fwalk.o)
                              /usr/lib/gcc/arm-none-eabi/4.8.2/../../../arm-none-eabi/lib/armv7e-m/softfp/libg.a(lib_a-findfp.o) (_fwalk)
[...]
Memory Configuration

Name             Origin             Length             Attributes
FLASH            0x0000000008000000 0x0000000000040000 xr
RAM              0x0000000020000000 0x000000000000a000 xrw
CCMRAM           0x0000000010000000 0x0000000000002000 rw
*default*        0x0000000000000000 0xffffffffffffffff

Linker script and memory map

LOAD /usr/lib/gcc/arm-none-eabi/4.8.2/armv7e-m/softfp/crti.o
LOAD /usr/lib/gcc/arm-none-eabi/4.8.2/armv7e-m/softfp/crtbegin.o
LOAD /usr/lib/gcc/arm-none-eabi/4.8.2/../../../arm-none-eabi/lib/armv7e-m/softfp/crt0.o
LOAD main.o
LOAD monitor.o
LOAD uart.o
LOAD parser.o
LOAD dump.o
LOAD syscall.o
LOAD terminal.o
LOAD decoder/decoder.o
LOAD decoder/STM32F30x_decoder.o
LOAD printf_stdarg.o
LOAD mytest.o
LOAD mycode.o
LOAD Drivers/CMSIS/Device/ST/STM32F3xx/Source/Templates/system_stm32f3xx.o
LOAD Drivers/STM32F3xx_HAL_Driver/Src/stm32f3xx_hal_rcc.o
LOAD Drivers/STM32F3xx_HAL_Driver/Src/stm32f3xx_hal.o
LOAD Drivers/STM32F3xx_HAL_Driver/Src/stm32f3xx_hal_cortex.o
LOAD Drivers/STM32F3xx_HAL_Driver/Src/stm32f3xx_hal_uart.o
LOAD Drivers/STM32F3xx_HAL_Driver/Src/stm32f3xx_hal_gpio.o
LOAD Drivers/STM32F3xx_HAL_Driver/Src/stm32f3xx_hal_pcd.o
LOAD Drivers/STM32F3xx_HAL_Driver/Src/stm32f3xx_hal_pcd_ex.o
LOAD Drivers/STM32F3xx_HAL_Driver/Src/stm32f3xx_hal_i2c.o
LOAD Drivers/STM32F3xx_HAL_Driver/Src/stm32f3xx_hal_spi.o
LOAD Drivers/STM32_USB_Device_Library/Core/Src/usbd_core.o
LOAD Drivers/STM32_USB_Device_Library/Core/Src/usbd_ctlreq.o
LOAD Drivers/STM32_USB_Device_Library/Core/Src/usbd_ioreq.o
LOAD Drivers/STM32_USB_Device_Library/Class/CDC/Src/usbd_cdc.o
LOAD usbd_conf.o
LOAD usbd_desc.o
LOAD usbd_cdc_interface.o
LOAD Drivers/BSP/STM32F3-Discovery/stm32f3_discovery.o
LOAD Drivers/BSP/STM32F3-Discovery/stm32f3_discovery_accelerometer.o
LOAD Drivers/BSP/STM32F3-Discovery/stm32f3_discovery_gyroscope.o
LOAD Drivers/BSP/Components/lsm303dlhc/lsm303dlhc.o
LOAD Drivers/BSP/Components/l3gd20/l3gd20.o
LOAD Drivers/CMSIS/Device/ST/STM32F3xx/Source/Templates/gcc/startup_stm32f303xc.o
START GROUP
LOAD /usr/lib/gcc/arm-none-eabi/4.8.2/armv7e-m/softfp/libgcc.a
LOAD /usr/lib/gcc/arm-none-eabi/4.8.2/../../../arm-none-eabi/lib/armv7e-m/softfp/libg.a
LOAD /usr/lib/gcc/arm-none-eabi/4.8.2/../../../arm-none-eabi/lib/armv7e-m/softfp/libc.a
END GROUP
LOAD /usr/lib/gcc/arm-none-eabi/4.8.2/armv7e-m/softfp/crtend.o
LOAD /usr/lib/gcc/arm-none-eabi/4.8.2/armv7e-m/softfp/crtn.o
                0x0000000020007fff                _estack = 0x20007fff
                0x0000000000000200                _Min_Heap_Size = 0x200
                0x0000000000000400                _Min_Stack_Size = 0x400

.isr_vector     0x0000000008000000      0x188
                0x0000000008000000                . = ALIGN (0x4)
 *(.isr_vector)
 .isr_vector    0x0000000008000000      0x188 Drivers/CMSIS/Device/ST/STM32F3xx/Source/Templates/gcc/startup_stm32f303xc.o
                0x0000000008000000                g_pfnVectors
                0x0000000008000188                . = ALIGN (0x4)

.text           0x0000000008000188     0x6ae8
                0x0000000008000188                . = ALIGN (0x4)
 *(.text)
 .text          0x0000000008000188       0xc8 /usr/lib/gcc/arm-none-eabi/4.8.2/armv7e-m/softfp/crtbegin.o
 .text          0x0000000008000250       0x54 mycode.o
                0x0000000008000250                mytest
                0x0000000008000280                my_Tick
                0x0000000008000294                my_Loop
                0x0000000008000298                my_Init
 .text          0x00000000080002a4      0x134 /usr/lib/gcc/arm-none-eabi/4.8.2/../../../arm-none-eabi/lib/armv7e-m/softfp/libg.a(lib_a-memcpy.o)
                0x00000000080002a4                memcpy
 *(.text*)
 .text.CmdLED   0x00000000080003d8       0x5c main.o
                0x00000000080003d8                CmdLED
 .text.CmdAccel
                0x0000000008000434       0x28 main.o
                0x0000000008000434                CmdAccel
 .text.CmdGyro  0x000000000800045c       0x54 main.o
                0x000000000800045c                CmdGyro
 .text.CmdButton
                0x00000000080004b0       0x2c main.o
                0x00000000080004b0                CmdButton
 .text.Error_Handler
                0x00000000080004dc        0xa main.o
                0x00000000080004dc                Error_Handler
 *fill*         0x00000000080004e6        0x2 
 .text.startup.main
                0x00000000080004e8       0x9c main.o
                0x00000000080004e8                main
 .text.SysTick_Handler
                0x0000000008000584        0xe main.o
                0x0000000008000584                SysTick_Handler
 .text.CmdW     0x0000000008000592       0x1c monitor.o
                0x0000000008000592                CmdW
 *fill*         0x00000000080005ae        0x2 
 .text.CmdR     0x00000000080005b0       0x20 monitor.o
                0x00000000080005b0                CmdR
 .text.parse    0x00000000080005d0       0xfc parser.o
                0x00000000080005d0                parse
 .text.TaskInput
                0x00000000080006cc      0x12c parser.o
                0x00000000080006cc                TaskInput
 .text.fetch_uint32_arg
                0x00000000080007f8       0x28 parser.o
                0x00000000080007f8                fetch_uint32_arg
 .text.fetch_string_arg
                0x0000000008000820       0x20 parser.o
                0x0000000008000820                fetch_string_arg
 .text.DumpBuffer
                0x0000000008000840       0xa4 dump.o
                0x0000000008000840                DumpBuffer
 .text.CmdDump  0x00000000080008e4       0x54 dump.o
                0x00000000080008e4                CmdDump
 .text._sbrk_r  0x0000000008000938       0x34 syscall.o
                0x0000000008000938                _sbrk_r
 .text._close_r
                0x000000000800096c        0x6 syscall.o
                0x000000000800096c                _close_r
 .text._fstat_r
                0x0000000008000972        0xa syscall.o
                0x0000000008000972                _fstat_r
 .text._isatty_r
                0x000000000800097c        0x4 syscall.o
                0x000000000800097c                _isatty_r
 .text._lseek_r
                0x0000000008000980        0x4 syscall.o
                0x0000000008000980                _lseek_r
 .text.USBD_CDC_DataIn
                0x0000000008000984       0x80 terminal.o
 .text.CmdStats
                0x0000000008000a04       0x50 terminal.o
                0x0000000008000a04                CmdStats
 .text.TerminalInit
                0x0000000008000a54       0x7c terminal.o
                0x0000000008000a54                TerminalInit
 .text.TerminalRead
                0x0000000008000ad0       0x48 terminal.o
                0x0000000008000ad0                TerminalRead
 .text._read_r  0x0000000008000b18        0xa terminal.o
                0x0000000008000b18                _read_r
 .text.TerminalReadNonBlock
                0x0000000008000b22       0x12 terminal.o
                0x0000000008000b22                TerminalReadNonBlock
 .text.TerminalReadAnyNonBlock
                0x0000000008000b34       0x12 terminal.o
                0x0000000008000b34                TerminalReadAnyNonBlock
 *fill*         0x0000000008000b46        0x2 
 .text.TerminalOutputBufferWrite
                0x0000000008000b48       0xf0 terminal.o
                0x0000000008000b48                TerminalOutputBufferWrite
 .text._write_r
                0x0000000008000c38       0x38 terminal.o
                0x0000000008000c38                _write_r
 .text.TerminalInputBufferWrite
                0x0000000008000c70       0x74 terminal.o
                0x0000000008000c70                TerminalInputBufferWrite
 .text.USB_LP_CAN_RX0_IRQHandler
                0x0000000008000ce4        0xc terminal.o
                0x0000000008000ce4                USB_LP_CAN_RX0_IRQHandler
 .text.DecodeReadRegister
                0x0000000008000cf0       0x40 decoder/decoder.o
                0x0000000008000cf0                DecodeReadRegister
 .text.DecodeWriteRegister
                0x0000000008000d30       0x3c decoder/decoder.o
                0x0000000008000d30                DecodeWriteRegister
 .text.DecodeField
                0x0000000008000d6c       0x40 decoder/decoder.o
                0x0000000008000d6c                DecodeField
 .text.DecodeRegister
                0x0000000008000dac       0x4c decoder/decoder.o
                0x0000000008000dac                DecodeRegister
 .text.DecodePeripheral
                0x0000000008000df8       0x3c decoder/decoder.o
                0x0000000008000df8                DecodePeripheral
 .text.DecodePrintPeripherals
                0x0000000008000e34       0x50 decoder/decoder.o
                0x0000000008000e34                DecodePrintPeripherals
 .text.DecodePrintRegisters
                0x0000000008000e84       0x54 decoder/decoder.o
                0x0000000008000e84                DecodePrintRegisters
 .text.CmdDecode
                0x0000000008000ed8      0x1f8 decoder/decoder.o
                0x0000000008000ed8                CmdDecode
 .text.printchar
                0x00000000080010d0       0x28 printf_stdarg.o
 .text.prints   0x00000000080010f8       0x82 printf_stdarg.o
 .text.printi   0x000000000800117a       0x9a printf_stdarg.o
 .text.print    0x0000000008001214      0x120 printf_stdarg.o
 .text.printf   0x0000000008001334       0x1c printf_stdarg.o
                0x0000000008001334                printf
 .text.CmdTest  0x0000000008001350       0x30 mytest.o
                0x0000000008001350                CmdTest
 .text.SystemInit
                0x0000000008001380       0x68 Drivers/CMSIS/Device/ST/STM32F3xx/Source/Templates/system_stm32f3xx.o
                0x0000000008001380                SystemInit
 .text.HAL_RCC_OscConfig
                0x00000000080013e8      0x644 Drivers/STM32F3xx_HAL_Driver/Src/stm32f3xx_hal_rcc.o
                0x00000000080013e8                HAL_RCC_OscConfig
 .text.HAL_RCC_ClockConfig
                0x0000000008001a2c      0x2fc Drivers/STM32F3xx_HAL_Driver/Src/stm32f3xx_hal_rcc.o
                0x0000000008001a2c                HAL_RCC_ClockConfig
 .text.HAL_RCC_GetSysClockFreq
                0x0000000008001d28       0x6c Drivers/STM32F3xx_HAL_Driver/Src/stm32f3xx_hal_rcc.o
                0x0000000008001d28                HAL_RCC_GetSysClockFreq
 .text.HAL_RCC_GetHCLKFreq
                0x0000000008001d94       0x38 Drivers/STM32F3xx_HAL_Driver/Src/stm32f3xx_hal_rcc.o
                0x0000000008001d94                HAL_RCC_GetHCLKFreq
 .text.HAL_MspInit
                0x0000000008001dcc        0x2 Drivers/STM32F3xx_HAL_Driver/Src/stm32f3xx_hal.o
                0x0000000008001dcc                HAL_MspInit
 .text.HAL_InitTick
                0x0000000008001dce       0x24 Drivers/STM32F3xx_HAL_Driver/Src/stm32f3xx_hal.o
                0x0000000008001dce                HAL_InitTick
 *fill*         0x0000000008001df2        0x2 
 .text.HAL_Init
                0x0000000008001df4       0x24 Drivers/STM32F3xx_HAL_Driver/Src/stm32f3xx_hal.o
                0x0000000008001df4                HAL_Init
 .text.HAL_IncTick
                0x0000000008001e18       0x10 Drivers/STM32F3xx_HAL_Driver/Src/stm32f3xx_hal.o
                0x0000000008001e18                HAL_IncTick
 .text.HAL_GetTick
                0x0000000008001e28        0xc Drivers/STM32F3xx_HAL_Driver/Src/stm32f3xx_hal.o
                0x0000000008001e28                HAL_GetTick
 .text.HAL_Delay
                0x0000000008001e34       0x1a Drivers/STM32F3xx_HAL_Driver/Src/stm32f3xx_hal.o
                0x0000000008001e34                HAL_Delay
 *fill*         0x0000000008001e4e        0x2 
 .text.HAL_NVIC_SetPriorityGrouping
                0x0000000008001e50       0x24 Drivers/STM32F3xx_HAL_Driver/Src/stm32f3xx_hal_cortex.o
                0x0000000008001e50                HAL_NVIC_SetPriorityGrouping
 .text.HAL_NVIC_SetPriority
                0x0000000008001e74       0x64 Drivers/STM32F3xx_HAL_Driver/Src/stm32f3xx_hal_cortex.o
                0x0000000008001e74                HAL_NVIC_SetPriority
 .text.HAL_NVIC_EnableIRQ
                0x0000000008001ed8       0x18 Drivers/STM32F3xx_HAL_Driver/Src/stm32f3xx_hal_cortex.o
                0x0000000008001ed8                HAL_NVIC_EnableIRQ
 .text.HAL_SYSTICK_Config
                0x0000000008001ef0       0x2c Drivers/STM32F3xx_HAL_Driver/Src/stm32f3xx_hal_cortex.o
                0x0000000008001ef0                HAL_SYSTICK_Config
 .text.HAL_GPIO_Init
                0x0000000008001f1c      0x170 Drivers/STM32F3xx_HAL_Driver/Src/stm32f3xx_hal_gpio.o
                0x0000000008001f1c                HAL_GPIO_Init
 .text.HAL_GPIO_ReadPin
                0x000000000800208c        0xc Drivers/STM32F3xx_HAL_Driver/Src/stm32f3xx_hal_gpio.o
                0x000000000800208c                HAL_GPIO_ReadPin
 .text.HAL_GPIO_WritePin
                0x0000000008002098        0xa Drivers/STM32F3xx_HAL_Driver/Src/stm32f3xx_hal_gpio.o
                0x0000000008002098                HAL_GPIO_WritePin
 .text.HAL_PCD_Init
                0x00000000080020a2       0x8c Drivers/STM32F3xx_HAL_Driver/Src/stm32f3xx_hal_pcd.o
                0x00000000080020a2                HAL_PCD_Init
 .text.HAL_PCD_Start
                0x000000000800212e        0xc Drivers/STM32F3xx_HAL_Driver/Src/stm32f3xx_hal_pcd.o
                0x000000000800212e                HAL_PCD_Start
 .text.HAL_PCD_SetAddress
                0x000000000800213a       0x2c Drivers/STM32F3xx_HAL_Driver/Src/stm32f3xx_hal_pcd.o
                0x000000000800213a                HAL_PCD_SetAddress
 .text.HAL_PCD_EP_Open
                0x0000000008002166      0x346 Drivers/STM32F3xx_HAL_Driver/Src/stm32f3xx_hal_pcd.o
                0x0000000008002166                HAL_PCD_EP_Open
 .text.HAL_PCD_EP_Close
                0x00000000080024ac      0x1b6 Drivers/STM32F3xx_HAL_Driver/Src/stm32f3xx_hal_pcd.o
                0x00000000080024ac                HAL_PCD_EP_Close
 .text.HAL_PCD_EP_Receive
                0x0000000008002662       0xd0 Drivers/STM32F3xx_HAL_Driver/Src/stm32f3xx_hal_pcd.o
                0x0000000008002662                HAL_PCD_EP_Receive
 .text.HAL_PCD_EP_GetRxCount
                0x0000000008002732       0x10 Drivers/STM32F3xx_HAL_Driver/Src/stm32f3xx_hal_pcd.o
                0x0000000008002732                HAL_PCD_EP_GetRxCount
 .text.HAL_PCD_EP_Transmit
                0x0000000008002742      0x158 Drivers/STM32F3xx_HAL_Driver/Src/stm32f3xx_hal_pcd.o
                0x0000000008002742                HAL_PCD_EP_Transmit
 .text.HAL_PCD_IRQHandler
                0x000000000800289a      0x462 Drivers/STM32F3xx_HAL_Driver/Src/stm32f3xx_hal_pcd.o
                0x000000000800289a                HAL_PCD_IRQHandler
 .text.HAL_PCD_EP_SetStall
                0x0000000008002cfc       0xa2 Drivers/STM32F3xx_HAL_Driver/Src/stm32f3xx_hal_pcd.o
                0x0000000008002cfc                HAL_PCD_EP_SetStall
 .text.HAL_PCD_EP_ClrStall
                0x0000000008002d9e       0xc8 Drivers/STM32F3xx_HAL_Driver/Src/stm32f3xx_hal_pcd.o
                0x0000000008002d9e                HAL_PCD_EP_ClrStall
 .text.HAL_PCDEx_PMAConfig
                0x0000000008002e66       0x34 Drivers/STM32F3xx_HAL_Driver/Src/stm32f3xx_hal_pcd_ex.o
                0x0000000008002e66                HAL_PCDEx_PMAConfig
 .text.PCD_WritePMA
                0x0000000008002e9a       0x2e Drivers/STM32F3xx_HAL_Driver/Src/stm32f3xx_hal_pcd_ex.o
                0x0000000008002e9a                PCD_WritePMA
 .text.PCD_ReadPMA
                0x0000000008002ec8       0x22 Drivers/STM32F3xx_HAL_Driver/Src/stm32f3xx_hal_pcd_ex.o
                0x0000000008002ec8                PCD_ReadPMA
 .text.HAL_PCDEx_SetConnectionState
                0x0000000008002eea        0x2 Drivers/STM32F3xx_HAL_Driver/Src/stm32f3xx_hal_pcd_ex.o
                0x0000000008002eea                HAL_PCDEx_SetConnectionState
 .text.I2C_TransferConfig
                0x0000000008002eec       0x24 Drivers/STM32F3xx_HAL_Driver/Src/stm32f3xx_hal_i2c.o
 .text.I2C_IsAcknowledgeFailed
                0x0000000008002f10       0x90 Drivers/STM32F3xx_HAL_Driver/Src/stm32f3xx_hal_i2c.o
 .text.I2C_WaitOnFlagUntilTimeout
                0x0000000008002fa0       0x68 Drivers/STM32F3xx_HAL_Driver/Src/stm32f3xx_hal_i2c.o
 .text.I2C_WaitOnTXISFlagUntilTimeout
                0x0000000008003008       0x54 Drivers/STM32F3xx_HAL_Driver/Src/stm32f3xx_hal_i2c.o
 .text.I2C_RequestMemoryWrite
                0x000000000800305c       0x66 Drivers/STM32F3xx_HAL_Driver/Src/stm32f3xx_hal_i2c.o
 .text.I2C_RequestMemoryRead
                0x00000000080030c2       0x64 Drivers/STM32F3xx_HAL_Driver/Src/stm32f3xx_hal_i2c.o
 .text.I2C_WaitOnSTOPFlagUntilTimeout
                0x0000000008003126       0x50 Drivers/STM32F3xx_HAL_Driver/Src/stm32f3xx_hal_i2c.o
 .text.HAL_I2C_MspInit
                0x0000000008003176        0x2 Drivers/STM32F3xx_HAL_Driver/Src/stm32f3xx_hal_i2c.o
                0x0000000008003176                HAL_I2C_MspInit
 .text.HAL_I2C_Init
                0x0000000008003178       0x90 Drivers/STM32F3xx_HAL_Driver/Src/stm32f3xx_hal_i2c.o
                0x0000000008003178                HAL_I2C_Init
 .text.HAL_I2C_MspDeInit
                0x0000000008003208        0x2 Drivers/STM32F3xx_HAL_Driver/Src/stm32f3xx_hal_i2c.o
                0x0000000008003208                HAL_I2C_MspDeInit
 .text.HAL_I2C_DeInit
                0x000000000800320a       0x2e Drivers/STM32F3xx_HAL_Driver/Src/stm32f3xx_hal_i2c.o
                0x000000000800320a                HAL_I2C_DeInit
 .text.HAL_I2C_Mem_Write
                0x0000000008003238       0xfc Drivers/STM32F3xx_HAL_Driver/Src/stm32f3xx_hal_i2c.o
                0x0000000008003238                HAL_I2C_Mem_Write
 .text.HAL_I2C_Mem_Read
                0x0000000008003334      0x108 Drivers/STM32F3xx_HAL_Driver/Src/stm32f3xx_hal_i2c.o
                0x0000000008003334                HAL_I2C_Mem_Read
 .text.HAL_I2C_GetState
                0x000000000800343c        0x6 Drivers/STM32F3xx_HAL_Driver/Src/stm32f3xx_hal_i2c.o
                0x000000000800343c                HAL_I2C_GetState
 .text.SPI_WaitFlagStateUntilTimeout
                0x0000000008003442       0x8a Drivers/STM32F3xx_HAL_Driver/Src/stm32f3xx_hal_spi.o
 .text.SPI_WaitFifoStateUntilTimeout
                0x00000000080034cc       0x9a Drivers/STM32F3xx_HAL_Driver/Src/stm32f3xx_hal_spi.o
 .text.SPI_EndRxTxTransaction
                0x0000000008003566       0x42 Drivers/STM32F3xx_HAL_Driver/Src/stm32f3xx_hal_spi.o
 .text.HAL_SPI_MspInit
                0x00000000080035a8        0x2 Drivers/STM32F3xx_HAL_Driver/Src/stm32f3xx_hal_spi.o
                0x00000000080035a8                HAL_SPI_MspInit
 .text.HAL_SPI_Init
                0x00000000080035aa       0xa4 Drivers/STM32F3xx_HAL_Driver/Src/stm32f3xx_hal_spi.o
                0x00000000080035aa                HAL_SPI_Init
 .text.HAL_SPI_MspDeInit
                0x000000000800364e        0x2 Drivers/STM32F3xx_HAL_Driver/Src/stm32f3xx_hal_spi.o
                0x000000000800364e                HAL_SPI_MspDeInit
 .text.HAL_SPI_DeInit
                0x0000000008003650       0x2e Drivers/STM32F3xx_HAL_Driver/Src/stm32f3xx_hal_spi.o
                0x0000000008003650                HAL_SPI_DeInit
 .text.HAL_SPI_TransmitReceive
                0x000000000800367e      0x284 Drivers/STM32F3xx_HAL_Driver/Src/stm32f3xx_hal_spi.o
                0x000000000800367e                HAL_SPI_TransmitReceive
 .text.HAL_SPI_GetState
                0x0000000008003902        0x6 Drivers/STM32F3xx_HAL_Driver/Src/stm32f3xx_hal_spi.o
                0x0000000008003902                HAL_SPI_GetState
 .text.USBD_Init
                0x0000000008003908       0x2a Drivers/STM32_USB_Device_Library/Core/Src/usbd_core.o
                0x0000000008003908                USBD_Init
 .text.USBD_RegisterClass
                0x0000000008003932        0xe Drivers/STM32_USB_Device_Library/Core/Src/usbd_core.o
                0x0000000008003932                USBD_RegisterClass
 .text.USBD_Start
                0x0000000008003940        0xa Drivers/STM32_USB_Device_Library/Core/Src/usbd_core.o
                0x0000000008003940                USBD_Start
 .text.USBD_SetClassConfig
                0x000000000800394a       0x16 Drivers/STM32_USB_Device_Library/Core/Src/usbd_core.o
                0x000000000800394a                USBD_SetClassConfig
 .text.USBD_ClrClassConfig
                0x0000000008003960        0xe Drivers/STM32_USB_Device_Library/Core/Src/usbd_core.o
                0x0000000008003960                USBD_ClrClassConfig
 .text.USBD_LL_SetupStage
                0x000000000800396e       0x5a Drivers/STM32_USB_Device_Library/Core/Src/usbd_core.o
                0x000000000800396e                USBD_LL_SetupStage
 .text.USBD_LL_DataOutStage
                0x00000000080039c8       0x60 Drivers/STM32_USB_Device_Library/Core/Src/usbd_core.o
                0x00000000080039c8                USBD_LL_DataOutStage
 .text.USBD_LL_DataInStage
                0x0000000008003a28       0x8a Drivers/STM32_USB_Device_Library/Core/Src/usbd_core.o
                0x0000000008003a28                USBD_LL_DataInStage
 .text.USBD_LL_Reset
                0x0000000008003ab2       0x3e Drivers/STM32_USB_Device_Library/Core/Src/usbd_core.o
                0x0000000008003ab2                USBD_LL_Reset
 .text.USBD_LL_SetSpeed
                0x0000000008003af0        0x6 Drivers/STM32_USB_Device_Library/Core/Src/usbd_core.o
                0x0000000008003af0                USBD_LL_SetSpeed
 .text.USBD_LL_SOF
                0x0000000008003af6       0x18 Drivers/STM32_USB_Device_Library/Core/Src/usbd_core.o
                0x0000000008003af6                USBD_LL_SOF
 .text.USBD_ParseSetupRequest
                0x0000000008003b0e       0x28 Drivers/STM32_USB_Device_Library/Core/Src/usbd_ctlreq.o
                0x0000000008003b0e                USBD_ParseSetupRequest
 .text.USBD_CtlError
                0x0000000008003b36       0x16 Drivers/STM32_USB_Device_Library/Core/Src/usbd_ctlreq.o
                0x0000000008003b36                USBD_CtlError
 .text.USBD_StdDevReq
                0x0000000008003b4c      0x218 Drivers/STM32_USB_Device_Library/Core/Src/usbd_ctlreq.o
                0x0000000008003b4c                USBD_StdDevReq
 .text.USBD_StdItfReq
                0x0000000008003d64       0x30 Drivers/STM32_USB_Device_Library/Core/Src/usbd_ctlreq.o
                0x0000000008003d64                USBD_StdItfReq
 .text.USBD_StdEPReq
                0x0000000008003d94       0xb4 Drivers/STM32_USB_Device_Library/Core/Src/usbd_ctlreq.o
                0x0000000008003d94                USBD_StdEPReq
 .text.USBD_GetString
                0x0000000008003e48       0x3c Drivers/STM32_USB_Device_Library/Core/Src/usbd_ctlreq.o
                0x0000000008003e48                USBD_GetString
 .text.USBD_CtlSendData
                0x0000000008003e84       0x1c Drivers/STM32_USB_Device_Library/Core/Src/usbd_ioreq.o
                0x0000000008003e84                USBD_CtlSendData
 .text.USBD_CtlContinueSendData
                0x0000000008003ea0       0x12 Drivers/STM32_USB_Device_Library/Core/Src/usbd_ioreq.o
                0x0000000008003ea0                USBD_CtlContinueSendData
 .text.USBD_CtlPrepareRx
                0x0000000008003eb2       0x20 Drivers/STM32_USB_Device_Library/Core/Src/usbd_ioreq.o
                0x0000000008003eb2                USBD_CtlPrepareRx
 .text.USBD_CtlContinueRx
                0x0000000008003ed2       0x12 Drivers/STM32_USB_Device_Library/Core/Src/usbd_ioreq.o
                0x0000000008003ed2                USBD_CtlContinueRx
 .text.USBD_CtlSendStatus
                0x0000000008003ee4       0x16 Drivers/STM32_USB_Device_Library/Core/Src/usbd_ioreq.o
                0x0000000008003ee4                USBD_CtlSendStatus
 .text.USBD_CtlReceiveStatus
                0x0000000008003efa       0x16 Drivers/STM32_USB_Device_Library/Core/Src/usbd_ioreq.o
                0x0000000008003efa                USBD_CtlReceiveStatus
 .text.USBD_CDC_DataIn
                0x0000000008003f10       0x12 Drivers/STM32_USB_Device_Library/Class/CDC/Src/usbd_cdc.o
 .text.USBD_CDC_EP0_RxReady
                0x0000000008003f22       0x28 Drivers/STM32_USB_Device_Library/Class/CDC/Src/usbd_cdc.o
 *fill*         0x0000000008003f4a        0x2 
 .text.USBD_CDC_GetFSCfgDesc
                0x0000000008003f4c        0xc Drivers/STM32_USB_Device_Library/Class/CDC/Src/usbd_cdc.o
 .text.USBD_CDC_GetHSCfgDesc
                0x0000000008003f58        0xc Drivers/STM32_USB_Device_Library/Class/CDC/Src/usbd_cdc.o
 .text.USBD_CDC_GetOtherSpeedCfgDesc
                0x0000000008003f64        0xc Drivers/STM32_USB_Device_Library/Class/CDC/Src/usbd_cdc.o
 .text.USBD_CDC_GetDeviceQualifierDescriptor
                0x0000000008003f70        0xc Drivers/STM32_USB_Device_Library/Class/CDC/Src/usbd_cdc.o
                0x0000000008003f70                USBD_CDC_GetDeviceQualifierDescriptor
 .text.USBD_CDC_DataOut
                0x0000000008003f7c       0x2e Drivers/STM32_USB_Device_Library/Class/CDC/Src/usbd_cdc.o
 .text.USBD_CDC_Setup
                0x0000000008003faa       0x5a Drivers/STM32_USB_Device_Library/Class/CDC/Src/usbd_cdc.o
 .text.USBD_CDC_DeInit
                0x0000000008004004       0x3a Drivers/STM32_USB_Device_Library/Class/CDC/Src/usbd_cdc.o
 .text.USBD_CDC_Init
                0x000000000800403e       0x86 Drivers/STM32_USB_Device_Library/Class/CDC/Src/usbd_cdc.o
 .text.USBD_CDC_RegisterInterface
                0x00000000080040c4        0xe Drivers/STM32_USB_Device_Library/Class/CDC/Src/usbd_cdc.o
                0x00000000080040c4                USBD_CDC_RegisterInterface
 .text.USBD_CDC_SetTxBuffer
                0x00000000080040d2       0x10 Drivers/STM32_USB_Device_Library/Class/CDC/Src/usbd_cdc.o
                0x00000000080040d2                USBD_CDC_SetTxBuffer
 .text.USBD_CDC_SetRxBuffer
                0x00000000080040e2        0xc Drivers/STM32_USB_Device_Library/Class/CDC/Src/usbd_cdc.o
                0x00000000080040e2                USBD_CDC_SetRxBuffer
 .text.USBD_CDC_TransmitPacket
                0x00000000080040ee       0x2e Drivers/STM32_USB_Device_Library/Class/CDC/Src/usbd_cdc.o
                0x00000000080040ee                USBD_CDC_TransmitPacket
 .text.USBD_CDC_ReceivePacket
                0x000000000800411c       0x26 Drivers/STM32_USB_Device_Library/Class/CDC/Src/usbd_cdc.o
                0x000000000800411c                USBD_CDC_ReceivePacket
 *fill*         0x0000000008004142        0x2 
 .text.HAL_PCD_MspInit
                0x0000000008004144       0x9c usbd_conf.o
                0x0000000008004144                HAL_PCD_MspInit
 .text.HAL_PCD_SetupStageCallback
                0x00000000080041e0        0xe usbd_conf.o
                0x00000000080041e0                HAL_PCD_SetupStageCallback
 .text.HAL_PCD_DataOutStageCallback
                0x00000000080041ee       0x12 usbd_conf.o
                0x00000000080041ee                HAL_PCD_DataOutStageCallback
 .text.HAL_PCD_DataInStageCallback
                0x0000000008004200       0x10 usbd_conf.o
                0x0000000008004200                HAL_PCD_DataInStageCallback
 .text.HAL_PCD_SOFCallback
                0x0000000008004210        0x8 usbd_conf.o
                0x0000000008004210                HAL_PCD_SOFCallback
 .text.HAL_PCD_ResetCallback
                0x0000000008004218       0x1a usbd_conf.o
                0x0000000008004218                HAL_PCD_ResetCallback
 .text.HAL_PCD_SuspendCallback
                0x0000000008004232        0x2 usbd_conf.o
                0x0000000008004232                HAL_PCD_SuspendCallback
 .text.HAL_PCD_ResumeCallback
                0x0000000008004234        0x2 usbd_conf.o
                0x0000000008004234                HAL_PCD_ResumeCallback
 *fill*         0x0000000008004236        0x2 
 .text.USBD_LL_Init
                0x0000000008004238       0x7c usbd_conf.o
                0x0000000008004238                USBD_LL_Init
 .text.USBD_LL_Start
                0x00000000080042b4        0xe usbd_conf.o
                0x00000000080042b4                USBD_LL_Start
 .text.USBD_LL_OpenEP
                0x00000000080042c2       0x14 usbd_conf.o
                0x00000000080042c2                USBD_LL_OpenEP
 .text.USBD_LL_CloseEP
                0x00000000080042d6        0xe usbd_conf.o
                0x00000000080042d6                USBD_LL_CloseEP
 .text.USBD_LL_StallEP
                0x00000000080042e4        0xe usbd_conf.o
                0x00000000080042e4                USBD_LL_StallEP
 .text.USBD_LL_ClearStallEP
                0x00000000080042f2        0xe usbd_conf.o
                0x00000000080042f2                USBD_LL_ClearStallEP
 .text.USBD_LL_IsStallEP
                0x0000000008004300       0x26 usbd_conf.o
                0x0000000008004300                USBD_LL_IsStallEP
 .text.USBD_LL_SetUSBAddress
                0x0000000008004326        0xe usbd_conf.o
                0x0000000008004326                USBD_LL_SetUSBAddress
 .text.USBD_LL_Transmit
                0x0000000008004334        0xe usbd_conf.o
                0x0000000008004334                USBD_LL_Transmit
 .text.USBD_LL_PrepareReceive
                0x0000000008004342        0xe usbd_conf.o
                0x0000000008004342                USBD_LL_PrepareReceive
 .text.USBD_LL_GetRxDataSize
                0x0000000008004350        0xc usbd_conf.o
                0x0000000008004350                USBD_LL_GetRxDataSize
 .text.USBD_static_malloc
                0x000000000800435c        0x8 usbd_conf.o
                0x000000000800435c                USBD_static_malloc
 .text.USBD_static_free
                0x0000000008004364        0x2 usbd_conf.o
                0x0000000008004364                USBD_static_free
 *fill*         0x0000000008004366        0x2 
 .text.USBD_VCP_DeviceDescriptor
                0x0000000008004368        0xc usbd_desc.o
                0x0000000008004368                USBD_VCP_DeviceDescriptor
 .text.USBD_VCP_LangIDStrDescriptor
                0x0000000008004374        0xc usbd_desc.o
                0x0000000008004374                USBD_VCP_LangIDStrDescriptor
 .text.IntToUnicode
                0x0000000008004380       0x28 usbd_desc.o
 .text.USBD_VCP_SerialStrDescriptor
                0x00000000080043a8       0x3c usbd_desc.o
                0x00000000080043a8                USBD_VCP_SerialStrDescriptor
 .text.USBD_VCP_ProductStrDescriptor
                0x00000000080043e4       0x1c usbd_desc.o
                0x00000000080043e4                USBD_VCP_ProductStrDescriptor
 .text.USBD_VCP_ManufacturerStrDescriptor
                0x0000000008004400       0x1c usbd_desc.o
                0x0000000008004400                USBD_VCP_ManufacturerStrDescriptor
 .text.USBD_VCP_ConfigStrDescriptor
                0x000000000800441c       0x1c usbd_desc.o
                0x000000000800441c                USBD_VCP_ConfigStrDescriptor
 .text.USBD_VCP_InterfaceStrDescriptor
                0x0000000008004438       0x1c usbd_desc.o
                0x0000000008004438                USBD_VCP_InterfaceStrDescriptor
 .text.CDC_Itf_DeInit
                0x0000000008004454        0x4 usbd_cdc_interface.o
 .text.CDC_Itf_Receive
                0x0000000008004458       0x20 usbd_cdc_interface.o
 .text.CDC_Itf_Init
                0x0000000008004478       0x18 usbd_cdc_interface.o
 .text.CDC_Itf_Control
                0x0000000008004490       0x58 usbd_cdc_interface.o
 .text.SPIx_Init
                0x00000000080044e8       0x80 Drivers/BSP/STM32F3-Discovery/stm32f3_discovery.o
 .text.SPIx_WriteRead
                0x0000000008004568       0x40 Drivers/BSP/STM32F3-Discovery/stm32f3_discovery.o
 .text.I2Cx_Init
                0x00000000080045a8       0x6c Drivers/BSP/STM32F3-Discovery/stm32f3_discovery.o
 .text.BSP_LED_Init
                0x0000000008004614       0x68 Drivers/BSP/STM32F3-Discovery/stm32f3_discovery.o
                0x0000000008004614                BSP_LED_Init
 .text.BSP_LED_On
                0x000000000800467c       0x1c Drivers/BSP/STM32F3-Discovery/stm32f3_discovery.o
                0x000000000800467c                BSP_LED_On
 .text.BSP_LED_Off
                0x0000000008004698       0x1c Drivers/BSP/STM32F3-Discovery/stm32f3_discovery.o
                0x0000000008004698                BSP_LED_Off
 .text.BSP_PB_Init
                0x00000000080046b4       0x74 Drivers/BSP/STM32F3-Discovery/stm32f3_discovery.o
                0x00000000080046b4                BSP_PB_Init
 .text.BSP_PB_GetState
                0x0000000008004728       0x14 Drivers/BSP/STM32F3-Discovery/stm32f3_discovery.o
                0x0000000008004728                BSP_PB_GetState
 .text.GYRO_IO_Init
                0x000000000800473c       0x68 Drivers/BSP/STM32F3-Discovery/stm32f3_discovery.o
                0x000000000800473c                GYRO_IO_Init
 .text.GYRO_IO_Write
                0x00000000080047a4       0x44 Drivers/BSP/STM32F3-Discovery/stm32f3_discovery.o
                0x00000000080047a4                GYRO_IO_Write
 .text.GYRO_IO_Read
                0x00000000080047e8       0x48 Drivers/BSP/STM32F3-Discovery/stm32f3_discovery.o
                0x00000000080047e8                GYRO_IO_Read
 .text.COMPASSACCELERO_IO_Init
                0x0000000008004830       0x64 Drivers/BSP/STM32F3-Discovery/stm32f3_discovery.o
                0x0000000008004830                COMPASSACCELERO_IO_Init
 .text.COMPASSACCELERO_IO_ITConfig
                0x0000000008004894       0x48 Drivers/BSP/STM32F3-Discovery/stm32f3_discovery.o
                0x0000000008004894                COMPASSACCELERO_IO_ITConfig
 .text.COMPASSACCELERO_IO_Write
                0x00000000080048dc       0x3c Drivers/BSP/STM32F3-Discovery/stm32f3_discovery.o
                0x00000000080048dc                COMPASSACCELERO_IO_Write
 .text.COMPASSACCELERO_IO_Read
                0x0000000008004918       0x40 Drivers/BSP/STM32F3-Discovery/stm32f3_discovery.o
                0x0000000008004918                COMPASSACCELERO_IO_Read
 .text.BSP_ACCELERO_Init
                0x0000000008004958       0x30 Drivers/BSP/STM32F3-Discovery/stm32f3_discovery_accelerometer.o
                0x0000000008004958                BSP_ACCELERO_Init
 .text.BSP_ACCELERO_GetXYZ
                0x0000000008004988       0x14 Drivers/BSP/STM32F3-Discovery/stm32f3_discovery_accelerometer.o
                0x0000000008004988                BSP_ACCELERO_GetXYZ
 .text.BSP_GYRO_Init
                0x000000000800499c       0x44 Drivers/BSP/STM32F3-Discovery/stm32f3_discovery_gyroscope.o
                0x000000000800499c                BSP_GYRO_Init
 .text.BSP_GYRO_GetXYZ
                0x00000000080049e0       0x14 Drivers/BSP/STM32F3-Discovery/stm32f3_discovery_gyroscope.o
                0x00000000080049e0                BSP_GYRO_GetXYZ
 .text.LSM303DLHC_AccInit
                0x00000000080049f4       0x20 Drivers/BSP/Components/lsm303dlhc/lsm303dlhc.o
                0x00000000080049f4                LSM303DLHC_AccInit
 .text.LSM303DLHC_AccReadID
                0x0000000008004a14       0x12 Drivers/BSP/Components/lsm303dlhc/lsm303dlhc.o
                0x0000000008004a14                LSM303DLHC_AccReadID
 .text.LSM303DLHC_AccRebootCmd
                0x0000000008004a26       0x1c Drivers/BSP/Components/lsm303dlhc/lsm303dlhc.o
                0x0000000008004a26                LSM303DLHC_AccRebootCmd
 .text.LSM303DLHC_AccFilterConfig
                0x0000000008004a42       0x1e Drivers/BSP/Components/lsm303dlhc/lsm303dlhc.o
                0x0000000008004a42                LSM303DLHC_AccFilterConfig
 .text.LSM303DLHC_AccFilterCmd
                0x0000000008004a60       0x1e Drivers/BSP/Components/lsm303dlhc/lsm303dlhc.o
                0x0000000008004a60                LSM303DLHC_AccFilterCmd
 .text.LSM303DLHC_AccReadXYZ
                0x0000000008004a7e       0xee Drivers/BSP/Components/lsm303dlhc/lsm303dlhc.o
                0x0000000008004a7e                LSM303DLHC_AccReadXYZ
 .text.LSM303DLHC_AccFilterClickCmd
                0x0000000008004b6c       0x1e Drivers/BSP/Components/lsm303dlhc/lsm303dlhc.o
                0x0000000008004b6c                LSM303DLHC_AccFilterClickCmd
 .text.LSM303DLHC_AccIT1Enable
                0x0000000008004b8a       0x1e Drivers/BSP/Components/lsm303dlhc/lsm303dlhc.o
                0x0000000008004b8a                LSM303DLHC_AccIT1Enable
 .text.LSM303DLHC_AccClickITEnable
                0x0000000008004ba8       0x46 Drivers/BSP/Components/lsm303dlhc/lsm303dlhc.o
                0x0000000008004ba8                LSM303DLHC_AccClickITEnable
 .text.LSM303DLHC_AccZClickITConfig
                0x0000000008004bee       0x1c Drivers/BSP/Components/lsm303dlhc/lsm303dlhc.o
                0x0000000008004bee                LSM303DLHC_AccZClickITConfig
 .text.L3GD20_Init
                0x0000000008004c0a       0x32 Drivers/BSP/Components/l3gd20/l3gd20.o
                0x0000000008004c0a                L3GD20_Init
 .text.L3GD20_ReadID
                0x0000000008004c3c       0x1c Drivers/BSP/Components/l3gd20/l3gd20.o
                0x0000000008004c3c                L3GD20_ReadID
 .text.L3GD20_RebootCmd
                0x0000000008004c58       0x2c Drivers/BSP/Components/l3gd20/l3gd20.o
                0x0000000008004c58                L3GD20_RebootCmd
 .text.L3GD20_INT1InterruptConfig
                0x0000000008004c84       0x5c Drivers/BSP/Components/l3gd20/l3gd20.o
                0x0000000008004c84                L3GD20_INT1InterruptConfig
 .text.L3GD20_EnableIT
                0x0000000008004ce0       0x40 Drivers/BSP/Components/l3gd20/l3gd20.o
                0x0000000008004ce0                L3GD20_EnableIT
 .text.L3GD20_DisableIT
                0x0000000008004d20       0x3c Drivers/BSP/Components/l3gd20/l3gd20.o
                0x0000000008004d20                L3GD20_DisableIT
 .text.L3GD20_FilterConfig
                0x0000000008004d5c       0x2e Drivers/BSP/Components/l3gd20/l3gd20.o
                0x0000000008004d5c                L3GD20_FilterConfig
 .text.L3GD20_FilterCmd
                0x0000000008004d8a       0x2e Drivers/BSP/Components/l3gd20/l3gd20.o
                0x0000000008004d8a                L3GD20_FilterCmd
 .text.L3GD20_ReadXYZAngRate
                0x0000000008004db8       0xdc Drivers/BSP/Components/l3gd20/l3gd20.o
                0x0000000008004db8                L3GD20_ReadXYZAngRate
 .text.Reset_Handler
                0x0000000008004e94       0x50 Drivers/CMSIS/Device/ST/STM32F3xx/Source/Templates/gcc/startup_stm32f303xc.o
                0x0000000008004e94                Reset_Handler
 .text.Default_Handler
                0x0000000008004ee4        0x2 Drivers/CMSIS/Device/ST/STM32F3xx/Source/Templates/gcc/startup_stm32f303xc.o
                0x0000000008004ee4                RTC_Alarm_IRQHandler
                0x0000000008004ee4                TIM8_TRG_COM_IRQHandler
                0x0000000008004ee4                TIM8_CC_IRQHandler
                0x0000000008004ee4                DebugMon_Handler
                0x0000000008004ee4                TIM1_CC_IRQHandler
                0x0000000008004ee4                HardFault_Handler
                0x0000000008004ee4                USB_HP_IRQHandler
                0x0000000008004ee4                PVD_IRQHandler
                0x0000000008004ee4                TAMP_STAMP_IRQHandler
                0x0000000008004ee4                PendSV_Handler
                0x0000000008004ee4                NMI_Handler
                0x0000000008004ee4                EXTI3_IRQHandler
                0x0000000008004ee4                USB_HP_CAN_TX_IRQHandler
                0x0000000008004ee4                EXTI0_IRQHandler
                0x0000000008004ee4                I2C2_EV_IRQHandler
                0x0000000008004ee4                FPU_IRQHandler
                0x0000000008004ee4                TIM1_UP_TIM16_IRQHandler
                0x0000000008004ee4                UsageFault_Handler
                0x0000000008004ee4                ADC1_2_IRQHandler
                0x0000000008004ee4                SPI1_IRQHandler
                0x0000000008004ee4                CAN_SCE_IRQHandler
                0x0000000008004ee4                TIM6_DAC_IRQHandler
                0x0000000008004ee4                TIM8_UP_IRQHandler
                0x0000000008004ee4                DMA2_Channel2_IRQHandler
                0x0000000008004ee4                DMA1_Channel4_IRQHandler
                0x0000000008004ee4                USART3_IRQHandler
                0x0000000008004ee4                DMA1_Channel7_IRQHandler
                0x0000000008004ee4                UART5_IRQHandler
                0x0000000008004ee4                ADC3_IRQHandler
                0x0000000008004ee4                TIM4_IRQHandler
                0x0000000008004ee4                CAN_RX1_IRQHandler
                0x0000000008004ee4                DMA2_Channel1_IRQHandler
                0x0000000008004ee4                I2C1_EV_IRQHandler
                0x0000000008004ee4                DMA1_Channel6_IRQHandler
                0x0000000008004ee4                UART4_IRQHandler
                0x0000000008004ee4                DMA2_Channel4_IRQHandler
                0x0000000008004ee4                TIM3_IRQHandler
                0x0000000008004ee4                RCC_IRQHandler
                0x0000000008004ee4                DMA1_Channel1_IRQHandler
                0x0000000008004ee4                Default_Handler
                0x0000000008004ee4                USBWakeUp_RMP_IRQHandler
                0x0000000008004ee4                EXTI15_10_IRQHandler
                0x0000000008004ee4                TIM7_IRQHandler
                0x0000000008004ee4                EXTI9_5_IRQHandler
                0x0000000008004ee4                RTC_WKUP_IRQHandler
                0x0000000008004ee4                SPI2_IRQHandler
                0x0000000008004ee4                MemManage_Handler
                0x0000000008004ee4                SVC_Handler
                0x0000000008004ee4                DMA2_Channel5_IRQHandler
                0x0000000008004ee4                DMA1_Channel5_IRQHandler
                0x0000000008004ee4                USB_LP_IRQHandler
                0x0000000008004ee4                EXTI4_IRQHandler
                0x0000000008004ee4                TIM1_TRG_COM_TIM17_IRQHandler
                0x0000000008004ee4                DMA1_Channel3_IRQHandler
                0x0000000008004ee4                ADC4_IRQHandler
                0x0000000008004ee4                WWDG_IRQHandler
                0x0000000008004ee4                TIM2_IRQHandler
                0x0000000008004ee4                COMP7_IRQHandler
                0x0000000008004ee4                COMP1_2_3_IRQHandler
                0x0000000008004ee4                EXTI1_IRQHandler
                0x0000000008004ee4                USART2_IRQHandler
                0x0000000008004ee4                COMP4_5_6_IRQHandler
                0x0000000008004ee4                I2C2_ER_IRQHandler
                0x0000000008004ee4                DMA1_Channel2_IRQHandler
                0x0000000008004ee4                TIM8_BRK_IRQHandler
                0x0000000008004ee4                FLASH_IRQHandler
                0x0000000008004ee4                BusFault_Handler
                0x0000000008004ee4                USART1_IRQHandler
                0x0000000008004ee4                SPI3_IRQHandler
                0x0000000008004ee4                I2C1_ER_IRQHandler
                0x0000000008004ee4                USBWakeUp_IRQHandler
                0x0000000008004ee4                DMA2_Channel3_IRQHandler
                0x0000000008004ee4                EXTI2_TSC_IRQHandler
                0x0000000008004ee4                TIM1_BRK_TIM15_IRQHandler
 *fill*         0x0000000008004ee6        0x2 
 .text.atexit   0x0000000008004ee8        0xc /usr/lib/gcc/arm-none-eabi/4.8.2/../../../arm-none-eabi/lib/armv7e-m/softfp/libg.a(lib_a-atexit.o)
                0x0000000008004ee8                atexit
 .text.__errno  0x0000000008004ef4        0xc /usr/lib/gcc/arm-none-eabi/4.8.2/../../../arm-none-eabi/lib/armv7e-m/softfp/libg.a(lib_a-errno.o)
                0x0000000008004ef4                __errno
 .text.__libc_fini_array
                0x0000000008004f00       0x34 /usr/lib/gcc/arm-none-eabi/4.8.2/../../../arm-none-eabi/lib/armv7e-m/softfp/libg.a(lib_a-fini.o)
                0x0000000008004f00                __libc_fini_array
 .text.__libc_init_array
                0x0000000008004f34       0x5c /usr/lib/gcc/arm-none-eabi/4.8.2/../../../arm-none-eabi/lib/armv7e-m/softfp/libg.a(lib_a-init.o)
                0x0000000008004f34                __libc_init_array
 .text.memset   0x0000000008004f90       0x94 /usr/lib/gcc/arm-none-eabi/4.8.2/../../../arm-none-eabi/lib/armv7e-m/softfp/libg.a(lib_a-memset.o)
                0x0000000008004f90                memset
 .text.putchar  0x0000000008005024       0x14 /usr/lib/gcc/arm-none-eabi/4.8.2/../../../arm-none-eabi/lib/armv7e-m/softfp/libg.a(lib_a-putchar.o)
                0x0000000008005024                putchar
 .text._puts_r  0x0000000008005038       0x64 /usr/lib/gcc/arm-none-eabi/4.8.2/../../../arm-none-eabi/lib/armv7e-m/softfp/libg.a(lib_a-puts.o)
                0x0000000008005038                _puts_r
 .text.puts     0x000000000800509c       0x10 /usr/lib/gcc/arm-none-eabi/4.8.2/../../../arm-none-eabi/lib/armv7e-m/softfp/libg.a(lib_a-puts.o)
                0x000000000800509c                puts
 .text.setvbuf  0x00000000080050ac      0x114 /usr/lib/gcc/arm-none-eabi/4.8.2/../../../arm-none-eabi/lib/armv7e-m/softfp/libg.a(lib_a-setvbuf.o)
                0x00000000080050ac                setvbuf
 .text.strcasecmp
                0x00000000080051c0       0x48 /usr/lib/gcc/arm-none-eabi/4.8.2/../../../arm-none-eabi/lib/armv7e-m/softfp/libg.a(lib_a-strcasecmp.o)
                0x00000000080051c0                strcasecmp
 .text.strcpy   0x0000000008005208       0xbc /usr/lib/gcc/arm-none-eabi/4.8.2/../../../arm-none-eabi/lib/armv7e-m/softfp/libg.a(lib_a-strcpy.o)
                0x0000000008005208                strcpy
 .text.strlen   0x00000000080052c4       0x60 /usr/lib/gcc/arm-none-eabi/4.8.2/../../../arm-none-eabi/lib/armv7e-m/softfp/libg.a(lib_a-strlen.o)
                0x00000000080052c4                strlen
 .text.strtok   0x0000000008005324       0x14 /usr/lib/gcc/arm-none-eabi/4.8.2/../../../arm-none-eabi/lib/armv7e-m/softfp/libg.a(lib_a-strtok.o)
                0x0000000008005324                strtok
 .text.__strtok_r
                0x0000000008005338       0x64 /usr/lib/gcc/arm-none-eabi/4.8.2/../../../arm-none-eabi/lib/armv7e-m/softfp/libg.a(lib_a-strtok_r.o)
                0x0000000008005338                __strtok_r
 .text._strtoul_r
                0x000000000800539c      0x138 /usr/lib/gcc/arm-none-eabi/4.8.2/../../../arm-none-eabi/lib/armv7e-m/softfp/libg.a(lib_a-strtoul.o)
                0x000000000800539c                _strtoul_r
 .text.strtoul  0x00000000080054d4       0x1c /usr/lib/gcc/arm-none-eabi/4.8.2/../../../arm-none-eabi/lib/armv7e-m/softfp/libg.a(lib_a-strtoul.o)
                0x00000000080054d4                strtoul
 .text.__register_exitproc
                0x00000000080054f0       0xac /usr/lib/gcc/arm-none-eabi/4.8.2/../../../arm-none-eabi/lib/armv7e-m/softfp/libg.a(lib_a-__atexit.o)
                0x00000000080054f0                __register_exitproc
 .text.startup.register_fini
                0x000000000800559c       0x18 /usr/lib/gcc/arm-none-eabi/4.8.2/../../../arm-none-eabi/lib/armv7e-m/softfp/libg.a(lib_a-__call_atexit.o)
 .text.__sflush_r
                0x00000000080055b4      0x15c /usr/lib/gcc/arm-none-eabi/4.8.2/../../../arm-none-eabi/lib/armv7e-m/softfp/libg.a(lib_a-fflush.o)
                0x00000000080055b4                __sflush_r
 .text._fflush_r
                0x0000000008005710       0x2c /usr/lib/gcc/arm-none-eabi/4.8.2/../../../arm-none-eabi/lib/armv7e-m/softfp/libg.a(lib_a-fflush.o)
                0x0000000008005710                _fflush_r
 .text._cleanup_r
                0x000000000800573c        0xc /usr/lib/gcc/arm-none-eabi/4.8.2/../../../arm-none-eabi/lib/armv7e-m/softfp/libg.a(lib_a-findfp.o)
                0x000000000800573c                _cleanup_r
 .text.__sinit  0x0000000008005748       0xf8 /usr/lib/gcc/arm-none-eabi/4.8.2/../../../arm-none-eabi/lib/armv7e-m/softfp/libg.a(lib_a-findfp.o)
                0x0000000008005748                __sinit
 .text.__sfp_lock_acquire
                0x0000000008005840        0x4 /usr/lib/gcc/arm-none-eabi/4.8.2/../../../arm-none-eabi/lib/armv7e-m/softfp/libg.a(lib_a-findfp.o)
                0x0000000008005840                __sfp_lock_acquire
 .text.__sfp_lock_release
                0x0000000008005844        0x4 /usr/lib/gcc/arm-none-eabi/4.8.2/../../../arm-none-eabi/lib/armv7e-m/softfp/libg.a(lib_a-findfp.o)
                0x0000000008005844                __sfp_lock_release
 .text._malloc_trim_r
                0x0000000008005848       0xa4 /usr/lib/gcc/arm-none-eabi/4.8.2/../../../arm-none-eabi/lib/armv7e-m/softfp/libg.a(lib_a-freer.o)
                0x0000000008005848                _malloc_trim_r
 .text._free_r  0x00000000080058ec      0x19c /usr/lib/gcc/arm-none-eabi/4.8.2/../../../arm-none-eabi/lib/armv7e-m/softfp/libg.a(lib_a-freer.o)
                0x00000000080058ec                _free_r
 .text.__sfvwrite_r
                0x0000000008005a88      0x314 /usr/lib/gcc/arm-none-eabi/4.8.2/../../../arm-none-eabi/lib/armv7e-m/softfp/libg.a(lib_a-fvwrite.o)
                0x0000000008005a88                __sfvwrite_r
 .text._fwalk   0x0000000008005d9c       0x4c /usr/lib/gcc/arm-none-eabi/4.8.2/../../../arm-none-eabi/lib/armv7e-m/softfp/libg.a(lib_a-fwalk.o)
                0x0000000008005d9c                _fwalk
 .text.malloc   0x0000000008005de8       0x10 /usr/lib/gcc/arm-none-eabi/4.8.2/../../../arm-none-eabi/lib/armv7e-m/softfp/libg.a(lib_a-malloc.o)
                0x0000000008005de8                malloc
 .text._malloc_r
                0x0000000008005df8      0x564 /usr/lib/gcc/arm-none-eabi/4.8.2/../../../arm-none-eabi/lib/armv7e-m/softfp/libg.a(lib_a-mallocr.o)
                0x0000000008005df8                _malloc_r
 .text.memchr   0x000000000800635c       0x90 /usr/lib/gcc/arm-none-eabi/4.8.2/../../../arm-none-eabi/lib/armv7e-m/softfp/libg.a(lib_a-memchr-stub.o)
                0x000000000800635c                memchr
 .text.memmove  0x00000000080063ec       0xc4 /usr/lib/gcc/arm-none-eabi/4.8.2/../../../arm-none-eabi/lib/armv7e-m/softfp/libg.a(lib_a-memmove.o)
                0x00000000080063ec                memmove
 .text.__malloc_lock
                0x00000000080064b0        0x4 /usr/lib/gcc/arm-none-eabi/4.8.2/../../../arm-none-eabi/lib/armv7e-m/softfp/libg.a(lib_a-mlock.o)
                0x00000000080064b0                __malloc_lock
 .text.__malloc_unlock
                0x00000000080064b4        0x4 /usr/lib/gcc/arm-none-eabi/4.8.2/../../../arm-none-eabi/lib/armv7e-m/softfp/libg.a(lib_a-mlock.o)
                0x00000000080064b4                __malloc_unlock
 .text._putc_r  0x00000000080064b8       0x58 /usr/lib/gcc/arm-none-eabi/4.8.2/../../../arm-none-eabi/lib/armv7e-m/softfp/libg.a(lib_a-putc.o)
                0x00000000080064b8                _putc_r
 .text._realloc_r
                0x0000000008006510      0x3e0 /usr/lib/gcc/arm-none-eabi/4.8.2/../../../arm-none-eabi/lib/armv7e-m/softfp/libg.a(lib_a-reallocr.o)
                0x0000000008006510                _realloc_r
 .text.__sread  0x00000000080068f0       0x24 /usr/lib/gcc/arm-none-eabi/4.8.2/../../../arm-none-eabi/lib/armv7e-m/softfp/libg.a(lib_a-stdio.o)
                0x00000000080068f0                __sread
 .text.__swrite
                0x0000000008006914       0x38 /usr/lib/gcc/arm-none-eabi/4.8.2/../../../arm-none-eabi/lib/armv7e-m/softfp/libg.a(lib_a-stdio.o)
                0x0000000008006914                __swrite
 .text.__sseek  0x000000000800694c       0x20 /usr/lib/gcc/arm-none-eabi/4.8.2/../../../arm-none-eabi/lib/armv7e-m/softfp/libg.a(lib_a-stdio.o)
                0x000000000800694c                __sseek
 .text.__sclose
                0x000000000800696c        0x8 /usr/lib/gcc/arm-none-eabi/4.8.2/../../../arm-none-eabi/lib/armv7e-m/softfp/libg.a(lib_a-stdio.o)
                0x000000000800696c                __sclose
 .text.__swbuf_r
                0x0000000008006974       0xa4 /usr/lib/gcc/arm-none-eabi/4.8.2/../../../arm-none-eabi/lib/armv7e-m/softfp/libg.a(lib_a-wbuf.o)
                0x0000000008006974                __swbuf_r
 .text.__swsetup_r
                0x0000000008006a18       0xc8 /usr/lib/gcc/arm-none-eabi/4.8.2/../../../arm-none-eabi/lib/armv7e-m/softfp/libg.a(lib_a-wsetup.o)
                0x0000000008006a18                __swsetup_r
 .text._fclose_r
                0x0000000008006ae0       0x84 /usr/lib/gcc/arm-none-eabi/4.8.2/../../../arm-none-eabi/lib/armv7e-m/softfp/libg.a(lib_a-fclose.o)
                0x0000000008006ae0                _fclose_r
 .text.fclose   0x0000000008006b64       0x10 /usr/lib/gcc/arm-none-eabi/4.8.2/../../../arm-none-eabi/lib/armv7e-m/softfp/libg.a(lib_a-fclose.o)
                0x0000000008006b64                fclose
 .text.__smakebuf_r
                0x0000000008006b74       0xe4 /usr/lib/gcc/arm-none-eabi/4.8.2/../../../arm-none-eabi/lib/armv7e-m/softfp/libg.a(lib_a-makebuf.o)
                0x0000000008006b74                __smakebuf_r
 *(.glue_7)
 .glue_7        0x0000000000000000        0x0 linker stubs
 *(.glue_7t)
 .glue_7t       0x0000000000000000        0x0 linker stubs
 *(.eh_frame)
 .eh_frame      0x0000000008006c58        0x0 /usr/lib/gcc/arm-none-eabi/4.8.2/armv7e-m/softfp/crtbegin.o
 *(.init)
 .init          0x0000000008006c58        0x4 /usr/lib/gcc/arm-none-eabi/4.8.2/armv7e-m/softfp/crti.o
                0x0000000008006c58                _init
 .init          0x0000000008006c5c        0x8 /usr/lib/gcc/arm-none-eabi/4.8.2/armv7e-m/softfp/crtn.o
 *(.fini)
 .fini          0x0000000008006c64        0x4 /usr/lib/gcc/arm-none-eabi/4.8.2/armv7e-m/softfp/crti.o
                0x0000000008006c64                _fini
 .fini          0x0000000008006c68        0x8 /usr/lib/gcc/arm-none-eabi/4.8.2/armv7e-m/softfp/crtn.o
                0x0000000008006c70                . = ALIGN (0x4)
                0x0000000008006c70                _etext = .

.vfp11_veneer   0x0000000008006c70        0x0
 .vfp11_veneer  0x0000000000000000        0x0 linker stubs

.v4_bx          0x0000000008006c70        0x0
 .v4_bx         0x0000000000000000        0x0 linker stubs

.iplt           0x0000000008006c70        0x0
 .iplt          0x0000000000000000        0x0 /usr/lib/gcc/arm-none-eabi/4.8.2/armv7e-m/softfp/crtbegin.o

.rodata         0x0000000008006c70    0x106d8
                0x0000000008006c70                . = ALIGN (0x4)
 *(.rodata)
 *(.rodata*)
 .rodata.str1.1
                0x0000000008006c70      0x1d2 main.o
                                        0x1d9 (size before relaxing)
 .rodata.LEDs   0x0000000008006e42        0x8 main.o
                0x0000000008006e42                LEDs
 .rodata.str1.1
                0x0000000008006e4a       0x4b monitor.o
                                         0x4d (size before relaxing)
 .rodata.__FUNCTION__.5745
                0x0000000008006e95        0x6 parser.o
 .rodata.str1.1
                0x0000000008006e9b       0xe4 parser.o
 .rodata.str1.1
                0x0000000008006f7f      0x1fc dump.o
                                        0x1fe (size before relaxing)
 .rodata.str1.1
                0x000000000800717b       0xaa terminal.o
                                         0xac (size before relaxing)
 .rodata.str1.1
                0x0000000008007225      0x4b8 decoder/decoder.o
                                        0x4c0 (size before relaxing)
 *fill*         0x00000000080076dd        0x3 
 .rodata.TIM1_CCER_fields
                0x00000000080076e0       0xa0 decoder/STM32F30x_decoder.o
                0x00000000080076e0                TIM1_CCER_fields
 .rodata.DMA1_registers
                0x0000000008007780      0x174 decoder/STM32F30x_decoder.o
                0x0000000008007780                DMA1_registers
 .rodata.SPI1_DR_fields
                0x00000000080078f4       0x10 decoder/STM32F30x_decoder.o
                0x00000000080078f4                SPI1_DR_fields
 .rodata.ADC1_2_CSR_fields
                0x0000000008007904       0xb8 decoder/STM32F30x_decoder.o
                0x0000000008007904                ADC1_2_CSR_fields
 .rodata.USB_FS_USB_EP3R_fields
                0x00000000080079bc       0x58 decoder/STM32F30x_decoder.o
                0x00000000080079bc                USB_FS_USB_EP3R_fields
 .rodata.GPIOB_PUPDR_fields
                0x0000000008007a14       0x88 decoder/STM32F30x_decoder.o
                0x0000000008007a14                GPIOB_PUPDR_fields
 .rodata.TSC_IOG8CR_fields
                0x0000000008007a9c       0x10 decoder/STM32F30x_decoder.o
                0x0000000008007a9c                TSC_IOG8CR_fields
 .rodata.TIM1_CCMR3_Output_fields
                0x0000000008007aac       0x58 decoder/STM32F30x_decoder.o
                0x0000000008007aac                TIM1_CCMR3_Output_fields
 .rodata.TIM1_SMCR_fields
                0x0000000008007b04       0x50 decoder/STM32F30x_decoder.o
                0x0000000008007b04                TIM1_SMCR_fields
 .rodata.RTC_SHIFTR_fields
                0x0000000008007b54       0x18 decoder/STM32F30x_decoder.o
                0x0000000008007b54                RTC_SHIFTR_fields
 .rodata.CAN_F24R1_fields
                0x0000000008007b6c      0x108 decoder/STM32F30x_decoder.o
                0x0000000008007b6c                CAN_F24R1_fields
 .rodata.RTC_TSDR_fields
                0x0000000008007c74       0x30 decoder/STM32F30x_decoder.o
                0x0000000008007c74                RTC_TSDR_fields
 .rodata.RTC_BKP22R_fields
                0x0000000008007ca4       0x10 decoder/STM32F30x_decoder.o
                0x0000000008007ca4                RTC_BKP22R_fields
 .rodata.TIM1_CCMR2_Output_fields
                0x0000000008007cb4       0x68 decoder/STM32F30x_decoder.o
                0x0000000008007cb4                TIM1_CCMR2_Output_fields
 .rodata.TIM17_RCR_fields
                0x0000000008007d1c       0x10 decoder/STM32F30x_decoder.o
                0x0000000008007d1c                TIM17_RCR_fields
 .rodata.EXTI_EMR1_fields
                0x0000000008007d2c      0x108 decoder/STM32F30x_decoder.o
                0x0000000008007d2c                EXTI_EMR1_fields
 .rodata.CAN_F11R2_fields
                0x0000000008007e34      0x108 decoder/STM32F30x_decoder.o
                0x0000000008007e34                CAN_F11R2_fields
 .rodata.USB_FS_ISTR_fields
                0x0000000008007f3c       0x58 decoder/STM32F30x_decoder.o
                0x0000000008007f3c                USB_FS_ISTR_fields
 .rodata.I2C1_ICR_fields
                0x0000000008007f94       0x50 decoder/STM32F30x_decoder.o
                0x0000000008007f94                I2C1_ICR_fields
 .rodata.TIM16_ARR_fields
                0x0000000008007fe4       0x10 decoder/STM32F30x_decoder.o
                0x0000000008007fe4                TIM16_ARR_fields
 .rodata.RTC_ISR_fields
                0x0000000008007ff4       0x90 decoder/STM32F30x_decoder.o
                0x0000000008007ff4                RTC_ISR_fields
 .rodata.RTC_BKP27R_fields
                0x0000000008008084       0x10 decoder/STM32F30x_decoder.o
                0x0000000008008084                RTC_BKP27R_fields
 .rodata.TIM8_CCR6_fields
                0x0000000008008094       0x10 decoder/STM32F30x_decoder.o
                0x0000000008008094                TIM8_CCR6_fields
 .rodata.TIM17_BDTR_fields
                0x00000000080080a4       0x50 decoder/STM32F30x_decoder.o
                0x00000000080080a4                TIM17_BDTR_fields
 .rodata.TIM8_CCMR1_Input_fields
                0x00000000080080f4       0x38 decoder/STM32F30x_decoder.o
                0x00000000080080f4                TIM8_CCMR1_Input_fields
 .rodata.DAC_registers
                0x000000000800812c       0xb4 decoder/STM32F30x_decoder.o
                0x000000000800812c                DAC_registers
 .rodata.IWDG_WINR_fields
                0x00000000080081e0       0x10 decoder/STM32F30x_decoder.o
                0x00000000080081e0                IWDG_WINR_fields
 .rodata.CAN_F19R2_fields
                0x00000000080081f0      0x108 decoder/STM32F30x_decoder.o
                0x00000000080081f0                CAN_F19R2_fields
 .rodata.CAN_RF1R_fields
                0x00000000080082f8       0x28 decoder/STM32F30x_decoder.o
                0x00000000080082f8                CAN_RF1R_fields
 .rodata.RTC_BKP16R_fields
                0x0000000008008320       0x10 decoder/STM32F30x_decoder.o
                0x0000000008008320                RTC_BKP16R_fields
 .rodata.RTC_CALR_fields
                0x0000000008008330       0x28 decoder/STM32F30x_decoder.o
                0x0000000008008330                RTC_CALR_fields
 .rodata.TIM2_SR_fields
                0x0000000008008358       0x58 decoder/STM32F30x_decoder.o
                0x0000000008008358                TIM2_SR_fields
 .rodata.SYSCFG_EXTICR2_fields
                0x00000000080083b0       0x28 decoder/STM32F30x_decoder.o
                0x00000000080083b0                SYSCFG_EXTICR2_fields
 .rodata.CAN_MCR_fields
                0x00000000080083d8       0x58 decoder/STM32F30x_decoder.o
                0x00000000080083d8                CAN_MCR_fields
 .rodata.TIM17_SR_fields
                0x0000000008008430       0x38 decoder/STM32F30x_decoder.o
                0x0000000008008430                TIM17_SR_fields
 .rodata.USART1_GTPR_fields
                0x0000000008008468       0x18 decoder/STM32F30x_decoder.o
                0x0000000008008468                USART1_GTPR_fields
 .rodata.DAC_DOR1_fields
                0x0000000008008480       0x10 decoder/STM32F30x_decoder.o
                0x0000000008008480                DAC_DOR1_fields
 .rodata.CAN_F1R1_fields
                0x0000000008008490      0x108 decoder/STM32F30x_decoder.o
                0x0000000008008490                CAN_F1R1_fields
 .rodata.CAN_FA1R_fields
                0x0000000008008598       0xe8 decoder/STM32F30x_decoder.o
                0x0000000008008598                CAN_FA1R_fields
 .rodata.RTC_BKP6R_fields
                0x0000000008008680       0x10 decoder/STM32F30x_decoder.o
                0x0000000008008680                RTC_BKP6R_fields
 .rodata.RCC_CFGR_fields
                0x0000000008008690       0x68 decoder/STM32F30x_decoder.o
                0x0000000008008690                RCC_CFGR_fields
 .rodata.PWR_CR_fields
                0x00000000080086f8       0x40 decoder/STM32F30x_decoder.o
                0x00000000080086f8                PWR_CR_fields
 .rodata.NVIC_ISER0_fields
                0x0000000008008738       0x10 decoder/STM32F30x_decoder.o
                0x0000000008008738                NVIC_ISER0_fields
 .rodata.DMA1_CPAR7_fields
                0x0000000008008748       0x10 decoder/STM32F30x_decoder.o
                0x0000000008008748                DMA1_CPAR7_fields
 .rodata.TSC_IOHCR_fields
                0x0000000008008758      0x108 decoder/STM32F30x_decoder.o
                0x0000000008008758                TSC_IOHCR_fields
 .rodata.CAN_F27R1_fields
                0x0000000008008860      0x108 decoder/STM32F30x_decoder.o
                0x0000000008008860                CAN_F27R1_fields
 .rodata.TIM6_ARR_fields
                0x0000000008008968       0x10 decoder/STM32F30x_decoder.o
                0x0000000008008968                TIM6_ARR_fields
 .rodata.CAN_F12R1_fields
                0x0000000008008978      0x108 decoder/STM32F30x_decoder.o
                0x0000000008008978                CAN_F12R1_fields
 .rodata.TIM15_DCR_fields
                0x0000000008008a80       0x18 decoder/STM32F30x_decoder.o
                0x0000000008008a80                TIM15_DCR_fields
 .rodata.NVIC_IPR18_fields
                0x0000000008008a98       0x28 decoder/STM32F30x_decoder.o
                0x0000000008008a98                NVIC_IPR18_fields
 .rodata.RTC_BKP13R_fields
                0x0000000008008ac0       0x10 decoder/STM32F30x_decoder.o
                0x0000000008008ac0                RTC_BKP13R_fields
 .rodata.CAN_BTR_fields
                0x0000000008008ad0       0x38 decoder/STM32F30x_decoder.o
                0x0000000008008ad0                CAN_BTR_fields
 .rodata.TIM15_BDTR_fields
                0x0000000008008b08       0x50 decoder/STM32F30x_decoder.o
                0x0000000008008b08                TIM15_BDTR_fields
 .rodata.NVIC_IPR1_fields
                0x0000000008008b58       0x28 decoder/STM32F30x_decoder.o
                0x0000000008008b58                NVIC_IPR1_fields
 .rodata.TIM15_PSC_fields
                0x0000000008008b80       0x10 decoder/STM32F30x_decoder.o
                0x0000000008008b80                TIM15_PSC_fields
 .rodata.Flash_ACR_fields
                0x0000000008008b90       0x20 decoder/STM32F30x_decoder.o
                0x0000000008008b90                Flash_ACR_fields
 .rodata.TIM17_CCMR1_Output_fields
                0x0000000008008bb0       0x30 decoder/STM32F30x_decoder.o
                0x0000000008008bb0                TIM17_CCMR1_Output_fields
 .rodata.TIM2_ARR_fields
                0x0000000008008be0       0x18 decoder/STM32F30x_decoder.o
                0x0000000008008be0                TIM2_ARR_fields
 .rodata.Flash_registers
                0x0000000008008bf8       0x6c decoder/STM32F30x_decoder.o
                0x0000000008008bf8                Flash_registers
 .rodata.CAN_TDH0R_fields
                0x0000000008008c64       0x28 decoder/STM32F30x_decoder.o
                0x0000000008008c64                CAN_TDH0R_fields
 .rodata.TIM1_DCR_fields
                0x0000000008008c8c       0x18 decoder/STM32F30x_decoder.o
                0x0000000008008c8c                TIM1_DCR_fields
 .rodata.CAN_TI2R_fields
                0x0000000008008ca4       0x30 decoder/STM32F30x_decoder.o
                0x0000000008008ca4                CAN_TI2R_fields
 .rodata.ADC1_IER_fields
                0x0000000008008cd4       0x60 decoder/STM32F30x_decoder.o
                0x0000000008008cd4                ADC1_IER_fields
 .rodata.NVIC_ICPR2_fields
                0x0000000008008d34       0x10 decoder/STM32F30x_decoder.o
                0x0000000008008d34                NVIC_ICPR2_fields
 .rodata.EXTI_IMR1_fields
                0x0000000008008d44      0x108 decoder/STM32F30x_decoder.o
                0x0000000008008d44                EXTI_IMR1_fields
 .rodata.TSC_IOASCR_fields
                0x0000000008008e4c      0x108 decoder/STM32F30x_decoder.o
                0x0000000008008e4c                TSC_IOASCR_fields
 .rodata.RCC_CFGR2_fields
                0x0000000008008f54       0x20 decoder/STM32F30x_decoder.o
                0x0000000008008f54                RCC_CFGR2_fields
 .rodata.TIM1_PSC_fields
                0x0000000008008f74       0x10 decoder/STM32F30x_decoder.o
                0x0000000008008f74                TIM1_PSC_fields
 .rodata.Flash_KEYR_fields
                0x0000000008008f84       0x10 decoder/STM32F30x_decoder.o
                0x0000000008008f84                Flash_KEYR_fields
 .rodata.TIM8_CR2_fields
                0x0000000008008f94       0x80 decoder/STM32F30x_decoder.o
                0x0000000008008f94                TIM8_CR2_fields
 .rodata.ADC1_CFGR_fields
                0x0000000008009014       0xa0 decoder/STM32F30x_decoder.o
                0x0000000008009014                ADC1_CFGR_fields
 .rodata.TIM17_EGR_fields
                0x00000000080090b4       0x30 decoder/STM32F30x_decoder.o
                0x00000000080090b4                TIM17_EGR_fields
 .rodata.TSC_IOGCSR_fields
                0x00000000080090e4       0x88 decoder/STM32F30x_decoder.o
                0x00000000080090e4                TSC_IOGCSR_fields
 .rodata.NVIC_IPR0_fields
                0x000000000800916c       0x28 decoder/STM32F30x_decoder.o
                0x000000000800916c                NVIC_IPR0_fields
 .rodata.NVIC_IPR8_fields
                0x0000000008009194       0x28 decoder/STM32F30x_decoder.o
                0x0000000008009194                NVIC_IPR8_fields
 .rodata.RTC_WUTR_fields
                0x00000000080091bc       0x10 decoder/STM32F30x_decoder.o
                0x00000000080091bc                RTC_WUTR_fields
 .rodata.GPIOB_OSPEEDR_fields
                0x00000000080091cc       0x88 decoder/STM32F30x_decoder.o
                0x00000000080091cc                GPIOB_OSPEEDR_fields
 .rodata.ADC1_ISR_fields
                0x0000000008009254       0x60 decoder/STM32F30x_decoder.o
                0x0000000008009254                ADC1_ISR_fields
 .rodata.NVIC_ICER1_fields
                0x00000000080092b4       0x10 decoder/STM32F30x_decoder.o
                0x00000000080092b4                NVIC_ICER1_fields
 .rodata.RTC_BKP7R_fields
                0x00000000080092c4       0x10 decoder/STM32F30x_decoder.o
                0x00000000080092c4                RTC_BKP7R_fields
 .rodata.CAN_RF0R_fields
                0x00000000080092d4       0x28 decoder/STM32F30x_decoder.o
                0x00000000080092d4                CAN_RF0R_fields
 .rodata.CAN_FS1R_fields
                0x00000000080092fc       0xe8 decoder/STM32F30x_decoder.o
                0x00000000080092fc                CAN_FS1R_fields
 .rodata.GPIOA_AFRL_fields
                0x00000000080093e4       0x48 decoder/STM32F30x_decoder.o
                0x00000000080093e4                GPIOA_AFRL_fields
 .rodata.DMA1_CMAR3_fields
                0x000000000800942c       0x10 decoder/STM32F30x_decoder.o
                0x000000000800942c                DMA1_CMAR3_fields
 .rodata.ADC1_SQR1_fields
                0x000000000800943c       0x30 decoder/STM32F30x_decoder.o
                0x000000000800943c                ADC1_SQR1_fields
 .rodata.CAN_F15R2_fields
                0x000000000800946c      0x108 decoder/STM32F30x_decoder.o
                0x000000000800946c                CAN_F15R2_fields
 .rodata.IWDG_PR_fields
                0x0000000008009574       0x10 decoder/STM32F30x_decoder.o
                0x0000000008009574                IWDG_PR_fields
 .rodata.TIM2_DMAR_fields
                0x0000000008009584       0x10 decoder/STM32F30x_decoder.o
                0x0000000008009584                TIM2_DMAR_fields
 .rodata.I2C1_TIMEOUTR_fields
                0x0000000008009594       0x30 decoder/STM32F30x_decoder.o
                0x0000000008009594                I2C1_TIMEOUTR_fields
 .rodata.GPIOB_LCKR_fields
                0x00000000080095c4       0x90 decoder/STM32F30x_decoder.o
                0x00000000080095c4                GPIOB_LCKR_fields
 .rodata.DAC_DHR8R1_fields
                0x0000000008009654       0x10 decoder/STM32F30x_decoder.o
                0x0000000008009654                DAC_DHR8R1_fields
 .rodata.TIM1_CCMR1_Output_fields
                0x0000000008009664       0x68 decoder/STM32F30x_decoder.o
                0x0000000008009664                TIM1_CCMR1_Output_fields
 .rodata.TIM1_CCR2_fields
                0x00000000080096cc       0x10 decoder/STM32F30x_decoder.o
                0x00000000080096cc                TIM1_CCR2_fields
 .rodata.TIM1_OR_fields
                0x00000000080096dc       0x18 decoder/STM32F30x_decoder.o
                0x00000000080096dc                TIM1_OR_fields
 .rodata.USART1_TDR_fields
                0x00000000080096f4       0x10 decoder/STM32F30x_decoder.o
                0x00000000080096f4                USART1_TDR_fields
 .rodata.NVIC_STIR_fields
                0x0000000008009704       0x10 decoder/STM32F30x_decoder.o
                0x0000000008009704                NVIC_STIR_fields
 .rodata.USB_FS_USB_EP7R_fields
                0x0000000008009714       0x58 decoder/STM32F30x_decoder.o
                0x0000000008009714                USB_FS_USB_EP7R_fields
 .rodata.ADC1_SQR4_fields
                0x000000000800976c       0x18 decoder/STM32F30x_decoder.o
                0x000000000800976c                ADC1_SQR4_fields
 .rodata.SYSCFG_registers
                0x0000000008009784       0x60 decoder/STM32F30x_decoder.o
                0x0000000008009784                SYSCFG_registers
 .rodata.PWR_CSR_fields
                0x00000000080097e4       0x30 decoder/STM32F30x_decoder.o
                0x00000000080097e4                PWR_CSR_fields
 .rodata.GPIOB_AFRH_fields
                0x0000000008009814       0x48 decoder/STM32F30x_decoder.o
                0x0000000008009814                GPIOB_AFRH_fields
 .rodata.FPU_FPCCR_fields
                0x000000000800985c       0x50 decoder/STM32F30x_decoder.o
                0x000000000800985c                FPU_FPCCR_fields
 .rodata.DBGMCU_APB2FZ_fields
                0x00000000080098ac       0x28 decoder/STM32F30x_decoder.o
                0x00000000080098ac                DBGMCU_APB2FZ_fields
 .rodata.TIM8_CCR1_fields
                0x00000000080098d4       0x10 decoder/STM32F30x_decoder.o
                0x00000000080098d4                TIM8_CCR1_fields
 .rodata.WWDG_SR_fields
                0x00000000080098e4       0x10 decoder/STM32F30x_decoder.o
                0x00000000080098e4                WWDG_SR_fields
 .rodata.TIM16_DIER_fields
                0x00000000080098f4       0x50 decoder/STM32F30x_decoder.o
                0x00000000080098f4                TIM16_DIER_fields
 .rodata.TIM1_CCR5_fields
                0x0000000008009944       0x28 decoder/STM32F30x_decoder.o
                0x0000000008009944                TIM1_CCR5_fields
 .rodata.TIM8_BDTR_fields
                0x000000000800996c       0x68 decoder/STM32F30x_decoder.o
                0x000000000800996c                TIM8_BDTR_fields
 .rodata.Flash_CR_fields
                0x00000000080099d4       0x60 decoder/STM32F30x_decoder.o
                0x00000000080099d4                Flash_CR_fields
 .rodata.RTC_BKP26R_fields
                0x0000000008009a34       0x10 decoder/STM32F30x_decoder.o
                0x0000000008009a34                RTC_BKP26R_fields
 .rodata.Flash_OBR_fields
                0x0000000008009a44       0x60 decoder/STM32F30x_decoder.o
                0x0000000008009a44                Flash_OBR_fields
 .rodata.ADC1_AWD2CR_fields
                0x0000000008009aa4       0x10 decoder/STM32F30x_decoder.o
                0x0000000008009aa4                ADC1_AWD2CR_fields
 .rodata.FPU_registers
                0x0000000008009ab4       0x54 decoder/STM32F30x_decoder.o
                0x0000000008009ab4                FPU_registers
 .rodata.DAC_CR_fields
                0x0000000008009b08       0x88 decoder/STM32F30x_decoder.o
                0x0000000008009b08                DAC_CR_fields
 .rodata.NVIC_IPR10_fields
                0x0000000008009b90       0x28 decoder/STM32F30x_decoder.o
                0x0000000008009b90                NVIC_IPR10_fields
 .rodata.TIM15_CCR1_fields
                0x0000000008009bb8       0x10 decoder/STM32F30x_decoder.o
                0x0000000008009bb8                TIM15_CCR1_fields
 .rodata.RTC_ALRMAR_fields
                0x0000000008009bc8       0x78 decoder/STM32F30x_decoder.o
                0x0000000008009bc8                RTC_ALRMAR_fields
 .rodata.GPIOA_BSRR_fields
                0x0000000008009c40      0x108 decoder/STM32F30x_decoder.o
                0x0000000008009c40                GPIOA_BSRR_fields
 .rodata.TIM16_SR_fields
                0x0000000008009d48       0x38 decoder/STM32F30x_decoder.o
                0x0000000008009d48                TIM16_SR_fields
 .rodata.CAN_F6R1_fields
                0x0000000008009d80      0x108 decoder/STM32F30x_decoder.o
                0x0000000008009d80                CAN_F6R1_fields
 .rodata.ADC1_OFR1_fields
                0x0000000008009e88       0x20 decoder/STM32F30x_decoder.o
                0x0000000008009e88                ADC1_OFR1_fields
 .rodata.TIM15_CR1_fields
                0x0000000008009ea8       0x40 decoder/STM32F30x_decoder.o
                0x0000000008009ea8                TIM15_CR1_fields
 .rodata.NVIC_IABR2_fields
                0x0000000008009ee8       0x10 decoder/STM32F30x_decoder.o
                0x0000000008009ee8                NVIC_IABR2_fields
 .rodata.DMA1_CCR2_fields
                0x0000000008009ef8       0x68 decoder/STM32F30x_decoder.o
                0x0000000008009ef8                DMA1_CCR2_fields
 .rodata.NVIC_IPR13_fields
                0x0000000008009f60       0x28 decoder/STM32F30x_decoder.o
                0x0000000008009f60                NVIC_IPR13_fields
 .rodata.CAN_F22R2_fields
                0x0000000008009f88      0x108 decoder/STM32F30x_decoder.o
                0x0000000008009f88                CAN_F22R2_fields
 .rodata.CAN_F0R2_fields
                0x000000000800a090      0x108 decoder/STM32F30x_decoder.o
                0x000000000800a090                CAN_F0R2_fields
 .rodata.RTC_BKP0R_fields
                0x000000000800a198       0x10 decoder/STM32F30x_decoder.o
                0x000000000800a198                RTC_BKP0R_fields
 .rodata.CAN_F19R1_fields
                0x000000000800a1a8      0x108 decoder/STM32F30x_decoder.o
                0x000000000800a1a8                CAN_F19R1_fields
 .rodata.DMA1_IFCR_fields
                0x000000000800a2b0       0xe8 decoder/STM32F30x_decoder.o
                0x000000000800a2b0                DMA1_IFCR_fields
 .rodata.TIM16_CCMR1_Input_fields
                0x000000000800a398       0x20 decoder/STM32F30x_decoder.o
                0x000000000800a398                TIM16_CCMR1_Input_fields
 .rodata.TIM2_SMCR_fields
                0x000000000800a3b8       0x50 decoder/STM32F30x_decoder.o
                0x000000000800a3b8                TIM2_SMCR_fields
 .rodata.CAN_TDT1R_fields
                0x000000000800a408       0x20 decoder/STM32F30x_decoder.o
                0x000000000800a408                CAN_TDT1R_fields
 .rodata.COMP_COMP6_CSR_fields
                0x000000000800a428       0x60 decoder/STM32F30x_decoder.o
                0x000000000800a428                COMP_COMP6_CSR_fields
 .rodata.I2C1_CR2_fields
                0x000000000800a488       0x70 decoder/STM32F30x_decoder.o
                0x000000000800a488                I2C1_CR2_fields
 .rodata.TIM1_CR1_fields
                0x000000000800a4f8       0x50 decoder/STM32F30x_decoder.o
                0x000000000800a4f8                TIM1_CR1_fields
 .rodata.CAN_F26R2_fields
                0x000000000800a548      0x108 decoder/STM32F30x_decoder.o
                0x000000000800a548                CAN_F26R2_fields
 .rodata.RTC_BKP10R_fields
                0x000000000800a650       0x10 decoder/STM32F30x_decoder.o
                0x000000000800a650                RTC_BKP10R_fields
 .rodata.DMA1_CMAR6_fields
                0x000000000800a660       0x10 decoder/STM32F30x_decoder.o
                0x000000000800a660                DMA1_CMAR6_fields
 .rodata.CAN_F23R1_fields
                0x000000000800a670      0x108 decoder/STM32F30x_decoder.o
                0x000000000800a670                CAN_F23R1_fields
 .rodata.NVIC_IPR20_fields
                0x000000000800a778       0x28 decoder/STM32F30x_decoder.o
                0x000000000800a778                NVIC_IPR20_fields
 .rodata.ADC1_DR_fields
                0x000000000800a7a0       0x10 decoder/STM32F30x_decoder.o
                0x000000000800a7a0                ADC1_DR_fields
 .rodata.CAN_F16R1_fields
                0x000000000800a7b0      0x108 decoder/STM32F30x_decoder.o
                0x000000000800a7b0                CAN_F16R1_fields
 .rodata.TSC_registers
                0x000000000800a8b8       0xd8 decoder/STM32F30x_decoder.o
                0x000000000800a8b8                TSC_registers
 .rodata.ADC1_registers
                0x000000000800a990      0x150 decoder/STM32F30x_decoder.o
                0x000000000800a990                ADC1_registers
 .rodata.TIM17_CR2_fields
                0x000000000800aae0       0x30 decoder/STM32F30x_decoder.o
                0x000000000800aae0                TIM17_CR2_fields
 .rodata.PWR_registers
                0x000000000800ab10       0x24 decoder/STM32F30x_decoder.o
                0x000000000800ab10                PWR_registers
 .rodata.TIM8_ARR_fields
                0x000000000800ab34       0x10 decoder/STM32F30x_decoder.o
                0x000000000800ab34                TIM8_ARR_fields
 .rodata.EXTI_RTSR1_fields
                0x000000000800ab44       0xd8 decoder/STM32F30x_decoder.o
                0x000000000800ab44                EXTI_RTSR1_fields
 .rodata.RCC_APB2ENR_fields
                0x000000000800ac1c       0x48 decoder/STM32F30x_decoder.o
                0x000000000800ac1c                RCC_APB2ENR_fields
 .rodata.NVIC_IPR3_fields
                0x000000000800ac64       0x28 decoder/STM32F30x_decoder.o
                0x000000000800ac64                NVIC_IPR3_fields
 .rodata.I2C1_TIMINGR_fields
                0x000000000800ac8c       0x30 decoder/STM32F30x_decoder.o
                0x000000000800ac8c                I2C1_TIMINGR_fields
 .rodata.USART1_CR1_fields
                0x000000000800acbc       0xa8 decoder/STM32F30x_decoder.o
                0x000000000800acbc                USART1_CR1_fields
 .rodata.CAN_F13R1_fields
                0x000000000800ad64      0x108 decoder/STM32F30x_decoder.o
                0x000000000800ad64                CAN_F13R1_fields
 .rodata.RCC_CSR_fields
                0x000000000800ae6c       0x58 decoder/STM32F30x_decoder.o
                0x000000000800ae6c                RCC_CSR_fields
 .rodata.GPIOB_BSRR_fields
                0x000000000800aec4      0x108 decoder/STM32F30x_decoder.o
                0x000000000800aec4                GPIOB_BSRR_fields
 .rodata.DES_UID0_fields
                0x000000000800afcc       0x18 decoder/STM32F30x_decoder.o
                0x000000000800afcc                DES_UID0_fields
 .rodata.NVIC_IABR0_fields
                0x000000000800afe4       0x10 decoder/STM32F30x_decoder.o
                0x000000000800afe4                NVIC_IABR0_fields
 .rodata.TIM2_EGR_fields
                0x000000000800aff4       0x38 decoder/STM32F30x_decoder.o
                0x000000000800aff4                TIM2_EGR_fields
 .rodata.USART1_CR3_fields
                0x000000000800b02c       0xa0 decoder/STM32F30x_decoder.o
                0x000000000800b02c                USART1_CR3_fields
 .rodata.TIM2_DIER_fields
                0x000000000800b0cc       0x68 decoder/STM32F30x_decoder.o
                0x000000000800b0cc                TIM2_DIER_fields
 .rodata.CAN_MSR_fields
                0x000000000800b134       0x50 decoder/STM32F30x_decoder.o
                0x000000000800b134                CAN_MSR_fields
 .rodata.DAC_DHR12L1_fields
                0x000000000800b184       0x10 decoder/STM32F30x_decoder.o
                0x000000000800b184                DAC_DHR12L1_fields
 .rodata.FPU_MVFR0_fields
                0x000000000800b194       0x48 decoder/STM32F30x_decoder.o
                0x000000000800b194                FPU_MVFR0_fields
 .rodata.SPI1_CR1_fields
                0x000000000800b1dc       0x78 decoder/STM32F30x_decoder.o
                0x000000000800b1dc                SPI1_CR1_fields
 .rodata.EXTI_registers
                0x000000000800b254       0x9c decoder/STM32F30x_decoder.o
                0x000000000800b254                EXTI_registers
 .rodata.USB_FS_DADDR_fields
                0x000000000800b2f0       0x48 decoder/STM32F30x_decoder.o
                0x000000000800b2f0                USB_FS_DADDR_fields
 .rodata.RTC_BKP8R_fields
                0x000000000800b338       0x10 decoder/STM32F30x_decoder.o
                0x000000000800b338                RTC_BKP8R_fields
 .rodata.CAN_F2R1_fields
                0x000000000800b348      0x108 decoder/STM32F30x_decoder.o
                0x000000000800b348                CAN_F2R1_fields
 .rodata.TIM8_CCR4_fields
                0x000000000800b450       0x10 decoder/STM32F30x_decoder.o
                0x000000000800b450                TIM8_CCR4_fields
 .rodata.USB_FS_USB_EP4R_fields
                0x000000000800b460       0x58 decoder/STM32F30x_decoder.o
                0x000000000800b460                USB_FS_USB_EP4R_fields
 .rodata.TIM8_CNT_fields
                0x000000000800b4b8       0x18 decoder/STM32F30x_decoder.o
                0x000000000800b4b8                TIM8_CNT_fields
 .rodata.RTC_PRER_fields
                0x000000000800b4d0       0x18 decoder/STM32F30x_decoder.o
                0x000000000800b4d0                RTC_PRER_fields
 .rodata.TIM1_SR_fields
                0x000000000800b4e8       0x80 decoder/STM32F30x_decoder.o
                0x000000000800b4e8                TIM1_SR_fields
 .rodata.DMA1_CPAR2_fields
                0x000000000800b568       0x10 decoder/STM32F30x_decoder.o
                0x000000000800b568                DMA1_CPAR2_fields
 .rodata.NVIC_IPR15_fields
                0x000000000800b578       0x28 decoder/STM32F30x_decoder.o
                0x000000000800b578                NVIC_IPR15_fields
 .rodata.TSC_CR_fields
                0x000000000800b5a0       0x68 decoder/STM32F30x_decoder.o
                0x000000000800b5a0                TSC_CR_fields
 .rodata.SPI1_SR_fields
                0x000000000800b608       0x60 decoder/STM32F30x_decoder.o
                0x000000000800b608                SPI1_SR_fields
 .rodata.ADC1_JDR3_fields
                0x000000000800b668       0x10 decoder/STM32F30x_decoder.o
                0x000000000800b668                ADC1_JDR3_fields
 .rodata.NVIC_ICTR_fields
                0x000000000800b678       0x10 decoder/STM32F30x_decoder.o
                0x000000000800b678                NVIC_ICTR_fields
 .rodata.RTC_BKP30R_fields
                0x000000000800b688       0x10 decoder/STM32F30x_decoder.o
                0x000000000800b688                RTC_BKP30R_fields
 .rodata.RTC_BKP23R_fields
                0x000000000800b698       0x10 decoder/STM32F30x_decoder.o
                0x000000000800b698                RTC_BKP23R_fields
 .rodata.I2C1_OAR2_fields
                0x000000000800b6a8       0x20 decoder/STM32F30x_decoder.o
                0x000000000800b6a8                I2C1_OAR2_fields
 .rodata.DMA1_CNDTR3_fields
                0x000000000800b6c8       0x10 decoder/STM32F30x_decoder.o
                0x000000000800b6c8                DMA1_CNDTR3_fields
 .rodata.RTC_registers
                0x000000000800b6d8      0x264 decoder/STM32F30x_decoder.o
                0x000000000800b6d8                RTC_registers
 .rodata.CAN_F2R2_fields
                0x000000000800b93c      0x108 decoder/STM32F30x_decoder.o
                0x000000000800b93c                CAN_F2R2_fields
 .rodata.NVIC_ISPR2_fields
                0x000000000800ba44       0x10 decoder/STM32F30x_decoder.o
                0x000000000800ba44                NVIC_ISPR2_fields
 .rodata.DMA1_CPAR5_fields
                0x000000000800ba54       0x10 decoder/STM32F30x_decoder.o
                0x000000000800ba54                DMA1_CPAR5_fields
 .rodata.TIM2_CCR4_fields
                0x000000000800ba64       0x18 decoder/STM32F30x_decoder.o
                0x000000000800ba64                TIM2_CCR4_fields
 .rodata.GPIOB_IDR_fields
                0x000000000800ba7c       0x88 decoder/STM32F30x_decoder.o
                0x000000000800ba7c                GPIOB_IDR_fields
 .rodata.ADC1_OFR4_fields
                0x000000000800bb04       0x20 decoder/STM32F30x_decoder.o
                0x000000000800bb04                ADC1_OFR4_fields
 .rodata.CAN_RI1R_fields
                0x000000000800bb24       0x28 decoder/STM32F30x_decoder.o
                0x000000000800bb24                CAN_RI1R_fields
 .rodata.CAN_F18R1_fields
                0x000000000800bb4c      0x108 decoder/STM32F30x_decoder.o
                0x000000000800bb4c                CAN_F18R1_fields
 .rodata.TSC_IOG5CR_fields
                0x000000000800bc54       0x10 decoder/STM32F30x_decoder.o
                0x000000000800bc54                TSC_IOG5CR_fields
 .rodata.DAC_DOR2_fields
                0x000000000800bc64       0x10 decoder/STM32F30x_decoder.o
                0x000000000800bc64                DAC_DOR2_fields
 .rodata.DMA1_CCR5_fields
                0x000000000800bc74       0x68 decoder/STM32F30x_decoder.o
                0x000000000800bc74                DMA1_CCR5_fields
 .rodata.DMA1_CNDTR6_fields
                0x000000000800bcdc       0x10 decoder/STM32F30x_decoder.o
                0x000000000800bcdc                DMA1_CNDTR6_fields
 .rodata.EXTI_SWIER2_fields
                0x000000000800bcec       0x18 decoder/STM32F30x_decoder.o
                0x000000000800bcec                EXTI_SWIER2_fields
 .rodata.CAN_RDH0R_fields
                0x000000000800bd04       0x28 decoder/STM32F30x_decoder.o
                0x000000000800bd04                CAN_RDH0R_fields
 .rodata.TIM6_PSC_fields
                0x000000000800bd2c       0x10 decoder/STM32F30x_decoder.o
                0x000000000800bd2c                TIM6_PSC_fields
 .rodata.CAN_TSR_fields
                0x000000000800bd3c       0xb8 decoder/STM32F30x_decoder.o
                0x000000000800bd3c                CAN_TSR_fields
 .rodata.CAN_TDL0R_fields
                0x000000000800bdf4       0x28 decoder/STM32F30x_decoder.o
                0x000000000800bdf4                CAN_TDL0R_fields
 .rodata.CAN_F5R2_fields
                0x000000000800be1c      0x108 decoder/STM32F30x_decoder.o
                0x000000000800be1c                CAN_F5R2_fields
 .rodata.TSC_IOG1CR_fields
                0x000000000800bf24       0x10 decoder/STM32F30x_decoder.o
                0x000000000800bf24                TSC_IOG1CR_fields
 .rodata.CAN_F11R1_fields
                0x000000000800bf34      0x108 decoder/STM32F30x_decoder.o
                0x000000000800bf34                CAN_F11R1_fields
 .rodata.TIM6_CR2_fields
                0x000000000800c03c       0x10 decoder/STM32F30x_decoder.o
                0x000000000800c03c                TIM6_CR2_fields
 .rodata.CAN_F25R1_fields
                0x000000000800c04c      0x108 decoder/STM32F30x_decoder.o
                0x000000000800c04c                CAN_F25R1_fields
 .rodata.CAN_RDL0R_fields
                0x000000000800c154       0x28 decoder/STM32F30x_decoder.o
                0x000000000800c154                CAN_RDL0R_fields
 .rodata.USART1_registers
                0x000000000800c17c       0x90 decoder/STM32F30x_decoder.o
                0x000000000800c17c                USART1_registers
 .rodata.DAC_SWTRIGR_fields
                0x000000000800c20c       0x18 decoder/STM32F30x_decoder.o
                0x000000000800c20c                DAC_SWTRIGR_fields
 .rodata.CAN_F12R2_fields
                0x000000000800c224      0x108 decoder/STM32F30x_decoder.o
                0x000000000800c224                CAN_F12R2_fields
 .rodata.RTC_BKP4R_fields
                0x000000000800c32c       0x10 decoder/STM32F30x_decoder.o
                0x000000000800c32c                RTC_BKP4R_fields
 .rodata.RTC_TAFCR_fields
                0x000000000800c33c       0x98 decoder/STM32F30x_decoder.o
                0x000000000800c33c                RTC_TAFCR_fields
 .rodata.TIM17_ARR_fields
                0x000000000800c3d4       0x10 decoder/STM32F30x_decoder.o
                0x000000000800c3d4                TIM17_ARR_fields
 .rodata.CAN_F16R2_fields
                0x000000000800c3e4      0x108 decoder/STM32F30x_decoder.o
                0x000000000800c3e4                CAN_F16R2_fields
 .rodata.USART1_ICR_fields
                0x000000000800c4ec       0x68 decoder/STM32F30x_decoder.o
                0x000000000800c4ec                USART1_ICR_fields
 .rodata.NVIC_IPR6_fields
                0x000000000800c554       0x28 decoder/STM32F30x_decoder.o
                0x000000000800c554                NVIC_IPR6_fields
 .rodata.TIM15_CCMR1_Input_fields
                0x000000000800c57c       0x38 decoder/STM32F30x_decoder.o
                0x000000000800c57c                TIM15_CCMR1_Input_fields
 .rodata.DAC_DHR12R2_fields
                0x000000000800c5b4       0x10 decoder/STM32F30x_decoder.o
                0x000000000800c5b4                DAC_DHR12R2_fields
 .rodata.RCC_AHBENR_fields
                0x000000000800c5c4       0x78 decoder/STM32F30x_decoder.o
                0x000000000800c5c4                RCC_AHBENR_fields
 .rodata.RTC_BKP14R_fields
                0x000000000800c63c       0x10 decoder/STM32F30x_decoder.o
                0x000000000800c63c                RTC_BKP14R_fields
 .rodata.CAN_F20R1_fields
                0x000000000800c64c      0x108 decoder/STM32F30x_decoder.o
                0x000000000800c64c                CAN_F20R1_fields
 .rodata.CAN_F27R2_fields
                0x000000000800c754      0x108 decoder/STM32F30x_decoder.o
                0x000000000800c754                CAN_F27R2_fields
 .rodata.TIM6_SR_fields
                0x000000000800c85c       0x10 decoder/STM32F30x_decoder.o
                0x000000000800c85c                TIM6_SR_fields
 .rodata.RCC_CIR_fields
                0x000000000800c86c       0x90 decoder/STM32F30x_decoder.o
                0x000000000800c86c                RCC_CIR_fields
 .rodata.CAN_TDH1R_fields
                0x000000000800c8fc       0x28 decoder/STM32F30x_decoder.o
                0x000000000800c8fc                CAN_TDH1R_fields
 .rodata.NVIC_IPR9_fields
                0x000000000800c924       0x28 decoder/STM32F30x_decoder.o
                0x000000000800c924                NVIC_IPR9_fields
 .rodata.TIM8_CCER_fields
                0x000000000800c94c       0xa0 decoder/STM32F30x_decoder.o
                0x000000000800c94c                TIM8_CCER_fields
 .rodata.CAN_FFA1R_fields
                0x000000000800c9ec       0xe8 decoder/STM32F30x_decoder.o
                0x000000000800c9ec                CAN_FFA1R_fields
 .rodata.TIM17_registers